Archive member included to satisfy reference by file (symbol)

lib/libhpm_sdk_gcc_startup_lib.a(start.S.obj)
                              (--whole-archive)
lib/libhpm_sdk_gcc_startup_lib.a(initfini.c.obj)
                              (--whole-archive)
lib/libhpm_sdk_gcc_lib.a(reset.c.obj)
                              (--whole-archive)
lib/libhpm_sdk_gcc_lib.a(trap.c.obj)
                              (--whole-archive)
lib/libhpm_sdk_lib.a(hpm_l1c_drv.c.obj)
                              (--whole-archive)
lib/libhpm_sdk_lib.a(pinmux.c.obj)
                              (--whole-archive)
lib/libhpm_sdk_lib.a(board.c.obj)
                              (--whole-archive)
lib/libhpm_sdk_lib.a(system.c.obj)
                              (--whole-archive)
lib/libhpm_sdk_lib.a(hpm_sysctl_drv.c.obj)
                              (--whole-archive)
lib/libhpm_sdk_lib.a(hpm_clock_drv.c.obj)
                              (--whole-archive)
lib/libhpm_sdk_lib.a(hpm_otp_drv.c.obj)
                              (--whole-archive)
lib/libhpm_sdk_lib.a(hpm_trgm_soc_drv.c.obj)
                              (--whole-archive)
lib/libhpm_sdk_lib.a(hpm_bootheader.c.obj)
                              (--whole-archive)
lib/libhpm_sdk_lib.a(hpm_uart_drv.c.obj)
                              (--whole-archive)
lib/libhpm_sdk_lib.a(hpm_femc_drv.c.obj)
                              (--whole-archive)
lib/libhpm_sdk_lib.a(hpm_sdp_drv.c.obj)
                              (--whole-archive)
lib/libhpm_sdk_lib.a(hpm_i2c_drv.c.obj)
                              (--whole-archive)
lib/libhpm_sdk_lib.a(hpm_pmp_drv.c.obj)
                              (--whole-archive)
lib/libhpm_sdk_lib.a(hpm_mtg_drv.c.obj)
                              (--whole-archive)
lib/libhpm_sdk_lib.a(hpm_rng_drv.c.obj)
                              (--whole-archive)
lib/libhpm_sdk_lib.a(hpm_gpio_drv.c.obj)
                              (--whole-archive)
lib/libhpm_sdk_lib.a(hpm_spi_drv.c.obj)
                              (--whole-archive)
lib/libhpm_sdk_lib.a(hpm_gptmr_drv.c.obj)
                              (--whole-archive)
lib/libhpm_sdk_lib.a(hpm_pwmv2_drv.c.obj)
                              (--whole-archive)
lib/libhpm_sdk_lib.a(hpm_pllctlv2_drv.c.obj)
                              (--whole-archive)
lib/libhpm_sdk_lib.a(hpm_usb_drv.c.obj)
                              (--whole-archive)
lib/libhpm_sdk_lib.a(hpm_rtc_drv.c.obj)
                              (--whole-archive)
lib/libhpm_sdk_lib.a(hpm_acmp_drv.c.obj)
                              (--whole-archive)
lib/libhpm_sdk_lib.a(hpm_i2s_drv.c.obj)
                              (--whole-archive)
lib/libhpm_sdk_lib.a(hpm_dao_drv.c.obj)
                              (--whole-archive)
lib/libhpm_sdk_lib.a(hpm_pdm_drv.c.obj)
                              (--whole-archive)
lib/libhpm_sdk_lib.a(hpm_enet_drv.c.obj)
                              (--whole-archive)
lib/libhpm_sdk_lib.a(hpm_adc16_drv.c.obj)
                              (--whole-archive)
lib/libhpm_sdk_lib.a(hpm_pcfg_drv.c.obj)
                              (--whole-archive)
lib/libhpm_sdk_lib.a(hpm_ptpc_drv.c.obj)
                              (--whole-archive)
lib/libhpm_sdk_lib.a(hpm_mchtmr_drv.c.obj)
                              (--whole-archive)
lib/libhpm_sdk_lib.a(hpm_ffa_drv.c.obj)
                              (--whole-archive)
lib/libhpm_sdk_lib.a(hpm_tsns_drv.c.obj)
                              (--whole-archive)
lib/libhpm_sdk_lib.a(hpm_crc_drv.c.obj)
                              (--whole-archive)
lib/libhpm_sdk_lib.a(hpm_sdm_drv.c.obj)
                              (--whole-archive)
lib/libhpm_sdk_lib.a(hpm_mcan_drv.c.obj)
                              (--whole-archive)
lib/libhpm_sdk_lib.a(hpm_qeiv2_drv.c.obj)
                              (--whole-archive)
lib/libhpm_sdk_lib.a(hpm_enc_pos_drv.c.obj)
                              (--whole-archive)
lib/libhpm_sdk_lib.a(hpm_sei_drv.c.obj)
                              (--whole-archive)
lib/libhpm_sdk_lib.a(hpm_qeov2_drv.c.obj)
                              (--whole-archive)
lib/libhpm_sdk_lib.a(hpm_rdc_drv.c.obj)
                              (--whole-archive)
lib/libhpm_sdk_lib.a(hpm_dmav2_drv.c.obj)
                              (--whole-archive)
lib/libhpm_sdk_lib.a(hpm_ewdg_drv.c.obj)
                              (--whole-archive)
lib/libhpm_sdk_lib.a(hpm_plb_drv.c.obj)
                              (--whole-archive)
lib/libhpm_sdk_lib.a(hpm_tamp_drv.c.obj)
                              (--whole-archive)
lib/libhpm_sdk_lib.a(hpm_vsc_drv.c.obj)
                              (--whole-archive)
lib/libhpm_sdk_lib.a(hpm_clc_drv.c.obj)
                              (--whole-archive)
lib/libhpm_sdk_lib.a(hpm_esc_drv.c.obj)
                              (--whole-archive)
lib/libhpm_sdk_lib.a(hpm_ppi_drv.c.obj)
                              (--whole-archive)
lib/libhpm_sdk_lib.a(hpm_lobs_drv.c.obj)
                              (--whole-archive)
lib/libhpm_sdk_lib.a(hpm_tsw_drv.c.obj)
[...]
Memory Configuration

Name             Origin             Length             Attributes
XPI0             0x80000000         0x00800000         xr
ILM              0x00000000         0x00040000         xw
DLM              0x00200000         0x00040000         w
AXI_SRAM         0x01200000         0x00080000         xw
AXI_SRAM_NONCACHEABLE 0x01280000         0x00040000         xw
SHARE_RAM        0x012fc000         0x00004000         w
AHB_SRAM         0xf0200000         0x00008000         w
*default*        0x00000000         0xffffffff

Linker script and memory map

LOAD CMakeFiles/app.dir/src/RingBuffer.c.obj
LOAD CMakeFiles/app.dir/src/mac_table.c.obj
LOAD CMakeFiles/app.dir/src/main.c.obj
LOAD CMakeFiles/app.dir/src/tswLowLevel.c.obj
LOAD lib/libhpm_sdk_gcc_startup_lib.a
LOAD lib/libhpm_sdk_gcc_lib.a
LOAD lib/libhpm_sdk_lib.a
                0x00004000                        _heap_size = 0x4000
                0x00004000                        _stack_size = 0x4000
                0x00800000                        _flash_size = 0x800000
                0x02000000                        _extram_size = 0x2000000
LOAD D:/SEGGER/sdk1.9.0/toolchains/rv32imac_zicsr_zifencei_multilib_b_ext-win/bin/../lib/gcc/riscv32-unknown-elf/13.2.0/rv32imac_zicsr_zifencei_zba_zbb_zbc_zbs/ilp32\libgcc.a
LOAD D:/SEGGER/sdk1.9.0/toolchains/rv32imac_zicsr_zifencei_multilib_b_ext-win/bin/../lib/gcc/riscv32-unknown-elf/13.2.0/../../../../riscv32-unknown-elf/lib/rv32imac_zicsr_zifencei_zba_zbb_zbc_zbs/ilp32\libg_nano.a
LOAD D:/SEGGER/sdk1.9.0/toolchains/rv32imac_zicsr_zifencei_multilib_b_ext-win/bin/../lib/gcc/riscv32-unknown-elf/13.2.0/../../../../riscv32-unknown-elf/lib/rv32imac_zicsr_zifencei_zba_zbb_zbc_zbs/ilp32\libc_nano.a
LOAD D:/SEGGER/sdk1.9.0/toolchains/rv32imac_zicsr_zifencei_multilib_b_ext-win/bin/../lib/gcc/riscv32-unknown-elf/13.2.0/rv32imac_zicsr_zifencei_zba_zbb_zbc_zbs/ilp32\libgcc.a
START GROUP
LOAD D:/SEGGER/sdk1.9.0/toolchains/rv32imac_zicsr_zifencei_multilib_b_ext-win/bin/../lib/gcc/riscv32-unknown-elf/13.2.0/rv32imac_zicsr_zifencei_zba_zbb_zbc_zbs/ilp32\libgcc.a
LOAD D:/SEGGER/sdk1.9.0/toolchains/rv32imac_zicsr_zifencei_multilib_b_ext-win/bin/../lib/gcc/riscv32-unknown-elf/13.2.0/../../../../riscv32-unknown-elf/lib/rv32imac_zicsr_zifencei_zba_zbb_zbc_zbs/ilp32\libc_nano.a
LOAD D:/SEGGER/sdk1.9.0/toolchains/rv32imac_zicsr_zifencei_multilib_b_ext-win/bin/../lib/gcc/riscv32-unknown-elf/13.2.0/../../../../riscv32-unknown-elf/lib/rv32imac_zicsr_zifencei_zba_zbb_zbc_zbs/ilp32\libgloss_nano.a
END GROUP
                0x00004000                        STACK_SIZE = _stack_size
                0x00004000                        HEAP_SIZE = _heap_size
                0x80000400                        __nor_cfg_option_load_addr__ = (ORIGIN (XPI0) + 0x400)
                0x80001000                        __boot_header_load_addr__ = (ORIGIN (XPI0) + 0x1000)
                0x80003000                        __app_load_addr__ = (ORIGIN (XPI0) + 0x3000)
                0x00000090                        __boot_header_length__ = (__boot_header_end__ - __boot_header_start__)
                0x00002000                        __app_offset__ = (__app_load_addr__ - __boot_header_load_addr__)

.nor_cfg_option
                0x80000400       0x10
 *(.nor_cfg_option)
 .nor_cfg_option
                0x80000400       0x10 lib/libhpm_sdk_lib.a(board.c.obj)
                0x80000400                option

.boot_header    0x80001000       0x90
                0x80001000                        __boot_header_start__ = .
 *(.boot_header)
 .boot_header   0x80001000       0x10 lib/libhpm_sdk_lib.a(hpm_bootheader.c.obj)
                0x80001000                header
 *(.fw_info_table)
 .fw_info_table
                0x80001010       0x80 lib/libhpm_sdk_lib.a(hpm_bootheader.c.obj)
                0x80001010                fw_info
 *(.dc_info)
                0x80001090                        __boot_header_end__ = .

.start          0x80003000       0x4a
                0x80003000                        . = ALIGN (0x8)
 *(.start)
 .start         0x80003000       0x4a lib/libhpm_sdk_gcc_startup_lib.a(start.S.obj)
                0x80003000                _start
                0x80003048                exit
                0x8000304a                        __vector_load_addr__ = (ADDR (.start) + SIZEOF (.start))

.vectors        0x00000000      0xfa0 load address 0x8000304a
                0x00000000                        . = ALIGN (0x8)
                0x00000000                        __vector_ram_start__ = .
 *(.vector_table)
 .vector_table  0x00000000      0x28a lib/libhpm_sdk_gcc_startup_lib.a(start.S.obj)
                0x00000000                __vector_table
                0x00000288                default_isr_s_120
                0x00000288                default_isr_s_133
                0x00000288                default_isr_s_138
                0x00000288                default_isr_s_126
                0x00000288                default_isr_s_88
                0x00000288                default_isr_s_43
                0x00000288                default_isr_s_59
                0x00000288                default_isr_s_136
                0x00000288                default_isr_s_54
                0x00000288                default_isr_s_28
                0x00000288                default_isr_s_22
                0x00000288                default_isr_s_21
                0x00000288                default_isr_s_111
                0x00000288                default_isr_s_127
                0x00000288                default_isr_s_86
                0x00000288                default_isr_s_41
                0x00000288                default_isr_s_149
                0x00000288                default_isr_s_19
                0x00000288                default_isr_s_18
                0x00000288                default_isr_s_13
                0x00000288                default_isr_s_12
                0x00000288                default_isr_s_56
                0x00000288                default_isr_s_64
                0x00000288                default_isr_s_99
                0x00000288                default_isr_s_137
                0x00000288                default_isr_s_4
                0x00000288                default_isr_s_124
                0x00000288                default_isr_s_102
                0x00000288                default_isr_s_71
                0x00000288                default_isr_s_155
                0x00000288                default_isr_s_48
                0x00000288                default_isr_s_143
                0x00000288                default_isr_s_161
                0x00000288                default_isr_s_26
                0x00000288                default_isr_s_25
                0x00000288                default_isr_s_61
                0x00000288                default_isr_s_129
                0x00000288                default_isr_s_8
                0x00000288                default_isr_s_3
                0x00000288                default_isr_s_85
                0x00000288                default_isr_s_40
                0x00000288                default_isr_s_93
                0x00000288                default_isr_s_109
                0x00000288                default_isr_s_158
                0x00000288                default_isr_s_114
                0x00000288                default_isr_s_45
                0x00000288                default_isr_s_151
                0x00000288                default_isr_s_73
                0x00000288                default_isr_s_30
                0x00000288                default_isr_s_78
                0x00000288                default_isr_s_35
                0x00000288                default_isr_s_135
                0x00000288                default_isr_s_90
                0x00000288                default_isr_s_103
                0x00000288                default_isr_s_101
                0x00000288                default_isr_s_104
                0x00000288                default_isr_s_70
                0x00000288                default_isr_s_148
                0x00000288                default_isr_s_60
                0x00000288                default_isr_s_123
                0x00000288                default_isr_s_50
                0x00000288                default_isr_s_128
                0x00000288                default_isr_s_80
                0x00000288                default_isr_s_96
                0x00000288                default_isr_s_58
                0x00000288                default_isr_s_92
                0x00000288                default_isr_s_66
                0x00000288                default_isr_s_20
                0x00000288                default_isr_s_131
                0x00000288                default_isr_s_6
                0x00000288                default_isr_s_147
                0x00000288                default_isr_s_141
                0x00000288                default_isr_s_115
                0x00000288                default_isr_s_156
                0x00000288                default_isr_s_17
                0x00000288                default_isr_s_16
                0x00000288                default_isr_s_145
                0x00000288                default_isr_s_63
                0x00000288                default_isr_s_11
                0x00000288                default_isr_s_10
                0x00000288                default_isr_s_157
                0x00000288                default_isr_s_53
                0x00000288                default_isr_s_122
                0x00000288                default_isr_s_121
                0x00000288                default_isr_s_116
                0x00000288                default_isr_s_87
                0x00000288                default_isr_s_42
                0x00000288                default_isr_s_7
                0x00000288                default_isr_s_105
                0x00000288                default_isr_s_75
                0x00000288                default_isr_s_32
                0x00000288                default_isr_s_37
                0x00000288                default_isr_s_91
                0x00000288                default_isr_s_47
                0x00000288                default_isr_s_24
                0x00000288                default_isr_s_72
                0x00000288                default_isr_s_146
                0x00000288                default_isr_s_82
                0x00000288                default_isr_s_153
                0x00000288                default_isr_s_142
                0x00000288                default_isr_s_39
                0x00000288                default_isr_s_77
                0x00000288                default_isr_s_34
                0x00000288                default_isr_s_134
                0x00000288                default_isr_s_118
                0x00000288                default_isr_s_94
                0x00000288                default_isr_s_68
                0x00000288                default_isr_s_74
                0x00000288                default_isr_s_31
                0x00000288                default_isr_s_160
                0x00000288                default_isr_s_154
                0x00000288                default_isr_s_125
                0x00000288                default_isr_s_89
                0x00000288                default_isr_s_44
                0x00000288                default_isr_s_95
                0x00000288                default_isr_s_55
                0x00000288                default_isr_s_29
                0x00000288                default_isr_s_23
                0x00000288                default_isr_s_98
                0x00000288                default_isr_s_51
                0x00000288                default_isr_s_65
                0x00000288                default_isr_s_81
                0x00000288                default_isr_s_117
                0x00000288                default_isr_s_113
                0x00000288                default_isr_s_49
                0x00000288                default_isr_s_15
                0x00000288                default_isr_s_14
                0x00000288                default_isr_s_57
                0x00000288                default_isr_s_152
                0x00000288                default_isr_s_52
                0x00000288                default_irq_s_handler
                0x00000288                default_isr_s_9
                0x00000288                default_isr_s_140
                0x00000288                default_isr_s_108
                0x00000288                default_isr_s_2
                0x00000288                default_isr_s_107
                0x00000288                default_isr_s_132
                0x00000288                default_isr_s_100
                0x00000288                default_isr_s_79
                0x00000288                default_isr_s_36
                0x00000288                default_isr_s_84
                0x00000288                default_isr_s_144
                0x00000288                default_isr_s_27
                0x00000288                default_isr_s_69
                0x00000288                default_isr_s_110
                0x00000288                default_isr_s_62
                0x00000288                default_isr_s_76
                0x00000288                default_isr_s_33
                0x00000288                default_isr_s_139
                0x00000288                default_isr_s_1
                0x00000288                default_isr_s_112
                0x00000288                default_isr_s_46
                0x00000288                default_isr_s_38
                0x00000288                default_isr_s_97
                0x00000288                default_isr_s_130
                0x00000288                default_isr_s_5
                0x00000288                default_isr_s_67
                0x00000288                default_isr_s_150
                0x00000288                default_isr_s_119
                0x00000288                default_isr_s_106
                0x00000288                default_isr_s_159
                0x00000288                default_isr_s_83
 *(.isr_vector)
 *fill*         0x0000028a        0x2 
 .isr_vector    0x0000028c      0x484 CMakeFiles/app.dir/src/tswLowLevel.c.obj
                0x0000028c                isr_tsw_port_cpu
                0x00000670                default_isr_128
 .isr_vector    0x00000710        0x8 lib/libhpm_sdk_gcc_startup_lib.a(start.S.obj)
                0x00000710                nmi_handler
                0x00000714                default_isr_73
                0x00000714                default_isr_109
                0x00000714                default_isr_17
                0x00000714                default_isr_9
                0x00000714                default_isr_155
                0x00000714                default_isr_112
                0x00000714                default_isr_61
                0x00000714                default_isr_93
                0x00000714                default_isr_131
                0x00000714                default_isr_159
                0x00000714                default_isr_127
                0x00000714                default_isr_35
                0x00000714                default_isr_41
                0x00000714                default_isr_139
                0x00000714                default_isr_136
                0x00000714                default_isr_97
                0x00000714                default_isr_66
                0x00000714                default_isr_23
                0x00000714                default_isr_90
                0x00000714                default_isr_161
                0x00000714                default_isr_124
                0x00000714                default_isr_135
                0x00000714                default_isr_5
                0x00000714                default_isr_68
                0x00000714                default_isr_25
                0x00000714                default_isr_76
                0x00000714                default_isr_31
                0x00000714                default_isr_96
                0x00000714                default_isr_53
                0x00000714                default_isr_27
                0x00000714                default_isr_152
                0x00000714                default_isr_117
                0x00000714                default_isr_149
                0x00000714                default_isr_101
                0x00000714                default_isr_71
                0x00000714                default_isr_3
                0x00000714                default_isr_160
                0x00000714                default_isr_120
                0x00000714                default_isr_123
                0x00000714                default_isr_38
                0x00000714                default_isr_83
                0x00000714                default_isr_1
                0x00000714                default_isr_134
                0x00000714                default_isr_63
                0x00000714                default_isr_20
                0x00000714                default_isr_13
                0x00000714                default_isr_125
                0x00000714                default_isr_130
                0x00000714                default_isr_40
                0x00000714                default_isr_58
                0x00000714                default_isr_113
                0x00000714                default_isr_85
                0x00000714                default_isr_10
                0x00000714                default_isr_55
                0x00000714                default_isr_46
                0x00000714                default_isr_75
                0x00000714                default_isr_30
                0x00000714                default_isr_4
                0x00000714                default_isr_86
                0x00000714                default_isr_48
                0x00000714                default_isr_78
                0x00000714                default_isr_33
                0x00000714                default_isr_147
                0x00000714                default_isr_132
                0x00000714                default_isr_100
                0x00000714                default_isr_157
                0x00000714                default_isr_16
                0x00000714                default_isr_153
                0x00000714                default_isr_145
                0x00000714                default_isr_142
                0x00000714                default_isr_105
                0x00000714                default_isr_99
                0x00000714                default_isr_28
                0x00000714                default_isr_62
                0x00000714                default_isr_91
                0x00000714                default_isr_121
                0x00000714                default_isr_98
                0x00000714                default_isr_52
                0x00000714                default_isr_50
                0x00000714                default_isr_69
                0x00000714                default_isr_154
                0x00000714                default_isr_108
                0x00000714                default_isr_88
                0x00000714                default_isr_118
                0x00000714                default_isr_81
                0x00000714                default_isr_144
                0x00000714                default_isr_77
                0x00000714                default_isr_32
                0x00000714                default_isr_70
                0x00000714                default_isr_43
                0x00000714                default_isr_11
                0x00000714                default_isr_158
                0x00000714                default_isr_110
                0x00000714                default_isr_56
                0x00000714                default_isr_8
                0x00000714                default_isr_129
                0x00000714                default_isr_148
                0x00000714                default_irq_handler
                0x00000714                default_isr_151
                0x00000714                default_isr_116
                0x00000714                default_isr_119
                0x00000714                default_isr_60
                0x00000714                default_isr_107
                0x00000714                default_isr_49
                0x00000714                default_isr_137
                0x00000714                default_isr_111
                0x00000714                default_isr_84
                0x00000714                default_isr_143
                0x00000714                default_isr_140
                0x00000714                default_isr_106
                0x00000714                default_isr_72
                0x00000714                default_isr_103
                0x00000714                default_isr_2
                0x00000714                default_isr_74
                0x00000714                default_isr_47
                0x00000714                default_isr_6
                0x00000714                default_isr_122
                0x00000714                default_isr_150
                0x00000714                default_isr_115
                0x00000714                default_isr_18
                0x00000714                default_isr_156
                0x00000714                default_isr_87
                0x00000714                default_isr_65
                0x00000714                default_isr_22
                0x00000714                default_isr_42
                0x00000714                default_isr_94
                0x00000714                default_isr_79
                0x00000714                default_isr_34
                0x00000714                default_isr_36
                0x00000714                default_isr_67
                0x00000714                default_isr_24
                0x00000714                default_isr_95
                0x00000714                default_isr_19
                0x00000714                default_isr_29
                0x00000714                default_isr_114
                0x00000714                default_isr_15
                0x00000714                default_isr_133
                0x00000714                default_isr_51
                0x00000714                default_isr_92
                0x00000714                default_isr_126
                0x00000714                default_isr_80
                0x00000714                default_isr_37
                0x00000714                default_isr_102
                0x00000714                default_isr_39
                0x00000714                default_isr_82
                0x00000714                default_isr_138
                0x00000714                default_isr_89
                0x00000714                default_isr_7
                0x00000714                default_isr_12
                0x00000714                default_isr_44
                0x00000714                default_isr_57
                0x00000714                default_isr_64
                0x00000714                default_isr_21
                0x00000714                default_isr_14
                0x00000714                default_isr_59
                0x00000714                default_isr_146
                0x00000714                default_isr_54
                0x00000714                default_isr_45
                0x00000714                default_isr_141
                0x00000714                default_isr_104
 .isr_vector    0x00000718      0x15a lib/libhpm_sdk_gcc_lib.a(trap.c.obj)
                0x00000718                irq_handler_trap
 *fill*         0x00000872        0x2 
 .isr_vector    0x00000874       0xd8 lib/libhpm_sdk_lib.a(board.c.obj)
                0x00000874                board_timer_isr
                0x000008ac                default_isr_26
 *(.isr_vector.*)
 *(.vector_s_table)
 *fill*         0x0000094c      0x2b4 
 .vector_s_table
                0x00000c00      0x288 lib/libhpm_sdk_gcc_startup_lib.a(start.S.obj)
                0x00000c00                __vector_s_table
 *(.isr_s_vector)
 .isr_s_vector  0x00000e88      0x112 lib/libhpm_sdk_gcc_lib.a(trap.c.obj)
                0x00000e88                irq_handler_s_trap
 *(.isr_s_vector.*)
                0x00000fa0                        . = ALIGN (0x8)
 *fill*         0x00000f9a        0x6 
                0x00000fa0                        __vector_ram_end__ = .

.text           0x80003fea     0xd95e
                0x80003ff0                        . = ALIGN (0x8)
 *fill*         0x80003fea        0x6 
 *(.text)
 .text          0x80003ff0      0x350 D:/SEGGER/sdk1.9.0/toolchains/rv32imac_zicsr_zifencei_multilib_b_ext-win/bin/../lib/gcc/riscv32-unknown-elf/13.2.0/rv32imac_zicsr_zifencei_zba_zbb_zbc_zbs/ilp32\libgcc.a(_udivdi3.o)
                0x80003ff0                __udivdi3
 .text          0x80004340      0x31c D:/SEGGER/sdk1.9.0/toolchains/rv32imac_zicsr_zifencei_multilib_b_ext-win/bin/../lib/gcc/riscv32-unknown-elf/13.2.0/rv32imac_zicsr_zifencei_zba_zbb_zbc_zbs/ilp32\libgcc.a(_umoddi3.o)
                0x80004340                __umoddi3
 .text          0x8000465c      0x5dc D:/SEGGER/sdk1.9.0/toolchains/rv32imac_zicsr_zifencei_multilib_b_ext-win/bin/../lib/gcc/riscv32-unknown-elf/13.2.0/rv32imac_zicsr_zifencei_zba_zbb_zbc_zbs/ilp32\libgcc.a(adddf3.o)
                0x8000465c                __adddf3
 .text          0x80004c38      0x50a D:/SEGGER/sdk1.9.0/toolchains/rv32imac_zicsr_zifencei_multilib_b_ext-win/bin/../lib/gcc/riscv32-unknown-elf/13.2.0/rv32imac_zicsr_zifencei_zba_zbb_zbc_zbs/ilp32\libgcc.a(divdf3.o)
                0x80004c38                __divdf3
 .text          0x80005142       0x9a D:/SEGGER/sdk1.9.0/toolchains/rv32imac_zicsr_zifencei_multilib_b_ext-win/bin/../lib/gcc/riscv32-unknown-elf/13.2.0/rv32imac_zicsr_zifencei_zba_zbb_zbc_zbs/ilp32\libgcc.a(gedf2.o)
                0x80005142                __gedf2
                0x80005142                __gtdf2
 .text          0x800051dc       0x9a D:/SEGGER/sdk1.9.0/toolchains/rv32imac_zicsr_zifencei_multilib_b_ext-win/bin/../lib/gcc/riscv32-unknown-elf/13.2.0/rv32imac_zicsr_zifencei_zba_zbb_zbc_zbs/ilp32\libgcc.a(ledf2.o)
                0x800051dc                __ledf2
                0x800051dc                __ltdf2
 .text          0x80005276      0x446 D:/SEGGER/sdk1.9.0/toolchains/rv32imac_zicsr_zifencei_multilib_b_ext-win/bin/../lib/gcc/riscv32-unknown-elf/13.2.0/rv32imac_zicsr_zifencei_zba_zbb_zbc_zbs/ilp32\libgcc.a(muldf3.o)
                0x80005276                __muldf3
 .text          0x800056bc      0x5f0 D:/SEGGER/sdk1.9.0/toolchains/rv32imac_zicsr_zifencei_multilib_b_ext-win/bin/../lib/gcc/riscv32-unknown-elf/13.2.0/rv32imac_zicsr_zifencei_zba_zbb_zbc_zbs/ilp32\libgcc.a(subdf3.o)
                0x800056bc                __subdf3
 .text          0x80005cac       0x62 D:/SEGGER/sdk1.9.0/toolchains/rv32imac_zicsr_zifencei_multilib_b_ext-win/bin/../lib/gcc/riscv32-unknown-elf/13.2.0/rv32imac_zicsr_zifencei_zba_zbb_zbc_zbs/ilp32\libgcc.a(fixdfsi.o)
                0x80005cac                __fixdfsi
 .text          0x80005d0e       0x60 D:/SEGGER/sdk1.9.0/toolchains/rv32imac_zicsr_zifencei_multilib_b_ext-win/bin/../lib/gcc/riscv32-unknown-elf/13.2.0/rv32imac_zicsr_zifencei_zba_zbb_zbc_zbs/ilp32\libgcc.a(fixunsdfsi.o)
                0x80005d0e                __fixunsdfsi
 .text          0x80005d6e       0x42 D:/SEGGER/sdk1.9.0/toolchains/rv32imac_zicsr_zifencei_multilib_b_ext-win/bin/../lib/gcc/riscv32-unknown-elf/13.2.0/rv32imac_zicsr_zifencei_zba_zbb_zbc_zbs/ilp32\libgcc.a(floatunsidf.o)
                0x80005d6e                __floatunsidf
 .text          0x80005db0      0x218 D:/SEGGER/sdk1.9.0/toolchains/rv32imac_zicsr_zifencei_multilib_b_ext-win/bin/../lib/gcc/riscv32-unknown-elf/13.2.0/rv32imac_zicsr_zifencei_zba_zbb_zbc_zbs/ilp32\libgcc.a(divsf3.o)
                0x80005db0                __divsf3
 .text          0x80005fc8       0x76 D:/SEGGER/sdk1.9.0/toolchains/rv32imac_zicsr_zifencei_multilib_b_ext-win/bin/../lib/gcc/riscv32-unknown-elf/13.2.0/rv32imac_zicsr_zifencei_zba_zbb_zbc_zbs/ilp32\libgcc.a(gesf2.o)
                0x80005fc8                __gesf2
                0x80005fc8                __gtsf2
 .text          0x8000603e       0x76 D:/SEGGER/sdk1.9.0/toolchains/rv32imac_zicsr_zifencei_multilib_b_ext-win/bin/../lib/gcc/riscv32-unknown-elf/13.2.0/rv32imac_zicsr_zifencei_zba_zbb_zbc_zbs/ilp32\libgcc.a(lesf2.o)
                0x8000603e                __ltsf2
                0x8000603e                __lesf2
 .text          0x800060b4      0x2fa D:/SEGGER/sdk1.9.0/toolchains/rv32imac_zicsr_zifencei_multilib_b_ext-win/bin/../lib/gcc/riscv32-unknown-elf/13.2.0/rv32imac_zicsr_zifencei_zba_zbb_zbc_zbs/ilp32\libgcc.a(subsf3.o)
                0x800060b4                __subsf3
 .text          0x800063ae       0x5a D:/SEGGER/sdk1.9.0/toolchains/rv32imac_zicsr_zifencei_multilib_b_ext-win/bin/../lib/gcc/riscv32-unknown-elf/13.2.0/rv32imac_zicsr_zifencei_zba_zbb_zbc_zbs/ilp32\libgcc.a(fixunssfsi.o)
                0x800063ae                __fixunssfsi
 .text          0x80006408       0x9c D:/SEGGER/sdk1.9.0/toolchains/rv32imac_zicsr_zifencei_multilib_b_ext-win/bin/../lib/gcc/riscv32-unknown-elf/13.2.0/rv32imac_zicsr_zifencei_zba_zbb_zbc_zbs/ilp32\libgcc.a(floatsisf.o)
                0x80006408                __floatsisf
 .text          0x800064a4       0x88 D:/SEGGER/sdk1.9.0/toolchains/rv32imac_zicsr_zifencei_multilib_b_ext-win/bin/../lib/gcc/riscv32-unknown-elf/13.2.0/rv32imac_zicsr_zifencei_zba_zbb_zbc_zbs/ilp32\libgcc.a(floatunsisf.o)
                0x800064a4                __floatunsisf
 .text          0x8000652c      0x112 D:/SEGGER/sdk1.9.0/toolchains/rv32imac_zicsr_zifencei_multilib_b_ext-win/bin/../lib/gcc/riscv32-unknown-elf/13.2.0/rv32imac_zicsr_zifencei_zba_zbb_zbc_zbs/ilp32\libgcc.a(truncdfsf2.o)
                0x8000652c                __truncdfsf2
 .text          0x8000663e       0x28 D:/SEGGER/sdk1.9.0/toolchains/rv32imac_zicsr_zifencei_multilib_b_ext-win/bin/../lib/gcc/riscv32-unknown-elf/13.2.0/rv32imac_zicsr_zifencei_zba_zbb_zbc_zbs/ilp32\libgcc.a(_lshrdi3.o)
                0x8000663e                __lshrdi3
 .text          0x80006666       0x28 D:/SEGGER/sdk1.9.0/toolchains/rv32imac_zicsr_zifencei_multilib_b_ext-win/bin/../lib/gcc/riscv32-unknown-elf/13.2.0/rv32imac_zicsr_zifencei_zba_zbb_zbc_zbs/ilp32\libgcc.a(_ashldi3.o)
                0x80006666                __ashldi3
 .text          0x8000668e       0x16 D:/SEGGER/sdk1.9.0/toolchains/rv32imac_zicsr_zifencei_multilib_b_ext-win/bin/../lib/gcc/riscv32-unknown-elf/13.2.0/../../../../riscv32-unknown-elf/lib/rv32imac_zicsr_zifencei_zba_zbb_zbc_zbs/ilp32\libg_nano.a(lib_a-memcpy-asm.o)
                0x8000668e                memcpy
 .text          0x800066a4       0x10 D:/SEGGER/sdk1.9.0/toolchains/rv32imac_zicsr_zifencei_multilib_b_ext-win/bin/../lib/gcc/riscv32-unknown-elf/13.2.0/../../../../riscv32-unknown-elf/lib/rv32imac_zicsr_zifencei_zba_zbb_zbc_zbs/ilp32\libg_nano.a(lib_a-memset.o)
                0x800066a4                memset
 .text          0x800066b4       0x26 D:/SEGGER/sdk1.9.0/toolchains/rv32imac_zicsr_zifencei_multilib_b_ext-win/bin/../lib/gcc/riscv32-unknown-elf/13.2.0/../../../../riscv32-unknown-elf/lib/rv32imac_zicsr_zifencei_zba_zbb_zbc_zbs/ilp32\libg_nano.a(lib_a-memmove.o)
                0x800066b4                memmove
 .text          0x800066da       0x6a D:/SEGGER/sdk1.9.0/toolchains/rv32imac_zicsr_zifencei_multilib_b_ext-win/bin/../lib/gcc/riscv32-unknown-elf/13.2.0/rv32imac_zicsr_zifencei_zba_zbb_zbc_zbs/ilp32\libgcc.a(eqdf2.o)
                0x800066da                __nedf2
                0x800066da                __eqdf2
 .text          0x80006744       0x38 D:/SEGGER/sdk1.9.0/toolchains/rv32imac_zicsr_zifencei_multilib_b_ext-win/bin/../lib/gcc/riscv32-unknown-elf/13.2.0/rv32imac_zicsr_zifencei_zba_zbb_zbc_zbs/ilp32\libgcc.a(unorddf2.o)
                0x80006744                __unorddf2
 .text          0x8000677c       0x54 D:/SEGGER/sdk1.9.0/toolchains/rv32imac_zicsr_zifencei_multilib_b_ext-win/bin/../lib/gcc/riscv32-unknown-elf/13.2.0/rv32imac_zicsr_zifencei_zba_zbb_zbc_zbs/ilp32\libgcc.a(floatsidf.o)
                0x8000677c                __floatsidf
 .text          0x800067d0       0x98 D:/SEGGER/sdk1.9.0/toolchains/rv32imac_zicsr_zifencei_multilib_b_ext-win/bin/../lib/gcc/riscv32-unknown-elf/13.2.0/rv32imac_zicsr_zifencei_zba_zbb_zbc_zbs/ilp32\libgcc.a(fixdfdi.o)
                0x800067d0                __fixdfdi
 .text          0x80006868      0x154 D:/SEGGER/sdk1.9.0/toolchains/rv32imac_zicsr_zifencei_multilib_b_ext-win/bin/../lib/gcc/riscv32-unknown-elf/13.2.0/rv32imac_zicsr_zifencei_zba_zbb_zbc_zbs/ilp32\libgcc.a(floatdidf.o)
                0x80006868                __floatdidf
 .text          0x800069bc      0x152 D:/SEGGER/sdk1.9.0/toolchains/rv32imac_zicsr_zifencei_multilib_b_ext-win/bin/../lib/gcc/riscv32-unknown-elf/13.2.0/rv32imac_zicsr_zifencei_zba_zbb_zbc_zbs/ilp32\libgcc.a(extenddftf2.o)
                0x800069bc                __extenddftf2
 .text          0x80006b0e      0x240 D:/SEGGER/sdk1.9.0/toolchains/rv32imac_zicsr_zifencei_multilib_b_ext-win/bin/../lib/gcc/riscv32-unknown-elf/13.2.0/rv32imac_zicsr_zifencei_zba_zbb_zbc_zbs/ilp32\libgcc.a(trunctfdf2.o)
                0x80006b0e                __trunctfdf2
 *(.text*)
 .text.htonl    0x80006d4e       0x34 CMakeFiles/app.dir/src/RingBuffer.c.obj
 .text.ntohl    0x80006d82       0x14 CMakeFiles/app.dir/src/RingBuffer.c.obj
 .text.ByteRingBuf_IsEmpty
                0x80006d96       0x26 CMakeFiles/app.dir/src/RingBuffer.c.obj
                0x80006d96                ByteRingBuf_IsEmpty
 .text.ByteRingBuf_ActualSize
                0x80006dbc       0x34 CMakeFiles/app.dir/src/RingBuffer.c.obj
                0x80006dbc                ByteRingBuf_ActualSize
 .text.ByteRingBuf_FreeSize
                0x80006df0       0x30 CMakeFiles/app.dir/src/RingBuffer.c.obj
                0x80006df0                ByteRingBuf_FreeSize
 .text.ByteRingBuf_TryWrite
                0x80006e20       0xc8 CMakeFiles/app.dir/src/RingBuffer.c.obj
                0x80006e20                ByteRingBuf_TryWrite
 .text.ByteRingBuf_FlashTryWrite
                0x80006ee8       0x18 CMakeFiles/app.dir/src/RingBuffer.c.obj
                0x80006ee8                ByteRingBuf_FlashTryWrite
 .text.ByteRingBuf_RestoreTryRead
                0x80006f00       0x18 CMakeFiles/app.dir/src/RingBuffer.c.obj
                0x80006f00                ByteRingBuf_RestoreTryRead
 .text.ByteRingBuf_Write
                0x80006f18       0x22 CMakeFiles/app.dir/src/RingBuffer.c.obj
                0x80006f18                ByteRingBuf_Write
 .text.ByteRingBuf_TryRead
                0x80006f3a       0xc8 CMakeFiles/app.dir/src/RingBuffer.c.obj
                0x80006f3a                ByteRingBuf_TryRead
 .text.ByteRingBuf_FlashTryRead
                0x80007002       0x18 CMakeFiles/app.dir/src/RingBuffer.c.obj
                0x80007002                ByteRingBuf_FlashTryRead
 .text.ByteRingBuf_Read
                0x8000701a       0x22 CMakeFiles/app.dir/src/RingBuffer.c.obj
                0x8000701a                ByteRingBuf_Read
 .text.ByteRingBuf_WriteFrame
                0x8000703c       0x76 CMakeFiles/app.dir/src/RingBuffer.c.obj
                0x8000703c                ByteRingBuf_WriteFrame
 .text.ByteRingBuf_ReadFrame
                0x800070b2       0x94 CMakeFiles/app.dir/src/RingBuffer.c.obj
                0x800070b2                ByteRingBuf_ReadFrame
 .text.mchtmr_get_count
                0x80007146       0x12 CMakeFiles/app.dir/src/mac_table.c.obj
 .text.mac_cpy  0x80007158       0x1a CMakeFiles/app.dir/src/main.c.obj
                0x80007158                mac_cpy
 .text.DATA_MAKE
                0x80007172      0x14a CMakeFiles/app.dir/src/main.c.obj
                0x80007172                DATA_MAKE
 .text.main     0x800072bc       0x98 CMakeFiles/app.dir/src/main.c.obj
                0x800072bc                main
 .text.tsw_config_send_port
                0x80007354       0x4e CMakeFiles/app.dir/src/tswLowLevel.c.obj
                0x80007354                tsw_config_send_port
 .text.tsw_self_adaptive_port_speed
                0x800073a2      0x3a0 CMakeFiles/app.dir/src/tswLowLevel.c.obj
                0x800073a2                tsw_self_adaptive_port_speed
 .text.reset_tsw_phy_port1
                0x80007742       0x5c CMakeFiles/app.dir/src/tswLowLevel.c.obj
                0x80007742                reset_tsw_phy_port1
 .text.reset_tsw_phy_port2
                0x8000779e       0x5c CMakeFiles/app.dir/src/tswLowLevel.c.obj
                0x8000779e                reset_tsw_phy_port2
 .text.reset_tsw_phy_port3
                0x800077fa       0x5c CMakeFiles/app.dir/src/tswLowLevel.c.obj
                0x800077fa                reset_tsw_phy_port3
 .text.sys_timer_callback
                0x80007856       0x34 CMakeFiles/app.dir/src/tswLowLevel.c.obj
                0x80007856                sys_timer_callback
 .text.tsw_init
                0x8000788a      0x2dc CMakeFiles/app.dir/src/tswLowLevel.c.obj
                0x8000788a                tsw_init
 .text.tsw_get_link_status
                0x80007b66       0x66 CMakeFiles/app.dir/src/tswLowLevel.c.obj
                0x80007b66                tsw_get_link_status
 .text.Bsp_InitTsw
                0x80007bcc      0x12a CMakeFiles/app.dir/src/tswLowLevel.c.obj
                0x80007bcc                Bsp_InitTsw
 .text.Bsp_GetTswMacAddr
                0x80007cf6       0x1a CMakeFiles/app.dir/src/tswLowLevel.c.obj
                0x80007cf6                Bsp_GetTswMacAddr
 .text.__libc_init_array
                0x80007d10       0x6e lib/libhpm_sdk_gcc_startup_lib.a(initfini.c.obj)
                0x80007d10                __libc_init_array
 .text._clean_up
                0x80007d7e       0xaa lib/libhpm_sdk_gcc_lib.a(reset.c.obj)
                0x80007d7e                _clean_up
 .text.c_startup
                0x80007e28      0x23a lib/libhpm_sdk_gcc_lib.a(reset.c.obj)
                0x80007e28                c_startup
 .text.reset_handler
                0x80008062       0x18 lib/libhpm_sdk_gcc_lib.a(reset.c.obj)
                0x80008062                reset_handler
 .text._init    0x8000807a        0x4 lib/libhpm_sdk_gcc_lib.a(reset.c.obj)
                0x8000807a                _init
 .text.mchtmr_isr
                0x8000807e        0x4 lib/libhpm_sdk_gcc_lib.a(trap.c.obj)
                0x8000807e                mchtmr_isr
 .text.swi_isr  0x80008082        0x4 lib/libhpm_sdk_gcc_lib.a(trap.c.obj)
                0x80008082                swi_isr
 .text.syscall_handler
                0x80008086       0x12 lib/libhpm_sdk_gcc_lib.a(trap.c.obj)
                0x80008086                syscall_handler
 .text.exception_handler
                0x80008098       0x2c lib/libhpm_sdk_gcc_lib.a(trap.c.obj)
                0x80008098                exception_handler
 .text.exception_s_handler
                0x800080c4        0xe lib/libhpm_sdk_gcc_lib.a(trap.c.obj)
                0x800080c4                exception_s_handler
 .text.swi_s_isr
                0x800080d2        0x4 lib/libhpm_sdk_gcc_lib.a(trap.c.obj)
                0x800080d2                swi_s_isr
 .text.mchtmr_s_isr
                0x800080d6        0x4 lib/libhpm_sdk_gcc_lib.a(trap.c.obj)
                0x800080d6                mchtmr_s_isr
 .text.l1c_dc_enable
                0x800080da       0x34 lib/libhpm_sdk_lib.a(hpm_l1c_drv.c.obj)
                0x800080da                l1c_dc_enable
 .text.l1c_ic_enable
                0x8000810e       0x2e lib/libhpm_sdk_lib.a(hpm_l1c_drv.c.obj)
                0x8000810e                l1c_ic_enable
 .text.l1c_dc_invalidate_all
                0x8000813c       0x18 lib/libhpm_sdk_lib.a(hpm_l1c_drv.c.obj)
                0x8000813c                l1c_dc_invalidate_all
 .text.l1c_dc_enable_writearound
                0x80008154        0xa lib/libhpm_sdk_lib.a(hpm_l1c_drv.c.obj)
                0x80008154                l1c_dc_enable_writearound
 .text.init_uart_pins
                0x8000815e       0xcc lib/libhpm_sdk_lib.a(pinmux.c.obj)
                0x8000815e                init_uart_pins
 .text.init_tsw_pins
                0x8000822a      0x220 lib/libhpm_sdk_lib.a(pinmux.c.obj)
                0x8000822a                init_tsw_pins
 .text.sysctl_clock_set_preset
                0x8000844a       0x28 lib/libhpm_sdk_lib.a(board.c.obj)
 .text.gptmr_enable_irq
                0x80008472       0x1c lib/libhpm_sdk_lib.a(board.c.obj)
 .text.gptmr_check_status
                0x8000848e       0x24 lib/libhpm_sdk_lib.a(board.c.obj)
 .text.gptmr_clear_status
                0x800084b2       0x14 lib/libhpm_sdk_lib.a(board.c.obj)
 .text.gptmr_channel_is_opmode
                0x800084c6       0x2e lib/libhpm_sdk_lib.a(board.c.obj)
 .text.gptmr_start_counter
                0x800084f4       0x5a lib/libhpm_sdk_lib.a(board.c.obj)
 .text.gpio_write_pin
                0x8000854e       0x52 lib/libhpm_sdk_lib.a(board.c.obj)
 .text.gpio_set_pin_input
                0x800085a0       0x2c lib/libhpm_sdk_lib.a(board.c.obj)
 .text.pllctlv2_xtal_set_rampup_time
                0x800085cc       0x26 lib/libhpm_sdk_lib.a(board.c.obj)
 .text.board_init_console
                0x800085f2       0x62 lib/libhpm_sdk_lib.a(board.c.obj)
                0x800085f2                board_init_console
 .text.board_init
                0x80008654       0x12 lib/libhpm_sdk_lib.a(board.c.obj)
                0x80008654                board_init
 .text.board_delay_ms
                0x80008666       0x14 lib/libhpm_sdk_lib.a(board.c.obj)
                0x80008666                board_delay_ms
 .text.board_timer_create
                0x8000867a       0xf2 lib/libhpm_sdk_lib.a(board.c.obj)
                0x8000867a                board_timer_create
 .text.board_init_pmp
                0x8000876c      0x22a lib/libhpm_sdk_lib.a(board.c.obj)
                0x8000876c                board_init_pmp
 .text.board_init_clock
                0x80008996      0x57a lib/libhpm_sdk_lib.a(board.c.obj)
                0x80008996                board_init_clock
 .text.board_init_tsw
                0x80008f10       0x5e lib/libhpm_sdk_lib.a(board.c.obj)
                0x80008f10                board_init_tsw
 .text.board_tsw_phy_set
                0x80008f6e       0x72 lib/libhpm_sdk_lib.a(board.c.obj)
                0x80008f6e                board_tsw_phy_set
 .text.enable_plic_feature
                0x80008fe0       0x2c lib/libhpm_sdk_lib.a(system.c.obj)
                0x80008fe0                enable_plic_feature
 .text.system_init
                0x8000900c       0x54 lib/libhpm_sdk_lib.a(system.c.obj)
                0x8000900c                system_init
 .text.sysctl_resource_target_is_busy
                0x80009060       0x24 lib/libhpm_sdk_lib.a(hpm_sysctl_drv.c.obj)
 .text.sysctl_clock_target_is_busy
                0x80009084       0x28 lib/libhpm_sdk_lib.a(hpm_sysctl_drv.c.obj)
 .text.sysctl_enable_group_resource
                0x800090ac       0xfa lib/libhpm_sdk_lib.a(hpm_sysctl_drv.c.obj)
                0x800090ac                sysctl_enable_group_resource
 .text.sysctl_config_clock
                0x800091a6       0x82 lib/libhpm_sdk_lib.a(hpm_sysctl_drv.c.obj)
                0x800091a6                sysctl_config_clock
 .text.hpm_csr_get_core_cycle
                0x80009228       0x7a lib/libhpm_sdk_lib.a(hpm_clock_drv.c.obj)
 .text.clock_get_frequency
                0x800092a2       0xb6 lib/libhpm_sdk_lib.a(hpm_clock_drv.c.obj)
                0x800092a2                clock_get_frequency
 .text.get_frequency_for_source
                0x80009358       0xae lib/libhpm_sdk_lib.a(hpm_clock_drv.c.obj)
                0x80009358                get_frequency_for_source
 .text.get_frequency_for_ip_in_common_group
                0x80009406       0x64 lib/libhpm_sdk_lib.a(hpm_clock_drv.c.obj)
 .text.get_frequency_for_adc
                0x8000946a       0x7e lib/libhpm_sdk_lib.a(hpm_clock_drv.c.obj)
 .text.get_frequency_for_i2s
                0x800094e8       0x56 lib/libhpm_sdk_lib.a(hpm_clock_drv.c.obj)
 .text.get_frequency_for_ewdg
                0x8000953e       0x36 lib/libhpm_sdk_lib.a(hpm_clock_drv.c.obj)
 .text.get_frequency_for_pewdg
                0x80009574       0x28 lib/libhpm_sdk_lib.a(hpm_clock_drv.c.obj)
 .text.clock_set_source_divider
                0x8000959c       0xd6 lib/libhpm_sdk_lib.a(hpm_clock_drv.c.obj)
                0x8000959c                clock_set_source_divider
 .text.clock_add_to_group
                0x80009672       0x34 lib/libhpm_sdk_lib.a(hpm_clock_drv.c.obj)
                0x80009672                clock_add_to_group
 .text.clock_connect_group_to_cpu
                0x800096a6       0x2c lib/libhpm_sdk_lib.a(hpm_clock_drv.c.obj)
                0x800096a6                clock_connect_group_to_cpu
 .text.clock_get_core_clock_ticks_per_ms
                0x800096d2       0x32 lib/libhpm_sdk_lib.a(hpm_clock_drv.c.obj)
                0x800096d2                clock_get_core_clock_ticks_per_ms
 .text.clock_cpu_delay_ms
                0x80009704       0x94 lib/libhpm_sdk_lib.a(hpm_clock_drv.c.obj)
                0x80009704                clock_cpu_delay_ms
 .text.clock_update_core_clock
                0x80009798       0x3a lib/libhpm_sdk_lib.a(hpm_clock_drv.c.obj)
                0x80009798                clock_update_core_clock
 .text.uart_modem_config
                0x800097d2       0x3c lib/libhpm_sdk_lib.a(hpm_uart_drv.c.obj)
 .text.uart_disable_irq
                0x8000980e       0x1c lib/libhpm_sdk_lib.a(hpm_uart_drv.c.obj)
 .text.uart_enable_irq
                0x8000982a       0x18 lib/libhpm_sdk_lib.a(hpm_uart_drv.c.obj)
 .text.uart_default_config
                0x80009842       0x94 lib/libhpm_sdk_lib.a(hpm_uart_drv.c.obj)
                0x80009842                uart_default_config
 .text.uart_calculate_baudrate
                0x800098d6      0x1c4 lib/libhpm_sdk_lib.a(hpm_uart_drv.c.obj)
 .text.uart_init
                0x80009a9a      0x1b8 lib/libhpm_sdk_lib.a(hpm_uart_drv.c.obj)
                0x80009a9a                uart_init
 .text.uart_send_byte
                0x80009c52       0x4e lib/libhpm_sdk_lib.a(hpm_uart_drv.c.obj)
                0x80009c52                uart_send_byte
 .text.uart_flush
                0x80009ca0       0x40 lib/libhpm_sdk_lib.a(hpm_uart_drv.c.obj)
                0x80009ca0                uart_flush
 .text.uart_receive_byte
                0x80009ce0       0x4e lib/libhpm_sdk_lib.a(hpm_uart_drv.c.obj)
                0x80009ce0                uart_receive_byte
 .text.uart_init_rxline_idle_detection
                0x80009d2e       0x60 lib/libhpm_sdk_lib.a(hpm_uart_drv.c.obj)
                0x80009d2e                uart_init_rxline_idle_detection
 .text.read_pmp_cfg
                0x80009d8e       0x6e lib/libhpm_sdk_lib.a(hpm_pmp_drv.c.obj)
                0x80009d8e                read_pmp_cfg
 .text.write_pmp_cfg
                0x80009dfc       0x5c lib/libhpm_sdk_lib.a(hpm_pmp_drv.c.obj)
                0x80009dfc                write_pmp_cfg
 .text.write_pmp_addr
                0x80009e58       0xaa lib/libhpm_sdk_lib.a(hpm_pmp_drv.c.obj)
                0x80009e58                write_pmp_addr
 .text.read_pma_cfg
                0x80009f02       0x6e lib/libhpm_sdk_lib.a(hpm_pmp_drv.c.obj)
                0x80009f02                read_pma_cfg
 .text.write_pma_cfg
                0x80009f70       0x5c lib/libhpm_sdk_lib.a(hpm_pmp_drv.c.obj)
                0x80009f70                write_pma_cfg
 .text.write_pma_addr
                0x80009fcc       0xaa lib/libhpm_sdk_lib.a(hpm_pmp_drv.c.obj)
                0x80009fcc                write_pma_addr
 .text.pmp_config
                0x8000a076       0xda lib/libhpm_sdk_lib.a(hpm_pmp_drv.c.obj)
                0x8000a076                pmp_config
 .text.gpio_set_pin_output_with_initial
                0x8000a150       0x6e lib/libhpm_sdk_lib.a(hpm_gpio_drv.c.obj)
                0x8000a150                gpio_set_pin_output_with_initial
 .text.gptmr_channel_reset_count
                0x8000a1be       0x4a lib/libhpm_sdk_lib.a(hpm_gptmr_drv.c.obj)
 .text.gptmr_channel_set_capmode
                0x8000a208       0x36 lib/libhpm_sdk_lib.a(hpm_gptmr_drv.c.obj)
 .text.gptmr_update_cmp
                0x8000a23e       0x42 lib/libhpm_sdk_lib.a(hpm_gptmr_drv.c.obj)
 .text.gptmr_channel_config_update_reload
                0x8000a280       0x32 lib/libhpm_sdk_lib.a(hpm_gptmr_drv.c.obj)
 .text.gptmr_channel_enable_monitor
                0x8000a2b2       0x2c lib/libhpm_sdk_lib.a(hpm_gptmr_drv.c.obj)
 .text.gptmr_channel_disable_monitor
                0x8000a2de       0x2e lib/libhpm_sdk_lib.a(hpm_gptmr_drv.c.obj)
 .text.gptmr_channel_set_monitor_type
                0x8000a30c       0x3e lib/libhpm_sdk_lib.a(hpm_gptmr_drv.c.obj)
 .text.gptmr_channel_get_default_config
                0x8000a34a       0x94 lib/libhpm_sdk_lib.a(hpm_gptmr_drv.c.obj)
                0x8000a34a                gptmr_channel_get_default_config
 .text.gptmr_channel_config
                0x8000a3de      0x180 lib/libhpm_sdk_lib.a(hpm_gptmr_drv.c.obj)
                0x8000a3de                gptmr_channel_config
 .text.gptmr_channel_get_default_monitor_config
                0x8000a55e       0x1e lib/libhpm_sdk_lib.a(hpm_gptmr_drv.c.obj)
                0x8000a55e                gptmr_channel_get_default_monitor_config
 .text.gptmr_channel_monitor_config
                0x8000a57c       0xb6 lib/libhpm_sdk_lib.a(hpm_gptmr_drv.c.obj)
                0x8000a57c                gptmr_channel_monitor_config
 .text.pllctlv2_get_pll_freq_in_hz
                0x8000a632       0xd0 lib/libhpm_sdk_lib.a(hpm_pllctlv2_drv.c.obj)
                0x8000a632                pllctlv2_get_pll_freq_in_hz
 .text.pllctlv2_get_pll_postdiv_freq_in_hz
                0x8000a702       0xb0 lib/libhpm_sdk_lib.a(hpm_pllctlv2_drv.c.obj)
                0x8000a702                pllctlv2_get_pll_postdiv_freq_in_hz
 .text.pcfg_dcdc_set_voltage
                0x8000a7b2       0x48 lib/libhpm_sdk_lib.a(hpm_pcfg_drv.c.obj)
                0x8000a7b2                pcfg_dcdc_set_voltage
 .text.tsw_send_frame_setup
                0x8000a7fa       0x6e lib/libhpm_sdk_lib.a(hpm_tsw_drv.c.obj)
 .text.tsw_get_default_dma_config
                0x8000a868       0x1e lib/libhpm_sdk_lib.a(hpm_tsw_drv.c.obj)
                0x8000a868                tsw_get_default_dma_config
 .text.tsw_ep_set_mdio_config
                0x8000a886       0x34 lib/libhpm_sdk_lib.a(hpm_tsw_drv.c.obj)
                0x8000a886                tsw_ep_set_mdio_config
 .text.tsw_ep_mdio_read
                0x8000a8ba       0x8a lib/libhpm_sdk_lib.a(hpm_tsw_drv.c.obj)
                0x8000a8ba                tsw_ep_mdio_read
 .text.tsw_ep_mdio_write
                0x8000a944       0x80 lib/libhpm_sdk_lib.a(hpm_tsw_drv.c.obj)
                0x8000a944                tsw_ep_mdio_write
 .text.tsw_ep_enable_mac_ctrl
                0x8000a9c4       0x50 lib/libhpm_sdk_lib.a(hpm_tsw_drv.c.obj)
                0x8000a9c4                tsw_ep_enable_mac_ctrl
 .text.tsw_ep_disable_mac_ctrl
                0x8000aa14       0x76 lib/libhpm_sdk_lib.a(hpm_tsw_drv.c.obj)
                0x8000aa14                tsw_ep_disable_mac_ctrl
 .text.tsw_ep_enable_all_mac_ctrl
                0x8000aa8a       0x3a lib/libhpm_sdk_lib.a(hpm_tsw_drv.c.obj)
                0x8000aa8a                tsw_ep_enable_all_mac_ctrl
 .text.tsw_ep_disable_all_mac_ctrl
                0x8000aac4       0x3a lib/libhpm_sdk_lib.a(hpm_tsw_drv.c.obj)
                0x8000aac4                tsw_ep_disable_all_mac_ctrl
 .text.tsw_ep_set_mac_addr
                0x8000aafe       0xb4 lib/libhpm_sdk_lib.a(hpm_tsw_drv.c.obj)
                0x8000aafe                tsw_ep_set_mac_addr
 .text.tsw_ep_set_mac_mode
                0x8000abb2       0x6c lib/libhpm_sdk_lib.a(hpm_tsw_drv.c.obj)
                0x8000abb2                tsw_ep_set_mac_mode
 .text.tsw_ep_set_xmac_mode
                0x8000ac1e       0x82 lib/libhpm_sdk_lib.a(hpm_tsw_drv.c.obj)
                0x8000ac1e                tsw_ep_set_xmac_mode
 .text.tsw_init_send
                0x8000aca0       0xd0 lib/libhpm_sdk_lib.a(hpm_tsw_drv.c.obj)
                0x8000aca0                tsw_init_send
 .text.tsw_send_frame
                0x8000ad70       0x3c lib/libhpm_sdk_lib.a(hpm_tsw_drv.c.obj)
                0x8000ad70                tsw_send_frame
 .text.tsw_init_recv
                0x8000adac       0xf4 lib/libhpm_sdk_lib.a(hpm_tsw_drv.c.obj)
                0x8000adac                tsw_init_recv
 .text.tsw_recv_frame
                0x8000aea0       0x76 lib/libhpm_sdk_lib.a(hpm_tsw_drv.c.obj)
                0x8000aea0                tsw_recv_frame
 .text.tsw_commit_recv_desc
                0x8000af16       0x70 lib/libhpm_sdk_lib.a(hpm_tsw_drv.c.obj)
                0x8000af16                tsw_commit_recv_desc
 .text.tsw_set_cam_vlan_port
                0x8000af86       0x1e lib/libhpm_sdk_lib.a(hpm_tsw_drv.c.obj)
                0x8000af86                tsw_set_cam_vlan_port
 .text.tsw_port_gpr
                0x8000afa4       0x92 lib/libhpm_sdk_lib.a(hpm_tsw_drv.c.obj)
                0x8000afa4                tsw_port_gpr
 .text.tsw_set_port_clock_delay
                0x8000b036       0x8a lib/libhpm_sdk_lib.a(hpm_tsw_drv.c.obj)
                0x8000b036                tsw_set_port_clock_delay
 .text.tsw_set_port_speed
                0x8000b0c0      0x144 lib/libhpm_sdk_lib.a(hpm_tsw_drv.c.obj)
                0x8000b0c0                tsw_set_port_speed
 .text.tsw_set_broadcast_frame_action
                0x8000b204       0x2a lib/libhpm_sdk_lib.a(hpm_tsw_drv.c.obj)
                0x8000b204                tsw_set_broadcast_frame_action
 .text.tsw_set_unknown_frame_action
                0x8000b22e       0x2a lib/libhpm_sdk_lib.a(hpm_tsw_drv.c.obj)
                0x8000b22e                tsw_set_unknown_frame_action
 .text.tsw_clear_cam
                0x8000b258       0x22 lib/libhpm_sdk_lib.a(hpm_tsw_drv.c.obj)
                0x8000b258                tsw_clear_cam
 .text.tsw_set_rtc_time_increment
                0x8000b27a       0x1c lib/libhpm_sdk_lib.a(hpm_tsw_drv.c.obj)
                0x8000b27a                tsw_set_rtc_time_increment
 .text.tsw_fpe_enable_mms
                0x8000b296       0x3a lib/libhpm_sdk_lib.a(hpm_tsw_drv.c.obj)
                0x8000b296                tsw_fpe_enable_mms
 .text.tsw_fpe_get_default_mms_ctrl_config
                0x8000b2d0       0x3c lib/libhpm_sdk_lib.a(hpm_tsw_drv.c.obj)
                0x8000b2d0                tsw_fpe_get_default_mms_ctrl_config
 .text.tsw_fpe_set_mms_ctrl
                0x8000b30c      0x142 lib/libhpm_sdk_lib.a(hpm_tsw_drv.c.obj)
                0x8000b30c                tsw_fpe_set_mms_ctrl
 .text._sbrk    0x8000b44e       0x78 lib/libhpm_sdk_lib.a(hpm_sbrk.c.obj)
                0x8000b44e                _sbrk
 .text.yt8531_check_id
                0x8000b4c6       0x6c lib/libhpm_sdk_lib.a(hpm_yt8531.c.obj)
 .text.yt8531_reset
                0x8000b532       0x54 lib/libhpm_sdk_lib.a(hpm_yt8531.c.obj)
                0x8000b532                yt8531_reset
 .text.yt8531_basic_mode_default_config
                0x8000b586       0x1a lib/libhpm_sdk_lib.a(hpm_yt8531.c.obj)
                0x8000b586                yt8531_basic_mode_default_config
 .text.yt8531_basic_mode_init
                0x8000b5a0      0x100 lib/libhpm_sdk_lib.a(hpm_yt8531.c.obj)
                0x8000b5a0                yt8531_basic_mode_init
 .text.yt8531_get_phy_status
                0x8000b6a0       0x8c lib/libhpm_sdk_lib.a(hpm_yt8531.c.obj)
                0x8000b6a0                yt8531_get_phy_status
 .text.console_init
                0x8000b72c       0x72 lib/libhpm_sdk_lib.a(hpm_debug_console.c.obj)
                0x8000b72c                console_init
 .text._write   0x8000b79e       0x80 lib/libhpm_sdk_lib.a(hpm_debug_console.c.obj)
                0x8000b79e                _write
 .text._read    0x8000b81e       0x2a lib/libhpm_sdk_lib.a(hpm_debug_console.c.obj)
                0x8000b81e                _read
 .text._fstat   0x8000b848       0x14 lib/libhpm_sdk_lib.a(hpm_debug_console.c.obj)
                0x8000b848                _fstat
 .text.__assert_func
                0x8000b85c       0x3c D:/SEGGER/sdk1.9.0/toolchains/rv32imac_zicsr_zifencei_multilib_b_ext-win/bin/../lib/gcc/riscv32-unknown-elf/13.2.0/../../../../riscv32-unknown-elf/lib/rv32imac_zicsr_zifencei_zba_zbb_zbc_zbs/ilp32\libg_nano.a(lib_a-assert.o)
                0x8000b85c                __assert_func
 .text.__errno  0x8000b898        0x6 D:/SEGGER/sdk1.9.0/toolchains/rv32imac_zicsr_zifencei_multilib_b_ext-win/bin/../lib/gcc/riscv32-unknown-elf/13.2.0/../../../../riscv32-unknown-elf/lib/rv32imac_zicsr_zifencei_zba_zbb_zbc_zbs/ilp32\libg_nano.a(lib_a-errno.o)
                0x8000b898                __errno
 .text.fprintf  0x8000b89e       0x26 D:/SEGGER/sdk1.9.0/toolchains/rv32imac_zicsr_zifencei_multilib_b_ext-win/bin/../lib/gcc/riscv32-unknown-elf/13.2.0/../../../../riscv32-unknown-elf/lib/rv32imac_zicsr_zifencei_zba_zbb_zbc_zbs/ilp32\libg_nano.a(lib_a-fprintf.o)
                0x8000b89e                fiprintf
                0x8000b89e                fprintf
 .text.memcmp   0x8000b8c4       0x26 D:/SEGGER/sdk1.9.0/toolchains/rv32imac_zicsr_zifencei_multilib_b_ext-win/bin/../lib/gcc/riscv32-unknown-elf/13.2.0/../../../../riscv32-unknown-elf/lib/rv32imac_zicsr_zifencei_zba_zbb_zbc_zbs/ilp32\libg_nano.a(lib_a-memcmp.o)
                0x8000b8c4                memcmp
 .text.__cvt    0x8000b8ea       0xee D:/SEGGER/sdk1.9.0/toolchains/rv32imac_zicsr_zifencei_multilib_b_ext-win/bin/../lib/gcc/riscv32-unknown-elf/13.2.0/../../../../riscv32-unknown-elf/lib/rv32imac_zicsr_zifencei_zba_zbb_zbc_zbs/ilp32\libg_nano.a(lib_a-nano-vfprintf_float.o)
                0x8000b8ea                __cvt
 .text.__exponent
                0x8000b9d8       0x9c D:/SEGGER/sdk1.9.0/toolchains/rv32imac_zicsr_zifencei_multilib_b_ext-win/bin/../lib/gcc/riscv32-unknown-elf/13.2.0/../../../../riscv32-unknown-elf/lib/rv32imac_zicsr_zifencei_zba_zbb_zbc_zbs/ilp32\libg_nano.a(lib_a-nano-vfprintf_float.o)
                0x8000b9d8                __exponent
 .text._printf_float
                0x8000ba74      0x4ae D:/SEGGER/sdk1.9.0/toolchains/rv32imac_zicsr_zifencei_multilib_b_ext-win/bin/../lib/gcc/riscv32-unknown-elf/13.2.0/../../../../riscv32-unknown-elf/lib/rv32imac_zicsr_zifencei_zba_zbb_zbc_zbs/ilp32\libg_nano.a(lib_a-nano-vfprintf_float.o)
                0x8000ba74                _printf_float
 .text._printf_common
                0x8000bf22      0x108 D:/SEGGER/sdk1.9.0/toolchains/rv32imac_zicsr_zifencei_multilib_b_ext-win/bin/../lib/gcc/riscv32-unknown-elf/13.2.0/../../../../riscv32-unknown-elf/lib/rv32imac_zicsr_zifencei_zba_zbb_zbc_zbs/ilp32\libg_nano.a(lib_a-nano-vfprintf_i.o)
                0x8000bf22                _printf_common
 .text._printf_i
                0x8000c02a      0x25c D:/SEGGER/sdk1.9.0/toolchains/rv32imac_zicsr_zifencei_multilib_b_ext-win/bin/../lib/gcc/riscv32-unknown-elf/13.2.0/../../../../riscv32-unknown-elf/lib/rv32imac_zicsr_zifencei_zba_zbb_zbc_zbs/ilp32\libg_nano.a(lib_a-nano-vfprintf_i.o)
                0x8000c02a                _printf_i
 .text.__sfputc_r
                0x8000c286       0x2a D:/SEGGER/sdk1.9.0/toolchains/rv32imac_zicsr_zifencei_multilib_b_ext-win/bin/../lib/gcc/riscv32-unknown-elf/13.2.0/../../../../riscv32-unknown-elf/lib/rv32imac_zicsr_zifencei_zba_zbb_zbc_zbs/ilp32\libg_nano.a(lib_a-nano-vfprintf.o)
 .text.__sfputs_r
                0x8000c2b0       0x44 D:/SEGGER/sdk1.9.0/toolchains/rv32imac_zicsr_zifencei_multilib_b_ext-win/bin/../lib/gcc/riscv32-unknown-elf/13.2.0/../../../../riscv32-unknown-elf/lib/rv32imac_zicsr_zifencei_zba_zbb_zbc_zbs/ilp32\libg_nano.a(lib_a-nano-vfprintf.o)
                0x8000c2b0                __sfputs_r
 .text._vfprintf_r
                0x8000c2f4      0x2a4 D:/SEGGER/sdk1.9.0/toolchains/rv32imac_zicsr_zifencei_multilib_b_ext-win/bin/../lib/gcc/riscv32-unknown-elf/13.2.0/../../../../riscv32-unknown-elf/lib/rv32imac_zicsr_zifencei_zba_zbb_zbc_zbs/ilp32\libg_nano.a(lib_a-nano-vfprintf.o)
                0x8000c2f4                _vfprintf_r
                0x8000c2f4                _vfiprintf_r
 .text._scanf_float
                0x8000c598      0x480 D:/SEGGER/sdk1.9.0/toolchains/rv32imac_zicsr_zifencei_multilib_b_ext-win/bin/../lib/gcc/riscv32-unknown-elf/13.2.0/../../../../riscv32-unknown-elf/lib/rv32imac_zicsr_zifencei_zba_zbb_zbc_zbs/ilp32\libg_nano.a(lib_a-nano-vfscanf_float.o)
                0x8000c598                _scanf_float
 .text.printf   0x8000ca18       0x3c D:/SEGGER/sdk1.9.0/toolchains/rv32imac_zicsr_zifencei_multilib_b_ext-win/bin/../lib/gcc/riscv32-unknown-elf/13.2.0/../../../../riscv32-unknown-elf/lib/rv32imac_zicsr_zifencei_zba_zbb_zbc_zbs/ilp32\libg_nano.a(lib_a-printf.o)
                0x8000ca18                iprintf
                0x8000ca18                printf
 .text.nanf     0x8000ca54        0xa D:/SEGGER/sdk1.9.0/toolchains/rv32imac_zicsr_zifencei_multilib_b_ext-win/bin/../lib/gcc/riscv32-unknown-elf/13.2.0/../../../../riscv32-unknown-elf/lib/rv32imac_zicsr_zifencei_zba_zbb_zbc_zbs/ilp32\libg_nano.a(lib_a-sf_nan.o)
                0x8000ca54                nanf
 .text.sprintf  0x8000ca5e       0x42 D:/SEGGER/sdk1.9.0/toolchains/rv32imac_zicsr_zifencei_multilib_b_ext-win/bin/../lib/gcc/riscv32-unknown-elf/13.2.0/../../../../riscv32-unknown-elf/lib/rv32imac_zicsr_zifencei_zba_zbb_zbc_zbs/ilp32\libg_nano.a(lib_a-sprintf.o)
                0x8000ca5e                siprintf
                0x8000ca5e                sprintf
 .text.strlen   0x8000caa0       0x12 D:/SEGGER/sdk1.9.0/toolchains/rv32imac_zicsr_zifencei_multilib_b_ext-win/bin/../lib/gcc/riscv32-unknown-elf/13.2.0/../../../../riscv32-unknown-elf/lib/rv32imac_zicsr_zifencei_zba_zbb_zbc_zbs/ilp32\libg_nano.a(lib_a-strlen.o)
                0x8000caa0                strlen
 .text.sulp     0x8000cab2       0x50 D:/SEGGER/sdk1.9.0/toolchains/rv32imac_zicsr_zifencei_multilib_b_ext-win/bin/../lib/gcc/riscv32-unknown-elf/13.2.0/../../../../riscv32-unknown-elf/lib/rv32imac_zicsr_zifencei_zba_zbb_zbc_zbs/ilp32\libg_nano.a(lib_a-strtod.o)
 .text._strtod_l
                0x8000cb02      0xc5c D:/SEGGER/sdk1.9.0/toolchains/rv32imac_zicsr_zifencei_multilib_b_ext-win/bin/../lib/gcc/riscv32-unknown-elf/13.2.0/../../../../riscv32-unknown-elf/lib/rv32imac_zicsr_zifencei_zba_zbb_zbc_zbs/ilp32\libg_nano.a(lib_a-strtod.o)
                0x8000cb02                _strtod_l
 .text._strtod_r
                0x8000d75e        0xc D:/SEGGER/sdk1.9.0/toolchains/rv32imac_zicsr_zifencei_multilib_b_ext-win/bin/../lib/gcc/riscv32-unknown-elf/13.2.0/../../../../riscv32-unknown-elf/lib/rv32imac_zicsr_zifencei_zba_zbb_zbc_zbs/ilp32\libg_nano.a(lib_a-strtod.o)
                0x8000d75e                _strtod_r
 .text._strtol_l.isra.0
                0x8000d76a      0x136 D:/SEGGER/sdk1.9.0/toolchains/rv32imac_zicsr_zifencei_multilib_b_ext-win/bin/../lib/gcc/riscv32-unknown-elf/13.2.0/../../../../riscv32-unknown-elf/lib/rv32imac_zicsr_zifencei_zba_zbb_zbc_zbs/ilp32\libg_nano.a(lib_a-strtol.o)
 .text._strtol_r
                0x8000d8a0        0x4 D:/SEGGER/sdk1.9.0/toolchains/rv32imac_zicsr_zifencei_multilib_b_ext-win/bin/../lib/gcc/riscv32-unknown-elf/13.2.0/../../../../riscv32-unknown-elf/lib/rv32imac_zicsr_zifencei_zba_zbb_zbc_zbs/ilp32\libg_nano.a(lib_a-strtol.o)
                0x8000d8a0                _strtol_r
 .text.__swbuf_r
                0x8000d8a4       0xc6 D:/SEGGER/sdk1.9.0/toolchains/rv32imac_zicsr_zifencei_multilib_b_ext-win/bin/../lib/gcc/riscv32-unknown-elf/13.2.0/../../../../riscv32-unknown-elf/lib/rv32imac_zicsr_zifencei_zba_zbb_zbc_zbs/ilp32\libg_nano.a(lib_a-wbuf.o)
                0x8000d8a4                __swbuf_r
 .text.__swsetup_r
                0x8000d96a      0x102 D:/SEGGER/sdk1.9.0/toolchains/rv32imac_zicsr_zifencei_multilib_b_ext-win/bin/../lib/gcc/riscv32-unknown-elf/13.2.0/../../../../riscv32-unknown-elf/lib/rv32imac_zicsr_zifencei_zba_zbb_zbc_zbs/ilp32\libg_nano.a(lib_a-wsetup.o)
                0x8000d96a                __swsetup_r
 .text.abort    0x8000da6c       0x10 D:/SEGGER/sdk1.9.0/toolchains/rv32imac_zicsr_zifencei_multilib_b_ext-win/bin/../lib/gcc/riscv32-unknown-elf/13.2.0/../../../../riscv32-unknown-elf/lib/rv32imac_zicsr_zifencei_zba_zbb_zbc_zbs/ilp32\libg_nano.a(lib_a-abort.o)
                0x8000da6c                abort
 .text.quorem   0x8000da7c      0x12c D:/SEGGER/sdk1.9.0/toolchains/rv32imac_zicsr_zifencei_multilib_b_ext-win/bin/../lib/gcc/riscv32-unknown-elf/13.2.0/../../../../riscv32-unknown-elf/lib/rv32imac_zicsr_zifencei_zba_zbb_zbc_zbs/ilp32\libg_nano.a(lib_a-dtoa.o)
 .text._dtoa_r  0x8000dba8      0xc1a D:/SEGGER/sdk1.9.0/toolchains/rv32imac_zicsr_zifencei_multilib_b_ext-win/bin/../lib/gcc/riscv32-unknown-elf/13.2.0/../../../../riscv32-unknown-elf/lib/rv32imac_zicsr_zifencei_zba_zbb_zbc_zbs/ilp32\libg_nano.a(lib_a-dtoa.o)
                0x8000dba8                _dtoa_r
 .text.__sflush_r
                0x8000e7c2      0x13a D:/SEGGER/sdk1.9.0/toolchains/rv32imac_zicsr_zifencei_multilib_b_ext-win/bin/../lib/gcc/riscv32-unknown-elf/13.2.0/../../../../riscv32-unknown-elf/lib/rv32imac_zicsr_zifencei_zba_zbb_zbc_zbs/ilp32\libg_nano.a(lib_a-fflush.o)
                0x8000e7c2                __sflush_r
 .text._fflush_r
                0x8000e8fc       0x66 D:/SEGGER/sdk1.9.0/toolchains/rv32imac_zicsr_zifencei_multilib_b_ext-win/bin/../lib/gcc/riscv32-unknown-elf/13.2.0/../../../../riscv32-unknown-elf/lib/rv32imac_zicsr_zifencei_zba_zbb_zbc_zbs/ilp32\libg_nano.a(lib_a-fflush.o)
                0x8000e8fc                _fflush_r
 .text.std      0x8000e962       0x6a D:/SEGGER/sdk1.9.0/toolchains/rv32imac_zicsr_zifencei_multilib_b_ext-win/bin/../lib/gcc/riscv32-unknown-elf/13.2.0/../../../../riscv32-unknown-elf/lib/rv32imac_zicsr_zifencei_zba_zbb_zbc_zbs/ilp32\libg_nano.a(lib_a-findfp.o)
 .text._cleanup_r
                0x8000e9cc        0xa D:/SEGGER/sdk1.9.0/toolchains/rv32imac_zicsr_zifencei_multilib_b_ext-win/bin/../lib/gcc/riscv32-unknown-elf/13.2.0/../../../../riscv32-unknown-elf/lib/rv32imac_zicsr_zifencei_zba_zbb_zbc_zbs/ilp32\libg_nano.a(lib_a-findfp.o)
                0x8000e9cc                _cleanup_r
 .text.__sfmoreglue
                0x8000e9d6       0x48 D:/SEGGER/sdk1.9.0/toolchains/rv32imac_zicsr_zifencei_multilib_b_ext-win/bin/../lib/gcc/riscv32-unknown-elf/13.2.0/../../../../riscv32-unknown-elf/lib/rv32imac_zicsr_zifencei_zba_zbb_zbc_zbs/ilp32\libg_nano.a(lib_a-findfp.o)
                0x8000e9d6                __sfmoreglue
 .text.__sinit  0x8000ea1e       0x70 D:/SEGGER/sdk1.9.0/toolchains/rv32imac_zicsr_zifencei_multilib_b_ext-win/bin/../lib/gcc/riscv32-unknown-elf/13.2.0/../../../../riscv32-unknown-elf/lib/rv32imac_zicsr_zifencei_zba_zbb_zbc_zbs/ilp32\libg_nano.a(lib_a-findfp.o)
                0x8000ea1e                __sinit
 .text.__sfp    0x8000ea8e       0xa2 D:/SEGGER/sdk1.9.0/toolchains/rv32imac_zicsr_zifencei_multilib_b_ext-win/bin/../lib/gcc/riscv32-unknown-elf/13.2.0/../../../../riscv32-unknown-elf/lib/rv32imac_zicsr_zifencei_zba_zbb_zbc_zbs/ilp32\libg_nano.a(lib_a-findfp.o)
                0x8000ea8e                __sfp
 .text._fwalk_reent
                0x8000eb30       0x6a D:/SEGGER/sdk1.9.0/toolchains/rv32imac_zicsr_zifencei_multilib_b_ext-win/bin/../lib/gcc/riscv32-unknown-elf/13.2.0/../../../../riscv32-unknown-elf/lib/rv32imac_zicsr_zifencei_zba_zbb_zbc_zbs/ilp32\libg_nano.a(lib_a-fwalk.o)
                0x8000eb30                _fwalk_reent
 .text.rshift   0x8000eb9a       0xb2 D:/SEGGER/sdk1.9.0/toolchains/rv32imac_zicsr_zifencei_multilib_b_ext-win/bin/../lib/gcc/riscv32-unknown-elf/13.2.0/../../../../riscv32-unknown-elf/lib/rv32imac_zicsr_zifencei_zba_zbb_zbc_zbs/ilp32\libg_nano.a(lib_a-gdtoa-gethex.o)
 .text.__hexdig_fun
                0x8000ec4c       0x42 D:/SEGGER/sdk1.9.0/toolchains/rv32imac_zicsr_zifencei_multilib_b_ext-win/bin/../lib/gcc/riscv32-unknown-elf/13.2.0/../../../../riscv32-unknown-elf/lib/rv32imac_zicsr_zifencei_zba_zbb_zbc_zbs/ilp32\libg_nano.a(lib_a-gdtoa-gethex.o)
                0x8000ec4c                __hexdig_fun
 .text.__gethex
                0x8000ec8e      0x4d4 D:/SEGGER/sdk1.9.0/toolchains/rv32imac_zicsr_zifencei_multilib_b_ext-win/bin/../lib/gcc/riscv32-unknown-elf/13.2.0/../../../../riscv32-unknown-elf/lib/rv32imac_zicsr_zifencei_zba_zbb_zbc_zbs/ilp32\libg_nano.a(lib_a-gdtoa-gethex.o)
                0x8000ec8e                __gethex
 .text.L_shift  0x8000f162       0x2a D:/SEGGER/sdk1.9.0/toolchains/rv32imac_zicsr_zifencei_multilib_b_ext-win/bin/../lib/gcc/riscv32-unknown-elf/13.2.0/../../../../riscv32-unknown-elf/lib/rv32imac_zicsr_zifencei_zba_zbb_zbc_zbs/ilp32\libg_nano.a(lib_a-gdtoa-hexnan.o)
 .text.__match  0x8000f18c       0x30 D:/SEGGER/sdk1.9.0/toolchains/rv32imac_zicsr_zifencei_multilib_b_ext-win/bin/../lib/gcc/riscv32-unknown-elf/13.2.0/../../../../riscv32-unknown-elf/lib/rv32imac_zicsr_zifencei_zba_zbb_zbc_zbs/ilp32\libg_nano.a(lib_a-gdtoa-hexnan.o)
                0x8000f18c                __match
 .text.__hexnan
                0x8000f1bc      0x176 D:/SEGGER/sdk1.9.0/toolchains/rv32imac_zicsr_zifencei_multilib_b_ext-win/bin/../lib/gcc/riscv32-unknown-elf/13.2.0/../../../../riscv32-unknown-elf/lib/rv32imac_zicsr_zifencei_zba_zbb_zbc_zbs/ilp32\libg_nano.a(lib_a-gdtoa-hexnan.o)
                0x8000f1bc                __hexnan
 .text._localeconv_r
                0x8000f332        0x6 D:/SEGGER/sdk1.9.0/toolchains/rv32imac_zicsr_zifencei_multilib_b_ext-win/bin/../lib/gcc/riscv32-unknown-elf/13.2.0/../../../../riscv32-unknown-elf/lib/rv32imac_zicsr_zifencei_zba_zbb_zbc_zbs/ilp32\libg_nano.a(lib_a-localeconv.o)
                0x8000f332                _localeconv_r
 .text.__swhatbuf_r
                0x8000f338       0x5c D:/SEGGER/sdk1.9.0/toolchains/rv32imac_zicsr_zifencei_multilib_b_ext-win/bin/../lib/gcc/riscv32-unknown-elf/13.2.0/../../../../riscv32-unknown-elf/lib/rv32imac_zicsr_zifencei_zba_zbb_zbc_zbs/ilp32\libg_nano.a(lib_a-makebuf.o)
                0x8000f338                __swhatbuf_r
 .text.__smakebuf_r
                0x8000f394       0xac D:/SEGGER/sdk1.9.0/toolchains/rv32imac_zicsr_zifencei_multilib_b_ext-win/bin/../lib/gcc/riscv32-unknown-elf/13.2.0/../../../../riscv32-unknown-elf/lib/rv32imac_zicsr_zifencei_zba_zbb_zbc_zbs/ilp32\libg_nano.a(lib_a-makebuf.o)
                0x8000f394                __smakebuf_r
 .text.malloc   0x8000f440        0xa D:/SEGGER/sdk1.9.0/toolchains/rv32imac_zicsr_zifencei_multilib_b_ext-win/bin/../lib/gcc/riscv32-unknown-elf/13.2.0/../../../../riscv32-unknown-elf/lib/rv32imac_zicsr_zifencei_zba_zbb_zbc_zbs/ilp32\libg_nano.a(lib_a-malloc.o)
                0x8000f440                malloc
 .text.__ascii_mbtowc
                0x8000f44a       0x3a D:/SEGGER/sdk1.9.0/toolchains/rv32imac_zicsr_zifencei_multilib_b_ext-win/bin/../lib/gcc/riscv32-unknown-elf/13.2.0/../../../../riscv32-unknown-elf/lib/rv32imac_zicsr_zifencei_zba_zbb_zbc_zbs/ilp32\libg_nano.a(lib_a-mbtowc_r.o)
                0x8000f44a                __ascii_mbtowc
 .text.memchr   0x8000f484       0x1a D:/SEGGER/sdk1.9.0/toolchains/rv32imac_zicsr_zifencei_multilib_b_ext-win/bin/../lib/gcc/riscv32-unknown-elf/13.2.0/../../../../riscv32-unknown-elf/lib/rv32imac_zicsr_zifencei_zba_zbb_zbc_zbs/ilp32\libg_nano.a(lib_a-memchr.o)
                0x8000f484                memchr
 .text._Balloc  0x8000f49e       0xaa D:/SEGGER/sdk1.9.0/toolchains/rv32imac_zicsr_zifencei_multilib_b_ext-win/bin/../lib/gcc/riscv32-unknown-elf/13.2.0/../../../../riscv32-unknown-elf/lib/rv32imac_zicsr_zifencei_zba_zbb_zbc_zbs/ilp32\libg_nano.a(lib_a-mprec.o)
                0x8000f49e                _Balloc
 .text._Bfree   0x8000f548       0x60 D:/SEGGER/sdk1.9.0/toolchains/rv32imac_zicsr_zifencei_multilib_b_ext-win/bin/../lib/gcc/riscv32-unknown-elf/13.2.0/../../../../riscv32-unknown-elf/lib/rv32imac_zicsr_zifencei_zba_zbb_zbc_zbs/ilp32\libg_nano.a(lib_a-mprec.o)
                0x8000f548                _Bfree
 .text.__multadd
                0x8000f5a8       0xba D:/SEGGER/sdk1.9.0/toolchains/rv32imac_zicsr_zifencei_multilib_b_ext-win/bin/../lib/gcc/riscv32-unknown-elf/13.2.0/../../../../riscv32-unknown-elf/lib/rv32imac_zicsr_zifencei_zba_zbb_zbc_zbs/ilp32\libg_nano.a(lib_a-mprec.o)
                0x8000f5a8                __multadd
 .text.__s2b    0x8000f662       0xc2 D:/SEGGER/sdk1.9.0/toolchains/rv32imac_zicsr_zifencei_multilib_b_ext-win/bin/../lib/gcc/riscv32-unknown-elf/13.2.0/../../../../riscv32-unknown-elf/lib/rv32imac_zicsr_zifencei_zba_zbb_zbc_zbs/ilp32\libg_nano.a(lib_a-mprec.o)
                0x8000f662                __s2b
 .text.__hi0bits
                0x8000f724       0x46 D:/SEGGER/sdk1.9.0/toolchains/rv32imac_zicsr_zifencei_multilib_b_ext-win/bin/../lib/gcc/riscv32-unknown-elf/13.2.0/../../../../riscv32-unknown-elf/lib/rv32imac_zicsr_zifencei_zba_zbb_zbc_zbs/ilp32\libg_nano.a(lib_a-mprec.o)
                0x8000f724                __hi0bits
 .text.__lo0bits
                0x8000f76a       0x68 D:/SEGGER/sdk1.9.0/toolchains/rv32imac_zicsr_zifencei_multilib_b_ext-win/bin/../lib/gcc/riscv32-unknown-elf/13.2.0/../../../../riscv32-unknown-elf/lib/rv32imac_zicsr_zifencei_zba_zbb_zbc_zbs/ilp32\libg_nano.a(lib_a-mprec.o)
                0x8000f76a                __lo0bits
 .text.__i2b    0x8000f7d2       0x38 D:/SEGGER/sdk1.9.0/toolchains/rv32imac_zicsr_zifencei_multilib_b_ext-win/bin/../lib/gcc/riscv32-unknown-elf/13.2.0/../../../../riscv32-unknown-elf/lib/rv32imac_zicsr_zifencei_zba_zbb_zbc_zbs/ilp32\libg_nano.a(lib_a-mprec.o)
                0x8000f7d2                __i2b
 .text.__multiply
                0x8000f80a      0x178 D:/SEGGER/sdk1.9.0/toolchains/rv32imac_zicsr_zifencei_multilib_b_ext-win/bin/../lib/gcc/riscv32-unknown-elf/13.2.0/../../../../riscv32-unknown-elf/lib/rv32imac_zicsr_zifencei_zba_zbb_zbc_zbs/ilp32\libg_nano.a(lib_a-mprec.o)
                0x8000f80a                __multiply
 .text.__pow5mult
                0x8000f982       0xda D:/SEGGER/sdk1.9.0/toolchains/rv32imac_zicsr_zifencei_multilib_b_ext-win/bin/../lib/gcc/riscv32-unknown-elf/13.2.0/../../../../riscv32-unknown-elf/lib/rv32imac_zicsr_zifencei_zba_zbb_zbc_zbs/ilp32\libg_nano.a(lib_a-mprec.o)
                0x8000f982                __pow5mult
 .text.__lshift
                0x8000fa5c      0x102 D:/SEGGER/sdk1.9.0/toolchains/rv32imac_zicsr_zifencei_multilib_b_ext-win/bin/../lib/gcc/riscv32-unknown-elf/13.2.0/../../../../riscv32-unknown-elf/lib/rv32imac_zicsr_zifencei_zba_zbb_zbc_zbs/ilp32\libg_nano.a(lib_a-mprec.o)
                0x8000fa5c                __lshift
 .text.__mcmp   0x8000fb5e       0x36 D:/SEGGER/sdk1.9.0/toolchains/rv32imac_zicsr_zifencei_multilib_b_ext-win/bin/../lib/gcc/riscv32-unknown-elf/13.2.0/../../../../riscv32-unknown-elf/lib/rv32imac_zicsr_zifencei_zba_zbb_zbc_zbs/ilp32\libg_nano.a(lib_a-mprec.o)
                0x8000fb5e                __mcmp
 .text.__mdiff  0x8000fb94      0x16a D:/SEGGER/sdk1.9.0/toolchains/rv32imac_zicsr_zifencei_multilib_b_ext-win/bin/../lib/gcc/riscv32-unknown-elf/13.2.0/../../../../riscv32-unknown-elf/lib/rv32imac_zicsr_zifencei_zba_zbb_zbc_zbs/ilp32\libg_nano.a(lib_a-mprec.o)
                0x8000fb94                __mdiff
 .text.__ulp    0x8000fcfe       0x44 D:/SEGGER/sdk1.9.0/toolchains/rv32imac_zicsr_zifencei_multilib_b_ext-win/bin/../lib/gcc/riscv32-unknown-elf/13.2.0/../../../../riscv32-unknown-elf/lib/rv32imac_zicsr_zifencei_zba_zbb_zbc_zbs/ilp32\libg_nano.a(lib_a-mprec.o)
                0x8000fcfe                __ulp
 .text.__b2d    0x8000fd42       0xb6 D:/SEGGER/sdk1.9.0/toolchains/rv32imac_zicsr_zifencei_multilib_b_ext-win/bin/../lib/gcc/riscv32-unknown-elf/13.2.0/../../../../riscv32-unknown-elf/lib/rv32imac_zicsr_zifencei_zba_zbb_zbc_zbs/ilp32\libg_nano.a(lib_a-mprec.o)
                0x8000fd42                __b2d
 .text.__d2b    0x8000fdf8       0xdc D:/SEGGER/sdk1.9.0/toolchains/rv32imac_zicsr_zifencei_multilib_b_ext-win/bin/../lib/gcc/riscv32-unknown-elf/13.2.0/../../../../riscv32-unknown-elf/lib/rv32imac_zicsr_zifencei_zba_zbb_zbc_zbs/ilp32\libg_nano.a(lib_a-mprec.o)
                0x8000fdf8                __d2b
 .text.__ratio  0x8000fed4       0x72 D:/SEGGER/sdk1.9.0/toolchains/rv32imac_zicsr_zifencei_multilib_b_ext-win/bin/../lib/gcc/riscv32-unknown-elf/13.2.0/../../../../riscv32-unknown-elf/lib/rv32imac_zicsr_zifencei_zba_zbb_zbc_zbs/ilp32\libg_nano.a(lib_a-mprec.o)
                0x8000fed4                __ratio
 .text.__copybits
                0x8000ff46       0x4c D:/SEGGER/sdk1.9.0/toolchains/rv32imac_zicsr_zifencei_multilib_b_ext-win/bin/../lib/gcc/riscv32-unknown-elf/13.2.0/../../../../riscv32-unknown-elf/lib/rv32imac_zicsr_zifencei_zba_zbb_zbc_zbs/ilp32\libg_nano.a(lib_a-mprec.o)
                0x8000ff46                __copybits
 .text.__any_on
                0x8000ff92       0x44 D:/SEGGER/sdk1.9.0/toolchains/rv32imac_zicsr_zifencei_multilib_b_ext-win/bin/../lib/gcc/riscv32-unknown-elf/13.2.0/../../../../riscv32-unknown-elf/lib/rv32imac_zicsr_zifencei_zba_zbb_zbc_zbs/ilp32\libg_nano.a(lib_a-mprec.o)
                0x8000ff92                __any_on
 .text._calloc_r
                0x8000ffd6       0x34 D:/SEGGER/sdk1.9.0/toolchains/rv32imac_zicsr_zifencei_multilib_b_ext-win/bin/../lib/gcc/riscv32-unknown-elf/13.2.0/../../../../riscv32-unknown-elf/lib/rv32imac_zicsr_zifencei_zba_zbb_zbc_zbs/ilp32\libg_nano.a(lib_a-nano-callocr.o)
                0x8000ffd6                _calloc_r
 .text._free_r  0x8001000a       0xa6 D:/SEGGER/sdk1.9.0/toolchains/rv32imac_zicsr_zifencei_multilib_b_ext-win/bin/../lib/gcc/riscv32-unknown-elf/13.2.0/../../../../riscv32-unknown-elf/lib/rv32imac_zicsr_zifencei_zba_zbb_zbc_zbs/ilp32\libg_nano.a(lib_a-nano-freer.o)
                0x8001000a                _free_r
 .text._malloc_r
                0x800100b0       0xda D:/SEGGER/sdk1.9.0/toolchains/rv32imac_zicsr_zifencei_multilib_b_ext-win/bin/../lib/gcc/riscv32-unknown-elf/13.2.0/../../../../riscv32-unknown-elf/lib/rv32imac_zicsr_zifencei_zba_zbb_zbc_zbs/ilp32\libg_nano.a(lib_a-nano-mallocr.o)
                0x800100b0                _malloc_r
 .text._realloc_r
                0x8001018a       0x78 D:/SEGGER/sdk1.9.0/toolchains/rv32imac_zicsr_zifencei_multilib_b_ext-win/bin/../lib/gcc/riscv32-unknown-elf/13.2.0/../../../../riscv32-unknown-elf/lib/rv32imac_zicsr_zifencei_zba_zbb_zbc_zbs/ilp32\libg_nano.a(lib_a-nano-reallocr.o)
                0x8001018a                _realloc_r
 .text.__ssputs_r
                0x80010202       0xe8 D:/SEGGER/sdk1.9.0/toolchains/rv32imac_zicsr_zifencei_multilib_b_ext-win/bin/../lib/gcc/riscv32-unknown-elf/13.2.0/../../../../riscv32-unknown-elf/lib/rv32imac_zicsr_zifencei_zba_zbb_zbc_zbs/ilp32\libg_nano.a(lib_a-nano-svfprintf.o)
                0x80010202                __ssputs_r
 .text._svfprintf_r
                0x800102ea      0x278 D:/SEGGER/sdk1.9.0/toolchains/rv32imac_zicsr_zifencei_multilib_b_ext-win/bin/../lib/gcc/riscv32-unknown-elf/13.2.0/../../../../riscv32-unknown-elf/lib/rv32imac_zicsr_zifencei_zba_zbb_zbc_zbs/ilp32\libg_nano.a(lib_a-nano-svfprintf.o)
                0x800102ea                _svfiprintf_r
                0x800102ea                _svfprintf_r
 .text._sbrk_r  0x80010562       0x30 D:/SEGGER/sdk1.9.0/toolchains/rv32imac_zicsr_zifencei_multilib_b_ext-win/bin/../lib/gcc/riscv32-unknown-elf/13.2.0/../../../../riscv32-unknown-elf/lib/rv32imac_zicsr_zifencei_zba_zbb_zbc_zbs/ilp32\libg_nano.a(lib_a-sbrkr.o)
                0x80010562                _sbrk_r
 .text._raise_r
                0x80010592       0x5e D:/SEGGER/sdk1.9.0/toolchains/rv32imac_zicsr_zifencei_multilib_b_ext-win/bin/../lib/gcc/riscv32-unknown-elf/13.2.0/../../../../riscv32-unknown-elf/lib/rv32imac_zicsr_zifencei_zba_zbb_zbc_zbs/ilp32\libg_nano.a(lib_a-signal.o)
                0x80010592                _raise_r
 .text.raise    0x800105f0        0xa D:/SEGGER/sdk1.9.0/toolchains/rv32imac_zicsr_zifencei_multilib_b_ext-win/bin/../lib/gcc/riscv32-unknown-elf/13.2.0/../../../../riscv32-unknown-elf/lib/rv32imac_zicsr_zifencei_zba_zbb_zbc_zbs/ilp32\libg_nano.a(lib_a-signal.o)
                0x800105f0                raise
 .text._kill_r  0x800105fa       0x30 D:/SEGGER/sdk1.9.0/toolchains/rv32imac_zicsr_zifencei_multilib_b_ext-win/bin/../lib/gcc/riscv32-unknown-elf/13.2.0/../../../../riscv32-unknown-elf/lib/rv32imac_zicsr_zifencei_zba_zbb_zbc_zbs/ilp32\libg_nano.a(lib_a-signalr.o)
                0x800105fa                _kill_r
 .text._getpid_r
                0x8001062a        0x2 D:/SEGGER/sdk1.9.0/toolchains/rv32imac_zicsr_zifencei_multilib_b_ext-win/bin/../lib/gcc/riscv32-unknown-elf/13.2.0/../../../../riscv32-unknown-elf/lib/rv32imac_zicsr_zifencei_zba_zbb_zbc_zbs/ilp32\libg_nano.a(lib_a-signalr.o)
                0x8001062a                _getpid_r
 .text.nan      0x8001062c        0xe D:/SEGGER/sdk1.9.0/toolchains/rv32imac_zicsr_zifencei_multilib_b_ext-win/bin/../lib/gcc/riscv32-unknown-elf/13.2.0/../../../../riscv32-unknown-elf/lib/rv32imac_zicsr_zifencei_zba_zbb_zbc_zbs/ilp32\libg_nano.a(lib_a-s_nan.o)
                0x8001062c                nan
 .text.__sread  0x8001063a       0x2e D:/SEGGER/sdk1.9.0/toolchains/rv32imac_zicsr_zifencei_multilib_b_ext-win/bin/../lib/gcc/riscv32-unknown-elf/13.2.0/../../../../riscv32-unknown-elf/lib/rv32imac_zicsr_zifencei_zba_zbb_zbc_zbs/ilp32\libg_nano.a(lib_a-stdio.o)
                0x8001063a                __sread
 .text.__swrite
                0x80010668       0x4c D:/SEGGER/sdk1.9.0/toolchains/rv32imac_zicsr_zifencei_multilib_b_ext-win/bin/../lib/gcc/riscv32-unknown-elf/13.2.0/../../../../riscv32-unknown-elf/lib/rv32imac_zicsr_zifencei_zba_zbb_zbc_zbs/ilp32\libg_nano.a(lib_a-stdio.o)
                0x80010668                __swrite
 .text.__sseek  0x800106b4       0x34 D:/SEGGER/sdk1.9.0/toolchains/rv32imac_zicsr_zifencei_multilib_b_ext-win/bin/../lib/gcc/riscv32-unknown-elf/13.2.0/../../../../riscv32-unknown-elf/lib/rv32imac_zicsr_zifencei_zba_zbb_zbc_zbs/ilp32\libg_nano.a(lib_a-stdio.o)
                0x800106b4                __sseek
 .text.__sclose
                0x800106e8        0x6 D:/SEGGER/sdk1.9.0/toolchains/rv32imac_zicsr_zifencei_multilib_b_ext-win/bin/../lib/gcc/riscv32-unknown-elf/13.2.0/../../../../riscv32-unknown-elf/lib/rv32imac_zicsr_zifencei_zba_zbb_zbc_zbs/ilp32\libg_nano.a(lib_a-stdio.o)
                0x800106e8                __sclose
 .text.strncmp  0x800106ee       0x2c D:/SEGGER/sdk1.9.0/toolchains/rv32imac_zicsr_zifencei_multilib_b_ext-win/bin/../lib/gcc/riscv32-unknown-elf/13.2.0/../../../../riscv32-unknown-elf/lib/rv32imac_zicsr_zifencei_zba_zbb_zbc_zbs/ilp32\libg_nano.a(lib_a-strncmp.o)
                0x800106ee                strncmp
 .text.__ascii_wctomb
                0x8001071a       0x20 D:/SEGGER/sdk1.9.0/toolchains/rv32imac_zicsr_zifencei_multilib_b_ext-win/bin/../lib/gcc/riscv32-unknown-elf/13.2.0/../../../../riscv32-unknown-elf/lib/rv32imac_zicsr_zifencei_zba_zbb_zbc_zbs/ilp32\libg_nano.a(lib_a-wctomb_r.o)
                0x8001071a                __ascii_wctomb
 .text._write_r
                0x8001073a       0x34 D:/SEGGER/sdk1.9.0/toolchains/rv32imac_zicsr_zifencei_multilib_b_ext-win/bin/../lib/gcc/riscv32-unknown-elf/13.2.0/../../../../riscv32-unknown-elf/lib/rv32imac_zicsr_zifencei_zba_zbb_zbc_zbs/ilp32\libg_nano.a(lib_a-writer.o)
                0x8001073a                _write_r
 .text._close_r
                0x8001076e       0x2e D:/SEGGER/sdk1.9.0/toolchains/rv32imac_zicsr_zifencei_multilib_b_ext-win/bin/../lib/gcc/riscv32-unknown-elf/13.2.0/../../../../riscv32-unknown-elf/lib/rv32imac_zicsr_zifencei_zba_zbb_zbc_zbs/ilp32\libg_nano.a(lib_a-closer.o)
                0x8001076e                _close_r
 .text._fstat_r
                0x8001079c       0x32 D:/SEGGER/sdk1.9.0/toolchains/rv32imac_zicsr_zifencei_multilib_b_ext-win/bin/../lib/gcc/riscv32-unknown-elf/13.2.0/../../../../riscv32-unknown-elf/lib/rv32imac_zicsr_zifencei_zba_zbb_zbc_zbs/ilp32\libg_nano.a(lib_a-fstatr.o)
                0x8001079c                _fstat_r
 .text._isatty_r
                0x800107ce       0x2e D:/SEGGER/sdk1.9.0/toolchains/rv32imac_zicsr_zifencei_multilib_b_ext-win/bin/../lib/gcc/riscv32-unknown-elf/13.2.0/../../../../riscv32-unknown-elf/lib/rv32imac_zicsr_zifencei_zba_zbb_zbc_zbs/ilp32\libg_nano.a(lib_a-isattyr.o)
                0x800107ce                _isatty_r
 .text._lseek_r
                0x800107fc       0x32 D:/SEGGER/sdk1.9.0/toolchains/rv32imac_zicsr_zifencei_multilib_b_ext-win/bin/../lib/gcc/riscv32-unknown-elf/13.2.0/../../../../riscv32-unknown-elf/lib/rv32imac_zicsr_zifencei_zba_zbb_zbc_zbs/ilp32\libg_nano.a(lib_a-lseekr.o)
                0x800107fc                _lseek_r
 .text.__malloc_lock
                0x8001082e        0x2 D:/SEGGER/sdk1.9.0/toolchains/rv32imac_zicsr_zifencei_multilib_b_ext-win/bin/../lib/gcc/riscv32-unknown-elf/13.2.0/../../../../riscv32-unknown-elf/lib/rv32imac_zicsr_zifencei_zba_zbb_zbc_zbs/ilp32\libg_nano.a(lib_a-mlock.o)
                0x8001082e                __malloc_lock
 .text.__malloc_unlock
                0x80010830        0x2 D:/SEGGER/sdk1.9.0/toolchains/rv32imac_zicsr_zifencei_multilib_b_ext-win/bin/../lib/gcc/riscv32-unknown-elf/13.2.0/../../../../riscv32-unknown-elf/lib/rv32imac_zicsr_zifencei_zba_zbb_zbc_zbs/ilp32\libg_nano.a(lib_a-mlock.o)
                0x80010830                __malloc_unlock
 .text._malloc_usable_size_r
                0x80010832       0x14 D:/SEGGER/sdk1.9.0/toolchains/rv32imac_zicsr_zifencei_multilib_b_ext-win/bin/../lib/gcc/riscv32-unknown-elf/13.2.0/../../../../riscv32-unknown-elf/lib/rv32imac_zicsr_zifencei_zba_zbb_zbc_zbs/ilp32\libg_nano.a(lib_a-nano-msizer.o)
                0x80010832                _malloc_usable_size_r
 .text._read_r  0x80010846       0x34 D:/SEGGER/sdk1.9.0/toolchains/rv32imac_zicsr_zifencei_multilib_b_ext-win/bin/../lib/gcc/riscv32-unknown-elf/13.2.0/../../../../riscv32-unknown-elf/lib/rv32imac_zicsr_zifencei_zba_zbb_zbc_zbs/ilp32\libg_nano.a(lib_a-readr.o)
                0x80010846                _read_r
 .text._close   0x8001087a       0x2a D:/SEGGER/sdk1.9.0/toolchains/rv32imac_zicsr_zifencei_multilib_b_ext-win/bin/../lib/gcc/riscv32-unknown-elf/13.2.0/../../../../riscv32-unknown-elf/lib/rv32imac_zicsr_zifencei_zba_zbb_zbc_zbs/ilp32\libgloss_nano.a(sys_close.o)
                0x8001087a                _close
 .text._exit    0x800108a4       0x22 D:/SEGGER/sdk1.9.0/toolchains/rv32imac_zicsr_zifencei_multilib_b_ext-win/bin/../lib/gcc/riscv32-unknown-elf/13.2.0/../../../../riscv32-unknown-elf/lib/rv32imac_zicsr_zifencei_zba_zbb_zbc_zbs/ilp32\libgloss_nano.a(sys_exit.o)
                0x800108a4                _exit
 .text._getpid  0x800108c6        0x4 D:/SEGGER/sdk1.9.0/toolchains/rv32imac_zicsr_zifencei_multilib_b_ext-win/bin/../lib/gcc/riscv32-unknown-elf/13.2.0/../../../../riscv32-unknown-elf/lib/rv32imac_zicsr_zifencei_zba_zbb_zbc_zbs/ilp32\libgloss_nano.a(sys_getpid.o)
                0x800108c6                _getpid
 .text._isatty  0x800108ca       0x20 D:/SEGGER/sdk1.9.0/toolchains/rv32imac_zicsr_zifencei_multilib_b_ext-win/bin/../lib/gcc/riscv32-unknown-elf/13.2.0/../../../../riscv32-unknown-elf/lib/rv32imac_zicsr_zifencei_zba_zbb_zbc_zbs/ilp32\libgloss_nano.a(sys_isatty.o)
                0x800108ca                _isatty
 .text._kill    0x800108ea       0x14 D:/SEGGER/sdk1.9.0/toolchains/rv32imac_zicsr_zifencei_multilib_b_ext-win/bin/../lib/gcc/riscv32-unknown-elf/13.2.0/../../../../riscv32-unknown-elf/lib/rv32imac_zicsr_zifencei_zba_zbb_zbc_zbs/ilp32\libgloss_nano.a(sys_kill.o)
                0x800108ea                _kill
 .text._lseek   0x800108fe       0x2a D:/SEGGER/sdk1.9.0/toolchains/rv32imac_zicsr_zifencei_multilib_b_ext-win/bin/../lib/gcc/riscv32-unknown-elf/13.2.0/../../../../riscv32-unknown-elf/lib/rv32imac_zicsr_zifencei_zba_zbb_zbc_zbs/ilp32\libgloss_nano.a(sys_lseek.o)
                0x800108fe                _lseek
 *(.rodata)
 .rodata        0x80010928       0x41 CMakeFiles/app.dir/src/main.c.obj
 *fill*         0x80010969        0x3 
 .rodata        0x8001096c      0x32e CMakeFiles/app.dir/src/tswLowLevel.c.obj
 *fill*         0x80010c9a        0x2 
 .rodata        0x80010c9c      0x36b lib/libhpm_sdk_lib.a(board.c.obj)
 *fill*         0x80011007        0x1 
 .rodata        0x80011008        0x4 lib/libhpm_sdk_lib.a(hpm_uart_drv.c.obj)
 *fill*         0x8001100c        0x4 
 .rodata        0x80011010       0x18 lib/libhpm_sdk_lib.a(hpm_pllctlv2_drv.c.obj)
 .rodata        0x80011028       0x3c D:/SEGGER/sdk1.9.0/toolchains/rv32imac_zicsr_zifencei_multilib_b_ext-win/bin/../lib/gcc/riscv32-unknown-elf/13.2.0/rv32imac_zicsr_zifencei_zba_zbb_zbc_zbs/ilp32\libgcc.a(divdf3.o)
 .rodata        0x80011064       0x3c D:/SEGGER/sdk1.9.0/toolchains/rv32imac_zicsr_zifencei_multilib_b_ext-win/bin/../lib/gcc/riscv32-unknown-elf/13.2.0/rv32imac_zicsr_zifencei_zba_zbb_zbc_zbs/ilp32\libgcc.a(divsf3.o)
 .rodata        0x800110a0      0x100 D:/SEGGER/sdk1.9.0/toolchains/rv32imac_zicsr_zifencei_multilib_b_ext-win/bin/../lib/gcc/riscv32-unknown-elf/13.2.0/rv32imac_zicsr_zifencei_zba_zbb_zbc_zbs/ilp32\libgcc.a(_clz.o)
                0x800110a0                __clz_tab
 *(.rodata*)
 .rodata.exception_handler
                0x800111a0       0x40 lib/libhpm_sdk_gcc_lib.a(trap.c.obj)
 .rodata.__func__.0
                0x800111e0        0xf lib/libhpm_sdk_lib.a(board.c.obj)
 *fill*         0x800111ef        0x1 
 .rodata.s_wdgs
                0x800111f0       0x10 lib/libhpm_sdk_lib.a(hpm_clock_drv.c.obj)
 .rodata.clock_get_frequency
                0x80011200       0x38 lib/libhpm_sdk_lib.a(hpm_clock_drv.c.obj)
 .rodata.get_frequency_for_source
                0x80011238       0x20 lib/libhpm_sdk_lib.a(hpm_clock_drv.c.obj)
 .rodata.clock_set_source_divider
                0x80011258       0x38 lib/libhpm_sdk_lib.a(hpm_clock_drv.c.obj)
 .rodata.uart_init
                0x80011290       0x14 lib/libhpm_sdk_lib.a(hpm_uart_drv.c.obj)
 .rodata.write_pmp_addr
                0x800112a4       0x40 lib/libhpm_sdk_lib.a(hpm_pmp_drv.c.obj)
 .rodata.write_pma_addr
                0x800112e4       0x40 lib/libhpm_sdk_lib.a(hpm_pmp_drv.c.obj)
 .rodata.__assert_func.str1.4
                0x80011324      0x1de D:/SEGGER/sdk1.9.0/toolchains/rv32imac_zicsr_zifencei_multilib_b_ext-win/bin/../lib/gcc/riscv32-unknown-elf/13.2.0/../../../../riscv32-unknown-elf/lib/rv32imac_zicsr_zifencei_zba_zbb_zbc_zbs/ilp32\libg_nano.a(lib_a-assert.o)
                                 0x43 (size before relaxing)
 .rodata._printf_float.str1.4
                0x80011502       0x12 D:/SEGGER/sdk1.9.0/toolchains/rv32imac_zicsr_zifencei_multilib_b_ext-win/bin/../lib/gcc/riscv32-unknown-elf/13.2.0/../../../../riscv32-unknown-elf/lib/rv32imac_zicsr_zifencei_zba_zbb_zbc_zbs/ilp32\libg_nano.a(lib_a-nano-vfprintf_float.o)
 .rodata._printf_i.str1.4
                0x80011502       0x25 D:/SEGGER/sdk1.9.0/toolchains/rv32imac_zicsr_zifencei_multilib_b_ext-win/bin/../lib/gcc/riscv32-unknown-elf/13.2.0/../../../../riscv32-unknown-elf/lib/rv32imac_zicsr_zifencei_zba_zbb_zbc_zbs/ilp32\libg_nano.a(lib_a-nano-vfprintf_i.o)
 *fill*         0x80011502        0x2 
 .rodata._printf_i
                0x80011504       0x58 D:/SEGGER/sdk1.9.0/toolchains/rv32imac_zicsr_zifencei_multilib_b_ext-win/bin/../lib/gcc/riscv32-unknown-elf/13.2.0/../../../../riscv32-unknown-elf/lib/rv32imac_zicsr_zifencei_zba_zbb_zbc_zbs/ilp32\libg_nano.a(lib_a-nano-vfprintf_i.o)
 .rodata._vfprintf_r.str1.4
                0x8001155c       0x13 D:/SEGGER/sdk1.9.0/toolchains/rv32imac_zicsr_zifencei_multilib_b_ext-win/bin/../lib/gcc/riscv32-unknown-elf/13.2.0/../../../../riscv32-unknown-elf/lib/rv32imac_zicsr_zifencei_zba_zbb_zbc_zbs/ilp32\libg_nano.a(lib_a-nano-vfprintf.o)
 .rodata._scanf_float.str1.4
                0x8001155c        0x9 D:/SEGGER/sdk1.9.0/toolchains/rv32imac_zicsr_zifencei_multilib_b_ext-win/bin/../lib/gcc/riscv32-unknown-elf/13.2.0/../../../../riscv32-unknown-elf/lib/rv32imac_zicsr_zifencei_zba_zbb_zbc_zbs/ilp32\libg_nano.a(lib_a-nano-vfscanf_float.o)
 .rodata._scanf_float
                0x8001155c       0x74 D:/SEGGER/sdk1.9.0/toolchains/rv32imac_zicsr_zifencei_multilib_b_ext-win/bin/../lib/gcc/riscv32-unknown-elf/13.2.0/../../../../riscv32-unknown-elf/lib/rv32imac_zicsr_zifencei_zba_zbb_zbc_zbs/ilp32\libg_nano.a(lib_a-nano-vfscanf_float.o)
 .rodata._strtod_l.str1.4
                0x800115d0       0x11 D:/SEGGER/sdk1.9.0/toolchains/rv32imac_zicsr_zifencei_multilib_b_ext-win/bin/../lib/gcc/riscv32-unknown-elf/13.2.0/../../../../riscv32-unknown-elf/lib/rv32imac_zicsr_zifencei_zba_zbb_zbc_zbs/ilp32\libg_nano.a(lib_a-strtod.o)
 .rodata._strtod_l
                0x800115d0       0x14 D:/SEGGER/sdk1.9.0/toolchains/rv32imac_zicsr_zifencei_multilib_b_ext-win/bin/../lib/gcc/riscv32-unknown-elf/13.2.0/../../../../riscv32-unknown-elf/lib/rv32imac_zicsr_zifencei_zba_zbb_zbc_zbs/ilp32\libg_nano.a(lib_a-strtod.o)
 .rodata.fpinan.0
                0x800115e4       0x14 D:/SEGGER/sdk1.9.0/toolchains/rv32imac_zicsr_zifencei_multilib_b_ext-win/bin/../lib/gcc/riscv32-unknown-elf/13.2.0/../../../../riscv32-unknown-elf/lib/rv32imac_zicsr_zifencei_zba_zbb_zbc_zbs/ilp32\libg_nano.a(lib_a-strtod.o)
 .rodata.fpi.1  0x800115f8       0x14 D:/SEGGER/sdk1.9.0/toolchains/rv32imac_zicsr_zifencei_multilib_b_ext-win/bin/../lib/gcc/riscv32-unknown-elf/13.2.0/../../../../riscv32-unknown-elf/lib/rv32imac_zicsr_zifencei_zba_zbb_zbc_zbs/ilp32\libg_nano.a(lib_a-strtod.o)
 *fill*         0x8001160c        0x4 
 .rodata.tinytens
                0x80011610       0x28 D:/SEGGER/sdk1.9.0/toolchains/rv32imac_zicsr_zifencei_multilib_b_ext-win/bin/../lib/gcc/riscv32-unknown-elf/13.2.0/../../../../riscv32-unknown-elf/lib/rv32imac_zicsr_zifencei_zba_zbb_zbc_zbs/ilp32\libg_nano.a(lib_a-strtod.o)
 .rodata._ctype_