Archive member included to satisfy reference by file (symbol)

lib/libhpm_sdk_gcc_startup_lib.a(start.S.obj)
                              (--whole-archive)
lib/libhpm_sdk_gcc_startup_lib.a(initfini.c.obj)
                              (--whole-archive)
lib/libhpm_sdk_gcc_lib.a(reset.c.obj)
                              (--whole-archive)
lib/libhpm_sdk_gcc_lib.a(trap.c.obj)
                              (--whole-archive)
lib/libhpm_sdk_lib.a(hpm_l1c_drv.c.obj)
                              (--whole-archive)
lib/libhpm_sdk_lib.a(pinmux.c.obj)
                              (--whole-archive)
lib/libhpm_sdk_lib.a(board.c.obj)
                              (--whole-archive)
lib/libhpm_sdk_lib.a(system.c.obj)
                              (--whole-archive)
lib/libhpm_sdk_lib.a(hpm_sysctl_drv.c.obj)
                              (--whole-archive)
lib/libhpm_sdk_lib.a(hpm_clock_drv.c.obj)
                              (--whole-archive)
lib/libhpm_sdk_lib.a(hpm_otp_drv.c.obj)
                              (--whole-archive)
lib/libhpm_sdk_lib.a(hpm_trgm_soc_drv.c.obj)
                              (--whole-archive)
lib/libhpm_sdk_lib.a(hpm_bootheader.c.obj)
                              (--whole-archive)
lib/libhpm_sdk_lib.a(hpm_uart_drv.c.obj)
                              (--whole-archive)
lib/libhpm_sdk_lib.a(hpm_femc_drv.c.obj)
                              (--whole-archive)
lib/libhpm_sdk_lib.a(hpm_sdp_drv.c.obj)
                              (--whole-archive)
lib/libhpm_sdk_lib.a(hpm_i2c_drv.c.obj)
                              (--whole-archive)
lib/libhpm_sdk_lib.a(hpm_pmp_drv.c.obj)
                              (--whole-archive)
lib/libhpm_sdk_lib.a(hpm_mtg_drv.c.obj)
                              (--whole-archive)
lib/libhpm_sdk_lib.a(hpm_rng_drv.c.obj)
                              (--whole-archive)
lib/libhpm_sdk_lib.a(hpm_gpio_drv.c.obj)
                              (--whole-archive)
lib/libhpm_sdk_lib.a(hpm_spi_drv.c.obj)
                              (--whole-archive)
lib/libhpm_sdk_lib.a(hpm_gptmr_drv.c.obj)
                              (--whole-archive)
lib/libhpm_sdk_lib.a(hpm_pwmv2_drv.c.obj)
                              (--whole-archive)
lib/libhpm_sdk_lib.a(hpm_pllctlv2_drv.c.obj)
                              (--whole-archive)
lib/libhpm_sdk_lib.a(hpm_usb_drv.c.obj)
                              (--whole-archive)
lib/libhpm_sdk_lib.a(hpm_rtc_drv.c.obj)
                              (--whole-archive)
lib/libhpm_sdk_lib.a(hpm_acmp_drv.c.obj)
                              (--whole-archive)
lib/libhpm_sdk_lib.a(hpm_i2s_drv.c.obj)
                              (--whole-archive)
lib/libhpm_sdk_lib.a(hpm_dao_drv.c.obj)
                              (--whole-archive)
lib/libhpm_sdk_lib.a(hpm_pdmlite_drv.c.obj)
                              (--whole-archive)
lib/libhpm_sdk_lib.a(hpm_enet_drv.c.obj)
                              (--whole-archive)
lib/libhpm_sdk_lib.a(hpm_adc16_drv.c.obj)
                              (--whole-archive)
lib/libhpm_sdk_lib.a(hpm_pcfg_drv.c.obj)
                              (--whole-archive)
lib/libhpm_sdk_lib.a(hpm_ptpc_drv.c.obj)
                              (--whole-archive)
lib/libhpm_sdk_lib.a(hpm_mchtmr_drv.c.obj)
                              (--whole-archive)
lib/libhpm_sdk_lib.a(hpm_ffa_drv.c.obj)
                              (--whole-archive)
lib/libhpm_sdk_lib.a(hpm_tsns_drv.c.obj)
                              (--whole-archive)
lib/libhpm_sdk_lib.a(hpm_crc_drv.c.obj)
                              (--whole-archive)
lib/libhpm_sdk_lib.a(hpm_sdm_drv.c.obj)
                              (--whole-archive)
lib/libhpm_sdk_lib.a(hpm_mcan_drv.c.obj)
                              (--whole-archive)
lib/libhpm_sdk_lib.a(hpm_qeiv2_drv.c.obj)
                              (--whole-archive)
lib/libhpm_sdk_lib.a(hpm_enc_pos_drv.c.obj)
                              (--whole-archive)
lib/libhpm_sdk_lib.a(hpm_sei_drv.c.obj)
                              (--whole-archive)
lib/libhpm_sdk_lib.a(hpm_qeov2_drv.c.obj)
                              (--whole-archive)
lib/libhpm_sdk_lib.a(hpm_rdc_drv.c.obj)
                              (--whole-archive)
lib/libhpm_sdk_lib.a(hpm_dmav2_drv.c.obj)
                              (--whole-archive)
lib/libhpm_sdk_lib.a(hpm_ewdg_drv.c.obj)
                              (--whole-archive)
lib/libhpm_sdk_lib.a(hpm_plb_drv.c.obj)
                              (--whole-archive)
lib/libhpm_sdk_lib.a(hpm_tamp_drv.c.obj)
                              (--whole-archive)
lib/libhpm_sdk_lib.a(hpm_vsc_drv.c.obj)
                              (--whole-archive)
lib/libhpm_sdk_lib.a(hpm_clc_drv.c.obj)
                              (--whole-archive)
lib/libhpm_sdk_lib.a(hpm_esc_drv.c.obj)
                              (--whole-archive)
lib/libhpm_sdk_lib.a(hpm_ppi_drv.c.obj)
                              (--whole-archive)
lib/libhpm_sdk_lib.a(hpm_lobs_drv.c.obj)
                              (--whole-archive)
lib/libhpm_sdk_lib.a(hpm_tsw_drv.c.obj)
[...]
Memory Configuration

Name             Origin             Length             Attributes
XPI0             0x80000000         0x00800000         xr
ILM              0x00000000         0x00040000         xw
DLM              0x00200000         0x00040000         w
AXI_SRAM         0x01200000         0x00080000         xw
AXI_SRAM_NONCACHEABLE 0x01280000         0x00040000         xw
SHARE_RAM        0x012fc000         0x00004000         w
AHB_SRAM         0xf0200000         0x00008000         w
*default*        0x00000000         0xffffffff

Linker script and memory map

LOAD CMakeFiles/app.dir/D_/Programs/HPMPrj/S_Lx_HPM_Porj/TSN_Frame/application/common/multicore_common.c.obj
LOAD CMakeFiles/app.dir/src/Bsp/RingBuffer.c.obj
LOAD CMakeFiles/app.dir/src/Bsp/mac_table.c.obj
LOAD CMakeFiles/app.dir/src/Bsp/tswLowLevel.c.obj
LOAD CMakeFiles/app.dir/src/main.c.obj
LOAD lib/libhpm_sdk_gcc_startup_lib.a
LOAD lib/libhpm_sdk_gcc_lib.a
LOAD lib/libhpm_sdk_lib.a
                0x00004000                        _heap_size = 0x4000
                0x00004000                        _stack_size = 0x4000
                0x00800000                        _flash_size = 0x800000
                0x02000000                        _extram_size = 0x2000000
LOAD D:/SEGGER/toolchains/rv32imac_zicsr_zifencei_multilib_b_ext-win/bin/../lib/gcc/riscv32-unknown-elf/13.2.0/rv32imac_zicsr_zifencei_zba_zbb_zbc_zbs/ilp32\libgcc.a
LOAD D:/SEGGER/toolchains/rv32imac_zicsr_zifencei_multilib_b_ext-win/bin/../lib/gcc/riscv32-unknown-elf/13.2.0/../../../../riscv32-unknown-elf/lib/rv32imac_zicsr_zifencei_zba_zbb_zbc_zbs/ilp32\libg_nano.a
LOAD D:/SEGGER/toolchains/rv32imac_zicsr_zifencei_multilib_b_ext-win/bin/../lib/gcc/riscv32-unknown-elf/13.2.0/../../../../riscv32-unknown-elf/lib/rv32imac_zicsr_zifencei_zba_zbb_zbc_zbs/ilp32\libc_nano.a
LOAD D:/SEGGER/toolchains/rv32imac_zicsr_zifencei_multilib_b_ext-win/bin/../lib/gcc/riscv32-unknown-elf/13.2.0/rv32imac_zicsr_zifencei_zba_zbb_zbc_zbs/ilp32\libgcc.a
START GROUP
LOAD D:/SEGGER/toolchains/rv32imac_zicsr_zifencei_multilib_b_ext-win/bin/../lib/gcc/riscv32-unknown-elf/13.2.0/rv32imac_zicsr_zifencei_zba_zbb_zbc_zbs/ilp32\libgcc.a
LOAD D:/SEGGER/toolchains/rv32imac_zicsr_zifencei_multilib_b_ext-win/bin/../lib/gcc/riscv32-unknown-elf/13.2.0/../../../../riscv32-unknown-elf/lib/rv32imac_zicsr_zifencei_zba_zbb_zbc_zbs/ilp32\libc_nano.a
LOAD D:/SEGGER/toolchains/rv32imac_zicsr_zifencei_multilib_b_ext-win/bin/../lib/gcc/riscv32-unknown-elf/13.2.0/../../../../riscv32-unknown-elf/lib/rv32imac_zicsr_zifencei_zba_zbb_zbc_zbs/ilp32\libgloss_nano.a
END GROUP
                0x00004000                        STACK_SIZE = _stack_size
                0x00004000                        HEAP_SIZE = _heap_size
                0x80000400                        __nor_cfg_option_load_addr__ = (ORIGIN (XPI0) + 0x400)
                0x80001000                        __boot_header_load_addr__ = (ORIGIN (XPI0) + 0x1000)
                0x80003000                        __app_load_addr__ = (ORIGIN (XPI0) + 0x3000)
                0x00000090                        __boot_header_length__ = (__boot_header_end__ - __boot_header_start__)
                0x00002000                        __app_offset__ = (__app_load_addr__ - __boot_header_load_addr__)

.nor_cfg_option
                0x80000400       0x10
 *(.nor_cfg_option)
 .nor_cfg_option
                0x80000400       0x10 lib/libhpm_sdk_lib.a(board.c.obj)
                0x80000400                option

.boot_header    0x80001000       0x90
                0x80001000                        __boot_header_start__ = .
 *(.boot_header)
 .boot_header   0x80001000       0x10 lib/libhpm_sdk_lib.a(hpm_bootheader.c.obj)
                0x80001000                header
 *(.fw_info_table)
 .fw_info_table
                0x80001010       0x80 lib/libhpm_sdk_lib.a(hpm_bootheader.c.obj)
                0x80001010                fw_info
 *(.dc_info)
                0x80001090                        __boot_header_end__ = .

.start          0x80003000       0x4a
                0x80003000                        . = ALIGN (0x8)
 *(.start)
 .start         0x80003000       0x4a lib/libhpm_sdk_gcc_startup_lib.a(start.S.obj)
                0x80003000                _start
                0x80003048                exit
                0x8000304a                        __vector_load_addr__ = (ADDR (.start) + SIZEOF (.start))

.vectors        0x00000000      0xfa0 load address 0x8000304a
                0x00000000                        . = ALIGN (0x8)
                0x00000000                        __vector_ram_start__ = .
 *(.vector_table)
 .vector_table  0x00000000      0x28a lib/libhpm_sdk_gcc_startup_lib.a(start.S.obj)
                0x00000000                __vector_table
                0x00000288                default_isr_s_120
                0x00000288                default_isr_s_133
                0x00000288                default_isr_s_138
                0x00000288                default_isr_s_126
                0x00000288                default_isr_s_88
                0x00000288                default_isr_s_43
                0x00000288                default_isr_s_59
                0x00000288                default_isr_s_136
                0x00000288                default_isr_s_54
                0x00000288                default_isr_s_28
                0x00000288                default_isr_s_22
                0x00000288                default_isr_s_21
                0x00000288                default_isr_s_111
                0x00000288                default_isr_s_127
                0x00000288                default_isr_s_86
                0x00000288                default_isr_s_41
                0x00000288                default_isr_s_149
                0x00000288                default_isr_s_19
                0x00000288                default_isr_s_18
                0x00000288                default_isr_s_13
                0x00000288                default_isr_s_12
                0x00000288                default_isr_s_56
                0x00000288                default_isr_s_64
                0x00000288                default_isr_s_99
                0x00000288                default_isr_s_137
                0x00000288                default_isr_s_4
                0x00000288                default_isr_s_124
                0x00000288                default_isr_s_102
                0x00000288                default_isr_s_71
                0x00000288                default_isr_s_155
                0x00000288                default_isr_s_48
                0x00000288                default_isr_s_143
                0x00000288                default_isr_s_161
                0x00000288                default_isr_s_26
                0x00000288                default_isr_s_25
                0x00000288                default_isr_s_61
                0x00000288                default_isr_s_129
                0x00000288                default_isr_s_8
                0x00000288                default_isr_s_3
                0x00000288                default_isr_s_85
                0x00000288                default_isr_s_40
                0x00000288                default_isr_s_93
                0x00000288                default_isr_s_109
                0x00000288                default_isr_s_158
                0x00000288                default_isr_s_114
                0x00000288                default_isr_s_45
                0x00000288                default_isr_s_151
                0x00000288                default_isr_s_73
                0x00000288                default_isr_s_30
                0x00000288                default_isr_s_78
                0x00000288                default_isr_s_35
                0x00000288                default_isr_s_135
                0x00000288                default_isr_s_90
                0x00000288                default_isr_s_103
                0x00000288                default_isr_s_101
                0x00000288                default_isr_s_104
                0x00000288                default_isr_s_70
                0x00000288                default_isr_s_148
                0x00000288                default_isr_s_60
                0x00000288                default_isr_s_123
                0x00000288                default_isr_s_50
                0x00000288                default_isr_s_128
                0x00000288                default_isr_s_80
                0x00000288                default_isr_s_96
                0x00000288                default_isr_s_58
                0x00000288                default_isr_s_92
                0x00000288                default_isr_s_66
                0x00000288                default_isr_s_20
                0x00000288                default_isr_s_131
                0x00000288                default_isr_s_6
                0x00000288                default_isr_s_147
                0x00000288                default_isr_s_141
                0x00000288                default_isr_s_115
                0x00000288                default_isr_s_156
                0x00000288                default_isr_s_17
                0x00000288                default_isr_s_16
                0x00000288                default_isr_s_145
                0x00000288                default_isr_s_63
                0x00000288                default_isr_s_11
                0x00000288                default_isr_s_10
                0x00000288                default_isr_s_157
                0x00000288                default_isr_s_53
                0x00000288                default_isr_s_122
                0x00000288                default_isr_s_121
                0x00000288                default_isr_s_116
                0x00000288                default_isr_s_87
                0x00000288                default_isr_s_42
                0x00000288                default_isr_s_7
                0x00000288                default_isr_s_105
                0x00000288                default_isr_s_75
                0x00000288                default_isr_s_32
                0x00000288                default_isr_s_37
                0x00000288                default_isr_s_91
                0x00000288                default_isr_s_47
                0x00000288                default_isr_s_24
                0x00000288                default_isr_s_72
                0x00000288                default_isr_s_146
                0x00000288                default_isr_s_82
                0x00000288                default_isr_s_153
                0x00000288                default_isr_s_142
                0x00000288                default_isr_s_39
                0x00000288                default_isr_s_77
                0x00000288                default_isr_s_34
                0x00000288                default_isr_s_134
                0x00000288                default_isr_s_118
                0x00000288                default_isr_s_94
                0x00000288                default_isr_s_68
                0x00000288                default_isr_s_74
                0x00000288                default_isr_s_31
                0x00000288                default_isr_s_160
                0x00000288                default_isr_s_154
                0x00000288                default_isr_s_125
                0x00000288                default_isr_s_89
                0x00000288                default_isr_s_44
                0x00000288                default_isr_s_95
                0x00000288                default_isr_s_55
                0x00000288                default_isr_s_29
                0x00000288                default_isr_s_23
                0x00000288                default_isr_s_98
                0x00000288                default_isr_s_51
                0x00000288                default_isr_s_65
                0x00000288                default_isr_s_81
                0x00000288                default_isr_s_117
                0x00000288                default_isr_s_113
                0x00000288                default_isr_s_49
                0x00000288                default_isr_s_15
                0x00000288                default_isr_s_14
                0x00000288                default_isr_s_57
                0x00000288                default_isr_s_152
                0x00000288                default_isr_s_52
                0x00000288                default_irq_s_handler
                0x00000288                default_isr_s_9
                0x00000288                default_isr_s_140
                0x00000288                default_isr_s_108
                0x00000288                default_isr_s_2
                0x00000288                default_isr_s_107
                0x00000288                default_isr_s_132
                0x00000288                default_isr_s_100
                0x00000288                default_isr_s_79
                0x00000288                default_isr_s_36
                0x00000288                default_isr_s_84
                0x00000288                default_isr_s_144
                0x00000288                default_isr_s_27
                0x00000288                default_isr_s_69
                0x00000288                default_isr_s_110
                0x00000288                default_isr_s_62
                0x00000288                default_isr_s_76
                0x00000288                default_isr_s_33
                0x00000288                default_isr_s_139
                0x00000288                default_isr_s_1
                0x00000288                default_isr_s_112
                0x00000288                default_isr_s_46
                0x00000288                default_isr_s_38
                0x00000288                default_isr_s_97
                0x00000288                default_isr_s_130
                0x00000288                default_isr_s_5
                0x00000288                default_isr_s_67
                0x00000288                default_isr_s_150
                0x00000288                default_isr_s_119
                0x00000288                default_isr_s_106
                0x00000288                default_isr_s_159
                0x00000288                default_isr_s_83
 *(.isr_vector)
 *fill*         0x0000028a        0x2 
 .isr_vector    0x0000028c      0x48e CMakeFiles/app.dir/src/Bsp/tswLowLevel.c.obj
                0x0000028c                isr_tsw_port_cpu
                0x00000678                default_isr_128
 *fill*         0x0000071a        0x2 
 .isr_vector    0x0000071c        0x8 lib/libhpm_sdk_gcc_startup_lib.a(start.S.obj)
                0x0000071c                nmi_handler
                0x00000720                default_isr_73
                0x00000720                default_isr_109
                0x00000720                default_isr_17
                0x00000720                default_isr_9
                0x00000720                default_isr_155
                0x00000720                default_isr_112
                0x00000720                default_isr_61
                0x00000720                default_isr_93
                0x00000720                default_isr_131
                0x00000720                default_isr_159
                0x00000720                default_isr_127
                0x00000720                default_isr_35
                0x00000720                default_isr_41
                0x00000720                default_isr_139
                0x00000720                default_isr_136
                0x00000720                default_isr_97
                0x00000720                default_isr_66
                0x00000720                default_isr_23
                0x00000720                default_isr_90
                0x00000720                default_isr_161
                0x00000720                default_isr_124
                0x00000720                default_isr_135
                0x00000720                default_isr_5
                0x00000720                default_isr_68
                0x00000720                default_isr_25
                0x00000720                default_isr_76
                0x00000720                default_isr_31
                0x00000720                default_isr_96
                0x00000720                default_isr_53
                0x00000720                default_isr_27
                0x00000720                default_isr_152
                0x00000720                default_isr_117
                0x00000720                default_isr_149
                0x00000720                default_isr_101
                0x00000720                default_isr_71
                0x00000720                default_isr_3
                0x00000720                default_isr_160
                0x00000720                default_isr_120
                0x00000720                default_isr_123
                0x00000720                default_isr_38
                0x00000720                default_isr_83
                0x00000720                default_isr_1
                0x00000720                default_isr_134
                0x00000720                default_isr_63
                0x00000720                default_isr_20
                0x00000720                default_isr_13
                0x00000720                default_isr_125
                0x00000720                default_isr_130
                0x00000720                default_isr_40
                0x00000720                default_isr_58
                0x00000720                default_isr_113
                0x00000720                default_isr_85
                0x00000720                default_isr_10
                0x00000720                default_isr_55
                0x00000720                default_isr_46
                0x00000720                default_isr_75
                0x00000720                default_isr_30
                0x00000720                default_isr_4
                0x00000720                default_isr_86
                0x00000720                default_isr_48
                0x00000720                default_isr_78
                0x00000720                default_isr_33
                0x00000720                default_isr_147
                0x00000720                default_isr_132
                0x00000720                default_isr_100
                0x00000720                default_isr_157
                0x00000720                default_isr_16
                0x00000720                default_isr_153
                0x00000720                default_isr_145
                0x00000720                default_isr_142
                0x00000720                default_isr_105
                0x00000720                default_isr_99
                0x00000720                default_isr_28
                0x00000720                default_isr_62
                0x00000720                default_isr_91
                0x00000720                default_isr_121
                0x00000720                default_isr_98
                0x00000720                default_isr_52
                0x00000720                default_isr_50
                0x00000720                default_isr_69
                0x00000720                default_isr_154
                0x00000720                default_isr_108
                0x00000720                default_isr_88
                0x00000720                default_isr_118
                0x00000720                default_isr_81
                0x00000720                default_isr_144
                0x00000720                default_isr_77
                0x00000720                default_isr_32
                0x00000720                default_isr_70
                0x00000720                default_isr_43
                0x00000720                default_isr_11
                0x00000720                default_isr_158
                0x00000720                default_isr_110
                0x00000720                default_isr_56
                0x00000720                default_isr_8
                0x00000720                default_isr_129
                0x00000720                default_isr_148
                0x00000720                default_irq_handler
                0x00000720                default_isr_151
                0x00000720                default_isr_116
                0x00000720                default_isr_119
                0x00000720                default_isr_60
                0x00000720                default_isr_107
                0x00000720                default_isr_49
                0x00000720                default_isr_137
                0x00000720                default_isr_111
                0x00000720                default_isr_84
                0x00000720                default_isr_143
                0x00000720                default_isr_140
                0x00000720                default_isr_106
                0x00000720                default_isr_72
                0x00000720                default_isr_103
                0x00000720                default_isr_2
                0x00000720                default_isr_74
                0x00000720                default_isr_47
                0x00000720                default_isr_6
                0x00000720                default_isr_122
                0x00000720                default_isr_150
                0x00000720                default_isr_115
                0x00000720                default_isr_18
                0x00000720                default_isr_156
                0x00000720                default_isr_87
                0x00000720                default_isr_65
                0x00000720                default_isr_22
                0x00000720                default_isr_42
                0x00000720                default_isr_94
                0x00000720                default_isr_79
                0x00000720                default_isr_34
                0x00000720                default_isr_36
                0x00000720                default_isr_67
                0x00000720                default_isr_24
                0x00000720                default_isr_95
                0x00000720                default_isr_19
                0x00000720                default_isr_29
                0x00000720                default_isr_114
                0x00000720                default_isr_15
                0x00000720                default_isr_133
                0x00000720                default_isr_51
                0x00000720                default_isr_92
                0x00000720                default_isr_126
                0x00000720                default_isr_80
                0x00000720                default_isr_37
                0x00000720                default_isr_102
                0x00000720                default_isr_39
                0x00000720                default_isr_82
                0x00000720                default_isr_138
                0x00000720                default_isr_89
                0x00000720                default_isr_7
                0x00000720                default_isr_12
                0x00000720                default_isr_44
                0x00000720                default_isr_57
                0x00000720                default_isr_64
                0x00000720                default_isr_21
                0x00000720                default_isr_14
                0x00000720                default_isr_59
                0x00000720                default_isr_146
                0x00000720                default_isr_54
                0x00000720                default_isr_45
                0x00000720                default_isr_141
                0x00000720                default_isr_104
 .isr_vector    0x00000724      0x15a lib/libhpm_sdk_gcc_lib.a(trap.c.obj)
                0x00000724                irq_handler_trap
 *fill*         0x0000087e        0x2 
 .isr_vector    0x00000880       0xd8 lib/libhpm_sdk_lib.a(board.c.obj)
                0x00000880                board_timer_isr
                0x000008b8                default_isr_26
 *(.isr_vector.*)
 *(.vector_s_table)
 *fill*         0x00000958      0x2a8 
 .vector_s_table
                0x00000c00      0x288 lib/libhpm_sdk_gcc_startup_lib.a(start.S.obj)
                0x00000c00                __vector_s_table
 *(.isr_s_vector)
 .isr_s_vector  0x00000e88      0x112 lib/libhpm_sdk_gcc_lib.a(trap.c.obj)
                0x00000e88                irq_handler_s_trap
 *(.isr_s_vector.*)
                0x00000fa0                        . = ALIGN (0x8)
 *fill*         0x00000f9a        0x6 
                0x00000fa0                        __vector_ram_end__ = .

.text           0x80003fea     0xda16
                0x80003ff0                        . = ALIGN (0x8)
 *fill*         0x80003fea        0x6 
 *(.text)
 .text          0x80003ff0      0x350 D:/SEGGER/toolchains/rv32imac_zicsr_zifencei_multilib_b_ext-win/bin/../lib/gcc/riscv32-unknown-elf/13.2.0/rv32imac_zicsr_zifencei_zba_zbb_zbc_zbs/ilp32\libgcc.a(_udivdi3.o)
                0x80003ff0                __udivdi3
 .text          0x80004340      0x31c D:/SEGGER/toolchains/rv32imac_zicsr_zifencei_multilib_b_ext-win/bin/../lib/gcc/riscv32-unknown-elf/13.2.0/rv32imac_zicsr_zifencei_zba_zbb_zbc_zbs/ilp32\libgcc.a(_umoddi3.o)
                0x80004340                __umoddi3
 .text          0x8000465c      0x5dc D:/SEGGER/toolchains/rv32imac_zicsr_zifencei_multilib_b_ext-win/bin/../lib/gcc/riscv32-unknown-elf/13.2.0/rv32imac_zicsr_zifencei_zba_zbb_zbc_zbs/ilp32\libgcc.a(adddf3.o)
                0x8000465c                __adddf3
 .text          0x80004c38      0x50a D:/SEGGER/toolchains/rv32imac_zicsr_zifencei_multilib_b_ext-win/bin/../lib/gcc/riscv32-unknown-elf/13.2.0/rv32imac_zicsr_zifencei_zba_zbb_zbc_zbs/ilp32\libgcc.a(divdf3.o)
                0x80004c38                __divdf3
 .text          0x80005142       0x9a D:/SEGGER/toolchains/rv32imac_zicsr_zifencei_multilib_b_ext-win/bin/../lib/gcc/riscv32-unknown-elf/13.2.0/rv32imac_zicsr_zifencei_zba_zbb_zbc_zbs/ilp32\libgcc.a(gedf2.o)
                0x80005142                __gedf2
                0x80005142                __gtdf2
 .text          0x800051dc       0x9a D:/SEGGER/toolchains/rv32imac_zicsr_zifencei_multilib_b_ext-win/bin/../lib/gcc/riscv32-unknown-elf/13.2.0/rv32imac_zicsr_zifencei_zba_zbb_zbc_zbs/ilp32\libgcc.a(ledf2.o)
                0x800051dc                __ledf2
                0x800051dc                __ltdf2
 .text          0x80005276      0x446 D:/SEGGER/toolchains/rv32imac_zicsr_zifencei_multilib_b_ext-win/bin/../lib/gcc/riscv32-unknown-elf/13.2.0/rv32imac_zicsr_zifencei_zba_zbb_zbc_zbs/ilp32\libgcc.a(muldf3.o)
                0x80005276                __muldf3
 .text          0x800056bc      0x5f0 D:/SEGGER/toolchains/rv32imac_zicsr_zifencei_multilib_b_ext-win/bin/../lib/gcc/riscv32-unknown-elf/13.2.0/rv32imac_zicsr_zifencei_zba_zbb_zbc_zbs/ilp32\libgcc.a(subdf3.o)
                0x800056bc                __subdf3
 .text          0x80005cac       0x62 D:/SEGGER/toolchains/rv32imac_zicsr_zifencei_multilib_b_ext-win/bin/../lib/gcc/riscv32-unknown-elf/13.2.0/rv32imac_zicsr_zifencei_zba_zbb_zbc_zbs/ilp32\libgcc.a(fixdfsi.o)
                0x80005cac                __fixdfsi
 .text          0x80005d0e       0x60 D:/SEGGER/toolchains/rv32imac_zicsr_zifencei_multilib_b_ext-win/bin/../lib/gcc/riscv32-unknown-elf/13.2.0/rv32imac_zicsr_zifencei_zba_zbb_zbc_zbs/ilp32\libgcc.a(fixunsdfsi.o)
                0x80005d0e                __fixunsdfsi
 .text          0x80005d6e       0x42 D:/SEGGER/toolchains/rv32imac_zicsr_zifencei_multilib_b_ext-win/bin/../lib/gcc/riscv32-unknown-elf/13.2.0/rv32imac_zicsr_zifencei_zba_zbb_zbc_zbs/ilp32\libgcc.a(floatunsidf.o)
                0x80005d6e                __floatunsidf
 .text          0x80005db0      0x218 D:/SEGGER/toolchains/rv32imac_zicsr_zifencei_multilib_b_ext-win/bin/../lib/gcc/riscv32-unknown-elf/13.2.0/rv32imac_zicsr_zifencei_zba_zbb_zbc_zbs/ilp32\libgcc.a(divsf3.o)
                0x80005db0                __divsf3
 .text          0x80005fc8       0x76 D:/SEGGER/toolchains/rv32imac_zicsr_zifencei_multilib_b_ext-win/bin/../lib/gcc/riscv32-unknown-elf/13.2.0/rv32imac_zicsr_zifencei_zba_zbb_zbc_zbs/ilp32\libgcc.a(gesf2.o)
                0x80005fc8                __gesf2
                0x80005fc8                __gtsf2
 .text          0x8000603e       0x76 D:/SEGGER/toolchains/rv32imac_zicsr_zifencei_multilib_b_ext-win/bin/../lib/gcc/riscv32-unknown-elf/13.2.0/rv32imac_zicsr_zifencei_zba_zbb_zbc_zbs/ilp32\libgcc.a(lesf2.o)
                0x8000603e                __ltsf2
                0x8000603e                __lesf2
 .text          0x800060b4      0x2fa D:/SEGGER/toolchains/rv32imac_zicsr_zifencei_multilib_b_ext-win/bin/../lib/gcc/riscv32-unknown-elf/13.2.0/rv32imac_zicsr_zifencei_zba_zbb_zbc_zbs/ilp32\libgcc.a(subsf3.o)
                0x800060b4                __subsf3
 .text          0x800063ae       0x5a D:/SEGGER/toolchains/rv32imac_zicsr_zifencei_multilib_b_ext-win/bin/../lib/gcc/riscv32-unknown-elf/13.2.0/rv32imac_zicsr_zifencei_zba_zbb_zbc_zbs/ilp32\libgcc.a(fixunssfsi.o)
                0x800063ae                __fixunssfsi
 .text          0x80006408       0x9c D:/SEGGER/toolchains/rv32imac_zicsr_zifencei_multilib_b_ext-win/bin/../lib/gcc/riscv32-unknown-elf/13.2.0/rv32imac_zicsr_zifencei_zba_zbb_zbc_zbs/ilp32\libgcc.a(floatsisf.o)
                0x80006408                __floatsisf
 .text          0x800064a4       0x88 D:/SEGGER/toolchains/rv32imac_zicsr_zifencei_multilib_b_ext-win/bin/../lib/gcc/riscv32-unknown-elf/13.2.0/rv32imac_zicsr_zifencei_zba_zbb_zbc_zbs/ilp32\libgcc.a(floatunsisf.o)
                0x800064a4                __floatunsisf
 .text          0x8000652c      0x112 D:/SEGGER/toolchains/rv32imac_zicsr_zifencei_multilib_b_ext-win/bin/../lib/gcc/riscv32-unknown-elf/13.2.0/rv32imac_zicsr_zifencei_zba_zbb_zbc_zbs/ilp32\libgcc.a(truncdfsf2.o)
                0x8000652c                __truncdfsf2
 .text          0x8000663e       0x28 D:/SEGGER/toolchains/rv32imac_zicsr_zifencei_multilib_b_ext-win/bin/../lib/gcc/riscv32-unknown-elf/13.2.0/rv32imac_zicsr_zifencei_zba_zbb_zbc_zbs/ilp32\libgcc.a(_lshrdi3.o)
                0x8000663e                __lshrdi3
 .text          0x80006666       0x28 D:/SEGGER/toolchains/rv32imac_zicsr_zifencei_multilib_b_ext-win/bin/../lib/gcc/riscv32-unknown-elf/13.2.0/rv32imac_zicsr_zifencei_zba_zbb_zbc_zbs/ilp32\libgcc.a(_ashldi3.o)
                0x80006666                __ashldi3
 .text          0x8000668e       0x16 D:/SEGGER/toolchains/rv32imac_zicsr_zifencei_multilib_b_ext-win/bin/../lib/gcc/riscv32-unknown-elf/13.2.0/../../../../riscv32-unknown-elf/lib/rv32imac_zicsr_zifencei_zba_zbb_zbc_zbs/ilp32\libg_nano.a(lib_a-memcpy-asm.o)
                0x8000668e                memcpy
 .text          0x800066a4       0x10 D:/SEGGER/toolchains/rv32imac_zicsr_zifencei_multilib_b_ext-win/bin/../lib/gcc/riscv32-unknown-elf/13.2.0/../../../../riscv32-unknown-elf/lib/rv32imac_zicsr_zifencei_zba_zbb_zbc_zbs/ilp32\libg_nano.a(lib_a-memset.o)
                0x800066a4                memset
 .text          0x800066b4       0x26 D:/SEGGER/toolchains/rv32imac_zicsr_zifencei_multilib_b_ext-win/bin/../lib/gcc/riscv32-unknown-elf/13.2.0/../../../../riscv32-unknown-elf/lib/rv32imac_zicsr_zifencei_zba_zbb_zbc_zbs/ilp32\libg_nano.a(lib_a-memmove.o)
                0x800066b4                memmove
 .text          0x800066da       0x6a D:/SEGGER/toolchains/rv32imac_zicsr_zifencei_multilib_b_ext-win/bin/../lib/gcc/riscv32-unknown-elf/13.2.0/rv32imac_zicsr_zifencei_zba_zbb_zbc_zbs/ilp32\libgcc.a(eqdf2.o)
                0x800066da                __nedf2
                0x800066da                __eqdf2
 .text          0x80006744       0x38 D:/SEGGER/toolchains/rv32imac_zicsr_zifencei_multilib_b_ext-win/bin/../lib/gcc/riscv32-unknown-elf/13.2.0/rv32imac_zicsr_zifencei_zba_zbb_zbc_zbs/ilp32\libgcc.a(unorddf2.o)
                0x80006744                __unorddf2
 .text          0x8000677c       0x54 D:/SEGGER/toolchains/rv32imac_zicsr_zifencei_multilib_b_ext-win/bin/../lib/gcc/riscv32-unknown-elf/13.2.0/rv32imac_zicsr_zifencei_zba_zbb_zbc_zbs/ilp32\libgcc.a(floatsidf.o)
                0x8000677c                __floatsidf
 .text          0x800067d0       0x98 D:/SEGGER/toolchains/rv32imac_zicsr_zifencei_multilib_b_ext-win/bin/../lib/gcc/riscv32-unknown-elf/13.2.0/rv32imac_zicsr_zifencei_zba_zbb_zbc_zbs/ilp32\libgcc.a(fixdfdi.o)
                0x800067d0                __fixdfdi
 .text          0x80006868      0x154 D:/SEGGER/toolchains/rv32imac_zicsr_zifencei_multilib_b_ext-win/bin/../lib/gcc/riscv32-unknown-elf/13.2.0/rv32imac_zicsr_zifencei_zba_zbb_zbc_zbs/ilp32\libgcc.a(floatdidf.o)
                0x80006868                __floatdidf
 .text          0x800069bc      0x152 D:/SEGGER/toolchains/rv32imac_zicsr_zifencei_multilib_b_ext-win/bin/../lib/gcc/riscv32-unknown-elf/13.2.0/rv32imac_zicsr_zifencei_zba_zbb_zbc_zbs/ilp32\libgcc.a(extenddftf2.o)
                0x800069bc                __extenddftf2
 .text          0x80006b0e      0x240 D:/SEGGER/toolchains/rv32imac_zicsr_zifencei_multilib_b_ext-win/bin/../lib/gcc/riscv32-unknown-elf/13.2.0/rv32imac_zicsr_zifencei_zba_zbb_zbc_zbs/ilp32\libgcc.a(trunctfdf2.o)
                0x80006b0e                __trunctfdf2
 *(.text*)
 .text.htonl    0x80006d4e       0x34 CMakeFiles/app.dir/src/Bsp/RingBuffer.c.obj
 .text.ntohl    0x80006d82       0x14 CMakeFiles/app.dir/src/Bsp/RingBuffer.c.obj
 .text.ByteRingBuf_IsEmpty
                0x80006d96       0x26 CMakeFiles/app.dir/src/Bsp/RingBuffer.c.obj
                0x80006d96                ByteRingBuf_IsEmpty
 .text.ByteRingBuf_ActualSize
                0x80006dbc       0x34 CMakeFiles/app.dir/src/Bsp/RingBuffer.c.obj
                0x80006dbc                ByteRingBuf_ActualSize
 .text.ByteRingBuf_FreeSize
                0x80006df0       0x30 CMakeFiles/app.dir/src/Bsp/RingBuffer.c.obj
                0x80006df0                ByteRingBuf_FreeSize
 .text.ByteRingBuf_TryWrite
                0x80006e20       0xc8 CMakeFiles/app.dir/src/Bsp/RingBuffer.c.obj
                0x80006e20                ByteRingBuf_TryWrite
 .text.ByteRingBuf_FlashTryWrite
                0x80006ee8       0x18 CMakeFiles/app.dir/src/Bsp/RingBuffer.c.obj
                0x80006ee8                ByteRingBuf_FlashTryWrite
 .text.ByteRingBuf_RestoreTryRead
                0x80006f00       0x18 CMakeFiles/app.dir/src/Bsp/RingBuffer.c.obj
                0x80006f00                ByteRingBuf_RestoreTryRead
 .text.ByteRingBuf_Write
                0x80006f18       0x22 CMakeFiles/app.dir/src/Bsp/RingBuffer.c.obj
                0x80006f18                ByteRingBuf_Write
 .text.ByteRingBuf_TryRead
                0x80006f3a       0xc8 CMakeFiles/app.dir/src/Bsp/RingBuffer.c.obj
                0x80006f3a                ByteRingBuf_TryRead
 .text.ByteRingBuf_FlashTryRead
                0x80007002       0x18 CMakeFiles/app.dir/src/Bsp/RingBuffer.c.obj
                0x80007002                ByteRingBuf_FlashTryRead
 .text.ByteRingBuf_Read
                0x8000701a       0x22 CMakeFiles/app.dir/src/Bsp/RingBuffer.c.obj
                0x8000701a                ByteRingBuf_Read
 .text.ByteRingBuf_WriteFrame
                0x8000703c       0x76 CMakeFiles/app.dir/src/Bsp/RingBuffer.c.obj
                0x8000703c                ByteRingBuf_WriteFrame
 .text.ByteRingBuf_ReadFrame
                0x800070b2       0x94 CMakeFiles/app.dir/src/Bsp/RingBuffer.c.obj
                0x800070b2                ByteRingBuf_ReadFrame
 .text.mchtmr_get_count
                0x80007146       0x12 CMakeFiles/app.dir/src/Bsp/mac_table.c.obj
 .text.tsw_config_send_port
                0x80007158       0x4e CMakeFiles/app.dir/src/Bsp/tswLowLevel.c.obj
                0x80007158                tsw_config_send_port
 .text.tsw_self_adaptive_port_speed
                0x800071a6      0x3a0 CMakeFiles/app.dir/src/Bsp/tswLowLevel.c.obj
                0x800071a6                tsw_self_adaptive_port_speed
 .text.reset_tsw_phy_port1
                0x80007546       0x5c CMakeFiles/app.dir/src/Bsp/tswLowLevel.c.obj
                0x80007546                reset_tsw_phy_port1
 .text.reset_tsw_phy_port2
                0x800075a2       0x5c CMakeFiles/app.dir/src/Bsp/tswLowLevel.c.obj
                0x800075a2                reset_tsw_phy_port2
 .text.reset_tsw_phy_port3
                0x800075fe       0x5c CMakeFiles/app.dir/src/Bsp/tswLowLevel.c.obj
                0x800075fe                reset_tsw_phy_port3
 .text.sys_timer_callback
                0x8000765a       0x34 CMakeFiles/app.dir/src/Bsp/tswLowLevel.c.obj
                0x8000765a                sys_timer_callback
 .text.tsw_init
                0x8000768e      0x2dc CMakeFiles/app.dir/src/Bsp/tswLowLevel.c.obj
                0x8000768e                tsw_init
 .text.tsw_get_link_status
                0x8000796a       0x6e CMakeFiles/app.dir/src/Bsp/tswLowLevel.c.obj
                0x8000796a                tsw_get_link_status
 .text.Bsp_InitTsw
                0x800079d8      0x12a CMakeFiles/app.dir/src/Bsp/tswLowLevel.c.obj
                0x800079d8                Bsp_InitTsw
 .text.Bsp_GetTswMacAddr
                0x80007b02       0x1a CMakeFiles/app.dir/src/Bsp/tswLowLevel.c.obj
                0x80007b02                Bsp_GetTswMacAddr
 .text.mac_cpy  0x80007b1c       0x1a CMakeFiles/app.dir/src/main.c.obj
                0x80007b1c                mac_cpy
 .text.DATA_MAKE
                0x80007b36      0x148 CMakeFiles/app.dir/src/main.c.obj
                0x80007b36                DATA_MAKE
 .text.main     0x80007c7e      0x118 CMakeFiles/app.dir/src/main.c.obj
                0x80007c7e                main
 .text.__libc_init_array
                0x80007d96       0x6e lib/libhpm_sdk_gcc_startup_lib.a(initfini.c.obj)
                0x80007d96                __libc_init_array
 .text._clean_up
                0x80007e04       0xaa lib/libhpm_sdk_gcc_lib.a(reset.c.obj)
                0x80007e04                _clean_up
 .text.c_startup
                0x80007eae      0x23a lib/libhpm_sdk_gcc_lib.a(reset.c.obj)
                0x80007eae                c_startup
 .text.reset_handler
                0x800080e8       0x16 lib/libhpm_sdk_gcc_lib.a(reset.c.obj)
                0x800080e8                reset_handler
 .text._init    0x800080fe        0x4 lib/libhpm_sdk_gcc_lib.a(reset.c.obj)
                0x800080fe                _init
 .text.mchtmr_isr
                0x80008102        0x4 lib/libhpm_sdk_gcc_lib.a(trap.c.obj)
                0x80008102                mchtmr_isr
 .text.swi_isr  0x80008106        0x4 lib/libhpm_sdk_gcc_lib.a(trap.c.obj)
                0x80008106                swi_isr
 .text.syscall_handler
                0x8000810a       0x12 lib/libhpm_sdk_gcc_lib.a(trap.c.obj)
                0x8000810a                syscall_handler
 .text.exception_handler
                0x8000811c       0x2c lib/libhpm_sdk_gcc_lib.a(trap.c.obj)
                0x8000811c                exception_handler
 .text.exception_s_handler
                0x80008148        0xe lib/libhpm_sdk_gcc_lib.a(trap.c.obj)
                0x80008148                exception_s_handler
 .text.swi_s_isr
                0x80008156        0x4 lib/libhpm_sdk_gcc_lib.a(trap.c.obj)
                0x80008156                swi_s_isr
 .text.mchtmr_s_isr
                0x8000815a        0x4 lib/libhpm_sdk_gcc_lib.a(trap.c.obj)
                0x8000815a                mchtmr_s_isr
 .text.l1c_dc_enable
                0x8000815e       0x34 lib/libhpm_sdk_lib.a(hpm_l1c_drv.c.obj)
                0x8000815e                l1c_dc_enable
 .text.l1c_ic_enable
                0x80008192       0x2e lib/libhpm_sdk_lib.a(hpm_l1c_drv.c.obj)
                0x80008192                l1c_ic_enable
 .text.l1c_dc_invalidate_all
                0x800081c0       0x18 lib/libhpm_sdk_lib.a(hpm_l1c_drv.c.obj)
                0x800081c0                l1c_dc_invalidate_all
 .text.l1c_dc_enable_writearound
                0x800081d8        0xa lib/libhpm_sdk_lib.a(hpm_l1c_drv.c.obj)
                0x800081d8                l1c_dc_enable_writearound
 .text.init_uart_pins
                0x800081e2       0xcc lib/libhpm_sdk_lib.a(pinmux.c.obj)
                0x800081e2                init_uart_pins
 .text.init_tsw_pins
                0x800082ae      0x220 lib/libhpm_sdk_lib.a(pinmux.c.obj)
                0x800082ae                init_tsw_pins
 .text.sysctl_clock_set_preset
                0x800084ce       0x28 lib/libhpm_sdk_lib.a(board.c.obj)
 .text.gptmr_enable_irq
                0x800084f6       0x1c lib/libhpm_sdk_lib.a(board.c.obj)
 .text.gptmr_check_status
                0x80008512       0x24 lib/libhpm_sdk_lib.a(board.c.obj)
 .text.gptmr_clear_status
                0x80008536       0x14 lib/libhpm_sdk_lib.a(board.c.obj)
 .text.gptmr_channel_is_opmode
                0x8000854a       0x2e lib/libhpm_sdk_lib.a(board.c.obj)
 .text.gptmr_start_counter
                0x80008578       0x5a lib/libhpm_sdk_lib.a(board.c.obj)
 .text.gpio_write_pin
                0x800085d2       0x52 lib/libhpm_sdk_lib.a(board.c.obj)
 .text.gpio_set_pin_input
                0x80008624       0x2c lib/libhpm_sdk_lib.a(board.c.obj)
 .text.pllctlv2_xtal_set_rampup_time
                0x80008650       0x26 lib/libhpm_sdk_lib.a(board.c.obj)
 .text.board_init_console
                0x80008676       0x62 lib/libhpm_sdk_lib.a(board.c.obj)
                0x80008676                board_init_console
 .text.board_init
                0x800086d8       0x12 lib/libhpm_sdk_lib.a(board.c.obj)
                0x800086d8                board_init
 .text.board_delay_ms
                0x800086ea       0x14 lib/libhpm_sdk_lib.a(board.c.obj)
                0x800086ea                board_delay_ms
 .text.board_timer_create
                0x800086fe       0xf2 lib/libhpm_sdk_lib.a(board.c.obj)
                0x800086fe                board_timer_create
 .text.board_init_pmp
                0x800087f0      0x22a lib/libhpm_sdk_lib.a(board.c.obj)
                0x800087f0                board_init_pmp
 .text.board_init_clock
                0x80008a1a      0x57a lib/libhpm_sdk_lib.a(board.c.obj)
                0x80008a1a                board_init_clock
 .text.board_init_tsw
                0x80008f94       0x5e lib/libhpm_sdk_lib.a(board.c.obj)
                0x80008f94                board_init_tsw
 .text.board_tsw_phy_set
                0x80008ff2       0x72 lib/libhpm_sdk_lib.a(board.c.obj)
                0x80008ff2                board_tsw_phy_set
 .text.enable_plic_feature
                0x80009064       0x2c lib/libhpm_sdk_lib.a(system.c.obj)
                0x80009064                enable_plic_feature
 .text.system_init
                0x80009090       0x54 lib/libhpm_sdk_lib.a(system.c.obj)
                0x80009090                system_init
 .text.sysctl_resource_target_is_busy
                0x800090e4       0x24 lib/libhpm_sdk_lib.a(hpm_sysctl_drv.c.obj)
 .text.sysctl_clock_target_is_busy
                0x80009108       0x28 lib/libhpm_sdk_lib.a(hpm_sysctl_drv.c.obj)
 .text.sysctl_enable_group_resource
                0x80009130       0xfa lib/libhpm_sdk_lib.a(hpm_sysctl_drv.c.obj)
                0x80009130                sysctl_enable_group_resource
 .text.sysctl_config_clock
                0x8000922a       0x82 lib/libhpm_sdk_lib.a(hpm_sysctl_drv.c.obj)
                0x8000922a                sysctl_config_clock
 .text.hpm_csr_get_core_cycle
                0x800092ac       0x7a lib/libhpm_sdk_lib.a(hpm_clock_drv.c.obj)
 .text.clock_get_frequency
                0x80009326       0xb6 lib/libhpm_sdk_lib.a(hpm_clock_drv.c.obj)
                0x80009326                clock_get_frequency
 .text.get_frequency_for_source
                0x800093dc       0xae lib/libhpm_sdk_lib.a(hpm_clock_drv.c.obj)
                0x800093dc                get_frequency_for_source
 .text.get_frequency_for_ip_in_common_group
                0x8000948a       0x64 lib/libhpm_sdk_lib.a(hpm_clock_drv.c.obj)
 .text.get_frequency_for_adc
                0x800094ee       0x7e lib/libhpm_sdk_lib.a(hpm_clock_drv.c.obj)
 .text.get_frequency_for_i2s
                0x8000956c       0x56 lib/libhpm_sdk_lib.a(hpm_clock_drv.c.obj)
 .text.get_frequency_for_ewdg
                0x800095c2       0x36 lib/libhpm_sdk_lib.a(hpm_clock_drv.c.obj)
 .text.get_frequency_for_pewdg
                0x800095f8       0x28 lib/libhpm_sdk_lib.a(hpm_clock_drv.c.obj)
 .text.clock_set_source_divider
                0x80009620       0xd6 lib/libhpm_sdk_lib.a(hpm_clock_drv.c.obj)
                0x80009620                clock_set_source_divider
 .text.clock_add_to_group
                0x800096f6       0x34 lib/libhpm_sdk_lib.a(hpm_clock_drv.c.obj)
                0x800096f6                clock_add_to_group
 .text.clock_connect_group_to_cpu
                0x8000972a       0x2c lib/libhpm_sdk_lib.a(hpm_clock_drv.c.obj)
                0x8000972a                clock_connect_group_to_cpu
 .text.clock_get_core_clock_ticks_per_ms
                0x80009756       0x32 lib/libhpm_sdk_lib.a(hpm_clock_drv.c.obj)
                0x80009756                clock_get_core_clock_ticks_per_ms
 .text.clock_cpu_delay_ms
                0x80009788       0x94 lib/libhpm_sdk_lib.a(hpm_clock_drv.c.obj)
                0x80009788                clock_cpu_delay_ms
 .text.clock_update_core_clock
                0x8000981c       0x3a lib/libhpm_sdk_lib.a(hpm_clock_drv.c.obj)
                0x8000981c                clock_update_core_clock
 .text.uart_modem_config
                0x80009856       0x3c lib/libhpm_sdk_lib.a(hpm_uart_drv.c.obj)
 .text.uart_disable_irq
                0x80009892       0x1c lib/libhpm_sdk_lib.a(hpm_uart_drv.c.obj)
 .text.uart_enable_irq
                0x800098ae       0x18 lib/libhpm_sdk_lib.a(hpm_uart_drv.c.obj)
 .text.uart_default_config
                0x800098c6       0x94 lib/libhpm_sdk_lib.a(hpm_uart_drv.c.obj)
                0x800098c6                uart_default_config
 .text.uart_calculate_baudrate
                0x8000995a      0x1c4 lib/libhpm_sdk_lib.a(hpm_uart_drv.c.obj)
 .text.uart_init
                0x80009b1e      0x1b8 lib/libhpm_sdk_lib.a(hpm_uart_drv.c.obj)
                0x80009b1e                uart_init
 .text.uart_send_byte
                0x80009cd6       0x4e lib/libhpm_sdk_lib.a(hpm_uart_drv.c.obj)
                0x80009cd6                uart_send_byte
 .text.uart_flush
                0x80009d24       0x40 lib/libhpm_sdk_lib.a(hpm_uart_drv.c.obj)
                0x80009d24                uart_flush
 .text.uart_receive_byte
                0x80009d64       0x4e lib/libhpm_sdk_lib.a(hpm_uart_drv.c.obj)
                0x80009d64                uart_receive_byte
 .text.uart_init_rxline_idle_detection
                0x80009db2       0x60 lib/libhpm_sdk_lib.a(hpm_uart_drv.c.obj)
                0x80009db2                uart_init_rxline_idle_detection
 .text.read_pmp_cfg
                0x80009e12       0x6e lib/libhpm_sdk_lib.a(hpm_pmp_drv.c.obj)
                0x80009e12                read_pmp_cfg
 .text.write_pmp_cfg
                0x80009e80       0x5c lib/libhpm_sdk_lib.a(hpm_pmp_drv.c.obj)
                0x80009e80                write_pmp_cfg
 .text.write_pmp_addr
                0x80009edc       0xaa lib/libhpm_sdk_lib.a(hpm_pmp_drv.c.obj)
                0x80009edc                write_pmp_addr
 .text.read_pma_cfg
                0x80009f86       0x6e lib/libhpm_sdk_lib.a(hpm_pmp_drv.c.obj)
                0x80009f86                read_pma_cfg
 .text.write_pma_cfg
                0x80009ff4       0x5c lib/libhpm_sdk_lib.a(hpm_pmp_drv.c.obj)
                0x80009ff4                write_pma_cfg
 .text.write_pma_addr
                0x8000a050       0xaa lib/libhpm_sdk_lib.a(hpm_pmp_drv.c.obj)
                0x8000a050                write_pma_addr
 .text.pmp_config
                0x8000a0fa       0xda lib/libhpm_sdk_lib.a(hpm_pmp_drv.c.obj)
                0x8000a0fa                pmp_config
 .text.gpio_set_pin_output_with_initial
                0x8000a1d4       0x6e lib/libhpm_sdk_lib.a(hpm_gpio_drv.c.obj)
                0x8000a1d4                gpio_set_pin_output_with_initial
 .text.gptmr_channel_reset_count
                0x8000a242       0x4a lib/libhpm_sdk_lib.a(hpm_gptmr_drv.c.obj)
 .text.gptmr_channel_set_capmode
                0x8000a28c       0x36 lib/libhpm_sdk_lib.a(hpm_gptmr_drv.c.obj)
 .text.gptmr_update_cmp
                0x8000a2c2       0x42 lib/libhpm_sdk_lib.a(hpm_gptmr_drv.c.obj)
 .text.gptmr_channel_config_update_reload
                0x8000a304       0x32 lib/libhpm_sdk_lib.a(hpm_gptmr_drv.c.obj)
 .text.gptmr_channel_enable_monitor
                0x8000a336       0x2c lib/libhpm_sdk_lib.a(hpm_gptmr_drv.c.obj)
 .text.gptmr_channel_disable_monitor
                0x8000a362       0x2e lib/libhpm_sdk_lib.a(hpm_gptmr_drv.c.obj)
 .text.gptmr_channel_set_monitor_type
                0x8000a390       0x3e lib/libhpm_sdk_lib.a(hpm_gptmr_drv.c.obj)
 .text.gptmr_channel_get_default_config
                0x8000a3ce       0x94 lib/libhpm_sdk_lib.a(hpm_gptmr_drv.c.obj)
                0x8000a3ce                gptmr_channel_get_default_config
 .text.gptmr_channel_config
                0x8000a462      0x180 lib/libhpm_sdk_lib.a(hpm_gptmr_drv.c.obj)
                0x8000a462                gptmr_channel_config
 .text.gptmr_channel_get_default_monitor_config
                0x8000a5e2       0x1e lib/libhpm_sdk_lib.a(hpm_gptmr_drv.c.obj)
                0x8000a5e2                gptmr_channel_get_default_monitor_config
 .text.gptmr_channel_monitor_config
                0x8000a600       0xb6 lib/libhpm_sdk_lib.a(hpm_gptmr_drv.c.obj)
                0x8000a600                gptmr_channel_monitor_config
 .text.pllctlv2_get_pll_freq_in_hz
                0x8000a6b6       0xd0 lib/libhpm_sdk_lib.a(hpm_pllctlv2_drv.c.obj)
                0x8000a6b6                pllctlv2_get_pll_freq_in_hz
 .text.pllctlv2_get_pll_postdiv_freq_in_hz
                0x8000a786       0xb0 lib/libhpm_sdk_lib.a(hpm_pllctlv2_drv.c.obj)
                0x8000a786                pllctlv2_get_pll_postdiv_freq_in_hz
 .text.pcfg_dcdc_set_voltage
                0x8000a836       0x48 lib/libhpm_sdk_lib.a(hpm_pcfg_drv.c.obj)
                0x8000a836                pcfg_dcdc_set_voltage
 .text.tsw_send_frame_setup
                0x8000a87e       0x6e lib/libhpm_sdk_lib.a(hpm_tsw_drv.c.obj)
 .text.tsw_get_default_dma_config
                0x8000a8ec       0x20 lib/libhpm_sdk_lib.a(hpm_tsw_drv.c.obj)
                0x8000a8ec                tsw_get_default_dma_config
 .text.tsw_ep_set_mdio_config
                0x8000a90c       0x34 lib/libhpm_sdk_lib.a(hpm_tsw_drv.c.obj)
                0x8000a90c                tsw_ep_set_mdio_config
 .text.tsw_ep_mdio_read
                0x8000a940       0x8a lib/libhpm_sdk_lib.a(hpm_tsw_drv.c.obj)
                0x8000a940                tsw_ep_mdio_read
 .text.tsw_ep_mdio_write
                0x8000a9ca       0x80 lib/libhpm_sdk_lib.a(hpm_tsw_drv.c.obj)
                0x8000a9ca                tsw_ep_mdio_write
 .text.tsw_ep_enable_mac_ctrl
                0x8000aa4a       0x50 lib/libhpm_sdk_lib.a(hpm_tsw_drv.c.obj)
                0x8000aa4a                tsw_ep_enable_mac_ctrl
 .text.tsw_ep_disable_mac_ctrl
                0x8000aa9a       0x76 lib/libhpm_sdk_lib.a(hpm_tsw_drv.c.obj)
                0x8000aa9a                tsw_ep_disable_mac_ctrl
 .text.tsw_ep_enable_all_mac_ctrl
                0x8000ab10       0x3a lib/libhpm_sdk_lib.a(hpm_tsw_drv.c.obj)
                0x8000ab10                tsw_ep_enable_all_mac_ctrl
 .text.tsw_ep_disable_all_mac_ctrl
                0x8000ab4a       0x3a lib/libhpm_sdk_lib.a(hpm_tsw_drv.c.obj)
                0x8000ab4a                tsw_ep_disable_all_mac_ctrl
 .text.tsw_ep_set_mac_addr
                0x8000ab84       0xb4 lib/libhpm_sdk_lib.a(hpm_tsw_drv.c.obj)
                0x8000ab84                tsw_ep_set_mac_addr
 .text.tsw_ep_set_mac_mode
                0x8000ac38       0x6c lib/libhpm_sdk_lib.a(hpm_tsw_drv.c.obj)
                0x8000ac38                tsw_ep_set_mac_mode
 .text.tsw_ep_set_xmac_mode
                0x8000aca4       0x82 lib/libhpm_sdk_lib.a(hpm_tsw_drv.c.obj)
                0x8000aca4                tsw_ep_set_xmac_mode
 .text.tsw_init_send
                0x8000ad26       0xd0 lib/libhpm_sdk_lib.a(hpm_tsw_drv.c.obj)
                0x8000ad26                tsw_init_send
 .text.tsw_send_frame
                0x8000adf6       0x3c lib/libhpm_sdk_lib.a(hpm_tsw_drv.c.obj)
                0x8000adf6                tsw_send_frame
 .text.tsw_init_recv
                0x8000ae32       0xf4 lib/libhpm_sdk_lib.a(hpm_tsw_drv.c.obj)
                0x8000ae32                tsw_init_recv
 .text.tsw_recv_frame
                0x8000af26       0x76 lib/libhpm_sdk_lib.a(hpm_tsw_drv.c.obj)
                0x8000af26                tsw_recv_frame
 .text.tsw_commit_recv_desc
                0x8000af9c       0x70 lib/libhpm_sdk_lib.a(hpm_tsw_drv.c.obj)
                0x8000af9c                tsw_commit_recv_desc
 .text.tsw_set_cam_vlan_port
                0x8000b00c       0x1e lib/libhpm_sdk_lib.a(hpm_tsw_drv.c.obj)
                0x8000b00c                tsw_set_cam_vlan_port
 .text.tsw_port_gpr
                0x8000b02a       0x92 lib/libhpm_sdk_lib.a(hpm_tsw_drv.c.obj)
                0x8000b02a                tsw_port_gpr
 .text.tsw_set_port_clock_delay
                0x8000b0bc       0x8a lib/libhpm_sdk_lib.a(hpm_tsw_drv.c.obj)
                0x8000b0bc                tsw_set_port_clock_delay
 .text.tsw_set_port_speed
                0x8000b146      0x144 lib/libhpm_sdk_lib.a(hpm_tsw_drv.c.obj)
                0x8000b146                tsw_set_port_speed
 .text.tsw_set_broadcast_frame_action
                0x8000b28a       0x2a lib/libhpm_sdk_lib.a(hpm_tsw_drv.c.obj)
                0x8000b28a                tsw_set_broadcast_frame_action
 .text.tsw_set_unknown_frame_action
                0x8000b2b4       0x2a lib/libhpm_sdk_lib.a(hpm_tsw_drv.c.obj)
                0x8000b2b4                tsw_set_unknown_frame_action
 .text.tsw_clear_cam
                0x8000b2de       0x22 lib/libhpm_sdk_lib.a(hpm_tsw_drv.c.obj)
                0x8000b2de                tsw_clear_cam
 .text.tsw_set_rtc_time_increment
                0x8000b300       0x1c lib/libhpm_sdk_lib.a(hpm_tsw_drv.c.obj)
                0x8000b300                tsw_set_rtc_time_increment
 .text.tsw_fpe_enable_mms
                0x8000b31c       0x3a lib/libhpm_sdk_lib.a(hpm_tsw_drv.c.obj)
                0x8000b31c                tsw_fpe_enable_mms
 .text.tsw_fpe_get_default_mms_ctrl_config
                0x8000b356       0x3c lib/libhpm_sdk_lib.a(hpm_tsw_drv.c.obj)
                0x8000b356                tsw_fpe_get_default_mms_ctrl_config
 .text.tsw_fpe_set_mms_ctrl
                0x8000b392      0x142 lib/libhpm_sdk_lib.a(hpm_tsw_drv.c.obj)
                0x8000b392                tsw_fpe_set_mms_ctrl
 .text._sbrk    0x8000b4d4       0x78 lib/libhpm_sdk_lib.a(hpm_sbrk.c.obj)
                0x8000b4d4                _sbrk
 .text.yt8531_check_id
                0x8000b54c       0x6c lib/libhpm_sdk_lib.a(hpm_yt8531.c.obj)
 .text.yt8531_reset
                0x8000b5b8       0x54 lib/libhpm_sdk_lib.a(hpm_yt8531.c.obj)
                0x8000b5b8                yt8531_reset
 .text.yt8531_basic_mode_default_config
                0x8000b60c       0x1a lib/libhpm_sdk_lib.a(hpm_yt8531.c.obj)
                0x8000b60c                yt8531_basic_mode_default_config
 .text.yt8531_basic_mode_init
                0x8000b626      0x100 lib/libhpm_sdk_lib.a(hpm_yt8531.c.obj)
                0x8000b626                yt8531_basic_mode_init
 .text.yt8531_get_phy_status
                0x8000b726       0x8c lib/libhpm_sdk_lib.a(hpm_yt8531.c.obj)
                0x8000b726                yt8531_get_phy_status
 .text.console_init
                0x8000b7b2       0x72 lib/libhpm_sdk_lib.a(hpm_debug_console.c.obj)
                0x8000b7b2                console_init
 .text._write   0x8000b824       0x80 lib/libhpm_sdk_lib.a(hpm_debug_console.c.obj)
                0x8000b824                _write
 .text._read    0x8000b8a4       0x2a lib/libhpm_sdk_lib.a(hpm_debug_console.c.obj)
                0x8000b8a4                _read
 .text._fstat   0x8000b8ce       0x14 lib/libhpm_sdk_lib.a(hpm_debug_console.c.obj)
                0x8000b8ce                _fstat
 .text.__assert_func
                0x8000b8e2       0x3c D:/SEGGER/toolchains/rv32imac_zicsr_zifencei_multilib_b_ext-win/bin/../lib/gcc/riscv32-unknown-elf/13.2.0/../../../../riscv32-unknown-elf/lib/rv32imac_zicsr_zifencei_zba_zbb_zbc_zbs/ilp32\libg_nano.a(lib_a-assert.o)
                0x8000b8e2                __assert_func
 .text.__errno  0x8000b91e        0x6 D:/SEGGER/toolchains/rv32imac_zicsr_zifencei_multilib_b_ext-win/bin/../lib/gcc/riscv32-unknown-elf/13.2.0/../../../../riscv32-unknown-elf/lib/rv32imac_zicsr_zifencei_zba_zbb_zbc_zbs/ilp32\libg_nano.a(lib_a-errno.o)
                0x8000b91e                __errno
 .text.fprintf  0x8000b924       0x26 D:/SEGGER/toolchains/rv32imac_zicsr_zifencei_multilib_b_ext-win/bin/../lib/gcc/riscv32-unknown-elf/13.2.0/../../../../riscv32-unknown-elf/lib/rv32imac_zicsr_zifencei_zba_zbb_zbc_zbs/ilp32\libg_nano.a(lib_a-fprintf.o)
                0x8000b924                fiprintf
                0x8000b924                fprintf
 .text.memcmp   0x8000b94a       0x26 D:/SEGGER/toolchains/rv32imac_zicsr_zifencei_multilib_b_ext-win/bin/../lib/gcc/riscv32-unknown-elf/13.2.0/../../../../riscv32-unknown-elf/lib/rv32imac_zicsr_zifencei_zba_zbb_zbc_zbs/ilp32\libg_nano.a(lib_a-memcmp.o)
                0x8000b94a                memcmp
 .text.__cvt    0x8000b970       0xee D:/SEGGER/toolchains/rv32imac_zicsr_zifencei_multilib_b_ext-win/bin/../lib/gcc/riscv32-unknown-elf/13.2.0/../../../../riscv32-unknown-elf/lib/rv32imac_zicsr_zifencei_zba_zbb_zbc_zbs/ilp32\libg_nano.a(lib_a-nano-vfprintf_float.o)
                0x8000b970                __cvt
 .text.__exponent
                0x8000ba5e       0x9c D:/SEGGER/toolchains/rv32imac_zicsr_zifencei_multilib_b_ext-win/bin/../lib/gcc/riscv32-unknown-elf/13.2.0/../../../../riscv32-unknown-elf/lib/rv32imac_zicsr_zifencei_zba_zbb_zbc_zbs/ilp32\libg_nano.a(lib_a-nano-vfprintf_float.o)
                0x8000ba5e                __exponent
 .text._printf_float
                0x8000bafa      0x4ae D:/SEGGER/toolchains/rv32imac_zicsr_zifencei_multilib_b_ext-win/bin/../lib/gcc/riscv32-unknown-elf/13.2.0/../../../../riscv32-unknown-elf/lib/rv32imac_zicsr_zifencei_zba_zbb_zbc_zbs/ilp32\libg_nano.a(lib_a-nano-vfprintf_float.o)
                0x8000bafa                _printf_float
 .text._printf_common
                0x8000bfa8      0x108 D:/SEGGER/toolchains/rv32imac_zicsr_zifencei_multilib_b_ext-win/bin/../lib/gcc/riscv32-unknown-elf/13.2.0/../../../../riscv32-unknown-elf/lib/rv32imac_zicsr_zifencei_zba_zbb_zbc_zbs/ilp32\libg_nano.a(lib_a-nano-vfprintf_i.o)
                0x8000bfa8                _printf_common
 .text._printf_i
                0x8000c0b0      0x25c D:/SEGGER/toolchains/rv32imac_zicsr_zifencei_multilib_b_ext-win/bin/../lib/gcc/riscv32-unknown-elf/13.2.0/../../../../riscv32-unknown-elf/lib/rv32imac_zicsr_zifencei_zba_zbb_zbc_zbs/ilp32\libg_nano.a(lib_a-nano-vfprintf_i.o)
                0x8000c0b0                _printf_i
 .text.__sfputc_r
                0x8000c30c       0x2a D:/SEGGER/toolchains/rv32imac_zicsr_zifencei_multilib_b_ext-win/bin/../lib/gcc/riscv32-unknown-elf/13.2.0/../../../../riscv32-unknown-elf/lib/rv32imac_zicsr_zifencei_zba_zbb_zbc_zbs/ilp32\libg_nano.a(lib_a-nano-vfprintf.o)
 .text.__sfputs_r
                0x8000c336       0x44 D:/SEGGER/toolchains/rv32imac_zicsr_zifencei_multilib_b_ext-win/bin/../lib/gcc/riscv32-unknown-elf/13.2.0/../../../../riscv32-unknown-elf/lib/rv32imac_zicsr_zifencei_zba_zbb_zbc_zbs/ilp32\libg_nano.a(lib_a-nano-vfprintf.o)
                0x8000c336                __sfputs_r
 .text._vfprintf_r
                0x8000c37a      0x2a4 D:/SEGGER/toolchains/rv32imac_zicsr_zifencei_multilib_b_ext-win/bin/../lib/gcc/riscv32-unknown-elf/13.2.0/../../../../riscv32-unknown-elf/lib/rv32imac_zicsr_zifencei_zba_zbb_zbc_zbs/ilp32\libg_nano.a(lib_a-nano-vfprintf.o)
                0x8000c37a                _vfprintf_r
                0x8000c37a                _vfiprintf_r
 .text._scanf_float
                0x8000c61e      0x480 D:/SEGGER/toolchains/rv32imac_zicsr_zifencei_multilib_b_ext-win/bin/../lib/gcc/riscv32-unknown-elf/13.2.0/../../../../riscv32-unknown-elf/lib/rv32imac_zicsr_zifencei_zba_zbb_zbc_zbs/ilp32\libg_nano.a(lib_a-nano-vfscanf_float.o)
                0x8000c61e                _scanf_float
 .text.printf   0x8000ca9e       0x3c D:/SEGGER/toolchains/rv32imac_zicsr_zifencei_multilib_b_ext-win/bin/../lib/gcc/riscv32-unknown-elf/13.2.0/../../../../riscv32-unknown-elf/lib/rv32imac_zicsr_zifencei_zba_zbb_zbc_zbs/ilp32\libg_nano.a(lib_a-printf.o)
                0x8000ca9e                iprintf
                0x8000ca9e                printf
 .text.nanf     0x8000cada        0xa D:/SEGGER/toolchains/rv32imac_zicsr_zifencei_multilib_b_ext-win/bin/../lib/gcc/riscv32-unknown-elf/13.2.0/../../../../riscv32-unknown-elf/lib/rv32imac_zicsr_zifencei_zba_zbb_zbc_zbs/ilp32\libg_nano.a(lib_a-sf_nan.o)
                0x8000cada                nanf
 .text.sprintf  0x8000cae4       0x42 D:/SEGGER/toolchains/rv32imac_zicsr_zifencei_multilib_b_ext-win/bin/../lib/gcc/riscv32-unknown-elf/13.2.0/../../../../riscv32-unknown-elf/lib/rv32imac_zicsr_zifencei_zba_zbb_zbc_zbs/ilp32\libg_nano.a(lib_a-sprintf.o)
                0x8000cae4                siprintf
                0x8000cae4                sprintf
 .text.strlen   0x8000cb26       0x12 D:/SEGGER/toolchains/rv32imac_zicsr_zifencei_multilib_b_ext-win/bin/../lib/gcc/riscv32-unknown-elf/13.2.0/../../../../riscv32-unknown-elf/lib/rv32imac_zicsr_zifencei_zba_zbb_zbc_zbs/ilp32\libg_nano.a(lib_a-strlen.o)
                0x8000cb26                strlen
 .text.sulp     0x8000cb38       0x50 D:/SEGGER/toolchains/rv32imac_zicsr_zifencei_multilib_b_ext-win/bin/../lib/gcc/riscv32-unknown-elf/13.2.0/../../../../riscv32-unknown-elf/lib/rv32imac_zicsr_zifencei_zba_zbb_zbc_zbs/ilp32\libg_nano.a(lib_a-strtod.o)
 .text._strtod_l
                0x8000cb88      0xc5c D:/SEGGER/toolchains/rv32imac_zicsr_zifencei_multilib_b_ext-win/bin/../lib/gcc/riscv32-unknown-elf/13.2.0/../../../../riscv32-unknown-elf/lib/rv32imac_zicsr_zifencei_zba_zbb_zbc_zbs/ilp32\libg_nano.a(lib_a-strtod.o)
                0x8000cb88                _strtod_l
 .text._strtod_r
                0x8000d7e4        0xc D:/SEGGER/toolchains/rv32imac_zicsr_zifencei_multilib_b_ext-win/bin/../lib/gcc/riscv32-unknown-elf/13.2.0/../../../../riscv32-unknown-elf/lib/rv32imac_zicsr_zifencei_zba_zbb_zbc_zbs/ilp32\libg_nano.a(lib_a-strtod.o)
                0x8000d7e4                _strtod_r
 .text._strtol_l.isra.0
                0x8000d7f0      0x136 D:/SEGGER/toolchains/rv32imac_zicsr_zifencei_multilib_b_ext-win/bin/../lib/gcc/riscv32-unknown-elf/13.2.0/../../../../riscv32-unknown-elf/lib/rv32imac_zicsr_zifencei_zba_zbb_zbc_zbs/ilp32\libg_nano.a(lib_a-strtol.o)
 .text._strtol_r
                0x8000d926        0x4 D:/SEGGER/toolchains/rv32imac_zicsr_zifencei_multilib_b_ext-win/bin/../lib/gcc/riscv32-unknown-elf/13.2.0/../../../../riscv32-unknown-elf/lib/rv32imac_zicsr_zifencei_zba_zbb_zbc_zbs/ilp32\libg_nano.a(lib_a-strtol.o)
                0x8000d926                _strtol_r
 .text.__swbuf_r
                0x8000d92a       0xc6 D:/SEGGER/toolchains/rv32imac_zicsr_zifencei_multilib_b_ext-win/bin/../lib/gcc/riscv32-unknown-elf/13.2.0/../../../../riscv32-unknown-elf/lib/rv32imac_zicsr_zifencei_zba_zbb_zbc_zbs/ilp32\libg_nano.a(lib_a-wbuf.o)
                0x8000d92a                __swbuf_r
 .text.__swsetup_r
                0x8000d9f0      0x102 D:/SEGGER/toolchains/rv32imac_zicsr_zifencei_multilib_b_ext-win/bin/../lib/gcc/riscv32-unknown-elf/13.2.0/../../../../riscv32-unknown-elf/lib/rv32imac_zicsr_zifencei_zba_zbb_zbc_zbs/ilp32\libg_nano.a(lib_a-wsetup.o)
                0x8000d9f0                __swsetup_r
 .text.abort    0x8000daf2       0x10 D:/SEGGER/toolchains/rv32imac_zicsr_zifencei_multilib_b_ext-win/bin/../lib/gcc/riscv32-unknown-elf/13.2.0/../../../../riscv32-unknown-elf/lib/rv32imac_zicsr_zifencei_zba_zbb_zbc_zbs/ilp32\libg_nano.a(lib_a-abort.o)
                0x8000daf2                abort
 .text.quorem   0x8000db02      0x12c D:/SEGGER/toolchains/rv32imac_zicsr_zifencei_multilib_b_ext-win/bin/../lib/gcc/riscv32-unknown-elf/13.2.0/../../../../riscv32-unknown-elf/lib/rv32imac_zicsr_zifencei_zba_zbb_zbc_zbs/ilp32\libg_nano.a(lib_a-dtoa.o)
 .text._dtoa_r  0x8000dc2e      0xc1a D:/SEGGER/toolchains/rv32imac_zicsr_zifencei_multilib_b_ext-win/bin/../lib/gcc/riscv32-unknown-elf/13.2.0/../../../../riscv32-unknown-elf/lib/rv32imac_zicsr_zifencei_zba_zbb_zbc_zbs/ilp32\libg_nano.a(lib_a-dtoa.o)
                0x8000dc2e                _dtoa_r
 .text.__sflush_r
                0x8000e848      0x13a D:/SEGGER/toolchains/rv32imac_zicsr_zifencei_multilib_b_ext-win/bin/../lib/gcc/riscv32-unknown-elf/13.2.0/../../../../riscv32-unknown-elf/lib/rv32imac_zicsr_zifencei_zba_zbb_zbc_zbs/ilp32\libg_nano.a(lib_a-fflush.o)
                0x8000e848                __sflush_r
 .text._fflush_r
                0x8000e982       0x66 D:/SEGGER/toolchains/rv32imac_zicsr_zifencei_multilib_b_ext-win/bin/../lib/gcc/riscv32-unknown-elf/13.2.0/../../../../riscv32-unknown-elf/lib/rv32imac_zicsr_zifencei_zba_zbb_zbc_zbs/ilp32\libg_nano.a(lib_a-fflush.o)
                0x8000e982                _fflush_r
 .text.std      0x8000e9e8       0x6a D:/SEGGER/toolchains/rv32imac_zicsr_zifencei_multilib_b_ext-win/bin/../lib/gcc/riscv32-unknown-elf/13.2.0/../../../../riscv32-unknown-elf/lib/rv32imac_zicsr_zifencei_zba_zbb_zbc_zbs/ilp32\libg_nano.a(lib_a-findfp.o)
 .text._cleanup_r
                0x8000ea52        0xa D:/SEGGER/toolchains/rv32imac_zicsr_zifencei_multilib_b_ext-win/bin/../lib/gcc/riscv32-unknown-elf/13.2.0/../../../../riscv32-unknown-elf/lib/rv32imac_zicsr_zifencei_zba_zbb_zbc_zbs/ilp32\libg_nano.a(lib_a-findfp.o)
                0x8000ea52                _cleanup_r
 .text.__sfmoreglue
                0x8000ea5c       0x48 D:/SEGGER/toolchains/rv32imac_zicsr_zifencei_multilib_b_ext-win/bin/../lib/gcc/riscv32-unknown-elf/13.2.0/../../../../riscv32-unknown-elf/lib/rv32imac_zicsr_zifencei_zba_zbb_zbc_zbs/ilp32\libg_nano.a(lib_a-findfp.o)
                0x8000ea5c                __sfmoreglue
 .text.__sinit  0x8000eaa4       0x70 D:/SEGGER/toolchains/rv32imac_zicsr_zifencei_multilib_b_ext-win/bin/../lib/gcc/riscv32-unknown-elf/13.2.0/../../../../riscv32-unknown-elf/lib/rv32imac_zicsr_zifencei_zba_zbb_zbc_zbs/ilp32\libg_nano.a(lib_a-findfp.o)
                0x8000eaa4                __sinit
 .text.__sfp    0x8000eb14       0xa2 D:/SEGGER/toolchains/rv32imac_zicsr_zifencei_multilib_b_ext-win/bin/../lib/gcc/riscv32-unknown-elf/13.2.0/../../../../riscv32-unknown-elf/lib/rv32imac_zicsr_zifencei_zba_zbb_zbc_zbs/ilp32\libg_nano.a(lib_a-findfp.o)
                0x8000eb14                __sfp
 .text._fwalk_reent
                0x8000ebb6       0x6a D:/SEGGER/toolchains/rv32imac_zicsr_zifencei_multilib_b_ext-win/bin/../lib/gcc/riscv32-unknown-elf/13.2.0/../../../../riscv32-unknown-elf/lib/rv32imac_zicsr_zifencei_zba_zbb_zbc_zbs/ilp32\libg_nano.a(lib_a-fwalk.o)
                0x8000ebb6                _fwalk_reent
 .text.rshift   0x8000ec20       0xb2 D:/SEGGER/toolchains/rv32imac_zicsr_zifencei_multilib_b_ext-win/bin/../lib/gcc/riscv32-unknown-elf/13.2.0/../../../../riscv32-unknown-elf/lib/rv32imac_zicsr_zifencei_zba_zbb_zbc_zbs/ilp32\libg_nano.a(lib_a-gdtoa-gethex.o)
 .text.__hexdig_fun
                0x8000ecd2       0x42 D:/SEGGER/toolchains/rv32imac_zicsr_zifencei_multilib_b_ext-win/bin/../lib/gcc/riscv32-unknown-elf/13.2.0/../../../../riscv32-unknown-elf/lib/rv32imac_zicsr_zifencei_zba_zbb_zbc_zbs/ilp32\libg_nano.a(lib_a-gdtoa-gethex.o)
                0x8000ecd2                __hexdig_fun
 .text.__gethex
                0x8000ed14      0x4d4 D:/SEGGER/toolchains/rv32imac_zicsr_zifencei_multilib_b_ext-win/bin/../lib/gcc/riscv32-unknown-elf/13.2.0/../../../../riscv32-unknown-elf/lib/rv32imac_zicsr_zifencei_zba_zbb_zbc_zbs/ilp32\libg_nano.a(lib_a-gdtoa-gethex.o)
                0x8000ed14                __gethex
 .text.L_shift  0x8000f1e8       0x2a D:/SEGGER/toolchains/rv32imac_zicsr_zifencei_multilib_b_ext-win/bin/../lib/gcc/riscv32-unknown-elf/13.2.0/../../../../riscv32-unknown-elf/lib/rv32imac_zicsr_zifencei_zba_zbb_zbc_zbs/ilp32\libg_nano.a(lib_a-gdtoa-hexnan.o)
 .text.__match  0x8000f212       0x30 D:/SEGGER/toolchains/rv32imac_zicsr_zifencei_multilib_b_ext-win/bin/../lib/gcc/riscv32-unknown-elf/13.2.0/../../../../riscv32-unknown-elf/lib/rv32imac_zicsr_zifencei_zba_zbb_zbc_zbs/ilp32\libg_nano.a(lib_a-gdtoa-hexnan.o)
                0x8000f212                __match
 .text.__hexnan
                0x8000f242      0x176 D:/SEGGER/toolchains/rv32imac_zicsr_zifencei_multilib_b_ext-win/bin/../lib/gcc/riscv32-unknown-elf/13.2.0/../../../../riscv32-unknown-elf/lib/rv32imac_zicsr_zifencei_zba_zbb_zbc_zbs/ilp32\libg_nano.a(lib_a-gdtoa-hexnan.o)
                0x8000f242                __hexnan
 .text._localeconv_r
                0x8000f3b8        0x6 D:/SEGGER/toolchains/rv32imac_zicsr_zifencei_multilib_b_ext-win/bin/../lib/gcc/riscv32-unknown-elf/13.2.0/../../../../riscv32-unknown-elf/lib/rv32imac_zicsr_zifencei_zba_zbb_zbc_zbs/ilp32\libg_nano.a(lib_a-localeconv.o)
                0x8000f3b8                _localeconv_r
 .text.__swhatbuf_r
                0x8000f3be       0x5c D:/SEGGER/toolchains/rv32imac_zicsr_zifencei_multilib_b_ext-win/bin/../lib/gcc/riscv32-unknown-elf/13.2.0/../../../../riscv32-unknown-elf/lib/rv32imac_zicsr_zifencei_zba_zbb_zbc_zbs/ilp32\libg_nano.a(lib_a-makebuf.o)
                0x8000f3be                __swhatbuf_r
 .text.__smakebuf_r
                0x8000f41a       0xac D:/SEGGER/toolchains/rv32imac_zicsr_zifencei_multilib_b_ext-win/bin/../lib/gcc/riscv32-unknown-elf/13.2.0/../../../../riscv32-unknown-elf/lib/rv32imac_zicsr_zifencei_zba_zbb_zbc_zbs/ilp32\libg_nano.a(lib_a-makebuf.o)
                0x8000f41a                __smakebuf_r
 .text.malloc   0x8000f4c6        0xa D:/SEGGER/toolchains/rv32imac_zicsr_zifencei_multilib_b_ext-win/bin/../lib/gcc/riscv32-unknown-elf/13.2.0/../../../../riscv32-unknown-elf/lib/rv32imac_zicsr_zifencei_zba_zbb_zbc_zbs/ilp32\libg_nano.a(lib_a-malloc.o)
                0x8000f4c6                malloc
 .text.__ascii_mbtowc
                0x8000f4d0       0x3a D:/SEGGER/toolchains/rv32imac_zicsr_zifencei_multilib_b_ext-win/bin/../lib/gcc/riscv32-unknown-elf/13.2.0/../../../../riscv32-unknown-elf/lib/rv32imac_zicsr_zifencei_zba_zbb_zbc_zbs/ilp32\libg_nano.a(lib_a-mbtowc_r.o)
                0x8000f4d0                __ascii_mbtowc
 .text.memchr   0x8000f50a       0x1a D:/SEGGER/toolchains/rv32imac_zicsr_zifencei_multilib_b_ext-win/bin/../lib/gcc/riscv32-unknown-elf/13.2.0/../../../../riscv32-unknown-elf/lib/rv32imac_zicsr_zifencei_zba_zbb_zbc_zbs/ilp32\libg_nano.a(lib_a-memchr.o)
                0x8000f50a                memchr
 .text._Balloc  0x8000f524       0xaa D:/SEGGER/toolchains/rv32imac_zicsr_zifencei_multilib_b_ext-win/bin/../lib/gcc/riscv32-unknown-elf/13.2.0/../../../../riscv32-unknown-elf/lib/rv32imac_zicsr_zifencei_zba_zbb_zbc_zbs/ilp32\libg_nano.a(lib_a-mprec.o)
                0x8000f524                _Balloc
 .text._Bfree   0x8000f5ce       0x60 D:/SEGGER/toolchains/rv32imac_zicsr_zifencei_multilib_b_ext-win/bin/../lib/gcc/riscv32-unknown-elf/13.2.0/../../../../riscv32-unknown-elf/lib/rv32imac_zicsr_zifencei_zba_zbb_zbc_zbs/ilp32\libg_nano.a(lib_a-mprec.o)
                0x8000f5ce                _Bfree
 .text.__multadd
                0x8000f62e       0xba D:/SEGGER/toolchains/rv32imac_zicsr_zifencei_multilib_b_ext-win/bin/../lib/gcc/riscv32-unknown-elf/13.2.0/../../../../riscv32-unknown-elf/lib/rv32imac_zicsr_zifencei_zba_zbb_zbc_zbs/ilp32\libg_nano.a(lib_a-mprec.o)
                0x8000f62e                __multadd
 .text.__s2b    0x8000f6e8       0xc2 D:/SEGGER/toolchains/rv32imac_zicsr_zifencei_multilib_b_ext-win/bin/../lib/gcc/riscv32-unknown-elf/13.2.0/../../../../riscv32-unknown-elf/lib/rv32imac_zicsr_zifencei_zba_zbb_zbc_zbs/ilp32\libg_nano.a(lib_a-mprec.o)
                0x8000f6e8                __s2b
 .text.__hi0bits
                0x8000f7aa       0x46 D:/SEGGER/toolchains/rv32imac_zicsr_zifencei_multilib_b_ext-win/bin/../lib/gcc/riscv32-unknown-elf/13.2.0/../../../../riscv32-unknown-elf/lib/rv32imac_zicsr_zifencei_zba_zbb_zbc_zbs/ilp32\libg_nano.a(lib_a-mprec.o)
                0x8000f7aa                __hi0bits
 .text.__lo0bits
                0x8000f7f0       0x68 D:/SEGGER/toolchains/rv32imac_zicsr_zifencei_multilib_b_ext-win/bin/../lib/gcc/riscv32-unknown-elf/13.2.0/../../../../riscv32-unknown-elf/lib/rv32imac_zicsr_zifencei_zba_zbb_zbc_zbs/ilp32\libg_nano.a(lib_a-mprec.o)
                0x8000f7f0                __lo0bits
 .text.__i2b    0x8000f858       0x38 D:/SEGGER/toolchains/rv32imac_zicsr_zifencei_multilib_b_ext-win/bin/../lib/gcc/riscv32-unknown-elf/13.2.0/../../../../riscv32-unknown-elf/lib/rv32imac_zicsr_zifencei_zba_zbb_zbc_zbs/ilp32\libg_nano.a(lib_a-mprec.o)
                0x8000f858                __i2b
 .text.__multiply
                0x8000f890      0x178 D:/SEGGER/toolchains/rv32imac_zicsr_zifencei_multilib_b_ext-win/bin/../lib/gcc/riscv32-unknown-elf/13.2.0/../../../../riscv32-unknown-elf/lib/rv32imac_zicsr_zifencei_zba_zbb_zbc_zbs/ilp32\libg_nano.a(lib_a-mprec.o)
                0x8000f890                __multiply
 .text.__pow5mult
                0x8000fa08       0xda D:/SEGGER/toolchains/rv32imac_zicsr_zifencei_multilib_b_ext-win/bin/../lib/gcc/riscv32-unknown-elf/13.2.0/../../../../riscv32-unknown-elf/lib/rv32imac_zicsr_zifencei_zba_zbb_zbc_zbs/ilp32\libg_nano.a(lib_a-mprec.o)
                0x8000fa08                __pow5mult
 .text.__lshift
                0x8000fae2      0x102 D:/SEGGER/toolchains/rv32imac_zicsr_zifencei_multilib_b_ext-win/bin/../lib/gcc/riscv32-unknown-elf/13.2.0/../../../../riscv32-unknown-elf/lib/rv32imac_zicsr_zifencei_zba_zbb_zbc_zbs/ilp32\libg_nano.a(lib_a-mprec.o)
                0x8000fae2                __lshift
 .text.__mcmp   0x8000fbe4       0x36 D:/SEGGER/toolchains/rv32imac_zicsr_zifencei_multilib_b_ext-win/bin/../lib/gcc/riscv32-unknown-elf/13.2.0/../../../../riscv32-unknown-elf/lib/rv32imac_zicsr_zifencei_zba_zbb_zbc_zbs/ilp32\libg_nano.a(lib_a-mprec.o)
                0x8000fbe4                __mcmp
 .text.__mdiff  0x8000fc1a      0x16a D:/SEGGER/toolchains/rv32imac_zicsr_zifencei_multilib_b_ext-win/bin/../lib/gcc/riscv32-unknown-elf/13.2.0/../../../../riscv32-unknown-elf/lib/rv32imac_zicsr_zifencei_zba_zbb_zbc_zbs/ilp32\libg_nano.a(lib_a-mprec.o)
                0x8000fc1a                __mdiff
 .text.__ulp    0x8000fd84       0x44 D:/SEGGER/toolchains/rv32imac_zicsr_zifencei_multilib_b_ext-win/bin/../lib/gcc/riscv32-unknown-elf/13.2.0/../../../../riscv32-unknown-elf/lib/rv32imac_zicsr_zifencei_zba_zbb_zbc_zbs/ilp32\libg_nano.a(lib_a-mprec.o)
                0x8000fd84                __ulp
 .text.__b2d    0x8000fdc8       0xb6 D:/SEGGER/toolchains/rv32imac_zicsr_zifencei_multilib_b_ext-win/bin/../lib/gcc/riscv32-unknown-elf/13.2.0/../../../../riscv32-unknown-elf/lib/rv32imac_zicsr_zifencei_zba_zbb_zbc_zbs/ilp32\libg_nano.a(lib_a-mprec.o)
                0x8000fdc8                __b2d
 .text.__d2b    0x8000fe7e       0xdc D:/SEGGER/toolchains/rv32imac_zicsr_zifencei_multilib_b_ext-win/bin/../lib/gcc/riscv32-unknown-elf/13.2.0/../../../../riscv32-unknown-elf/lib/rv32imac_zicsr_zifencei_zba_zbb_zbc_zbs/ilp32\libg_nano.a(lib_a-mprec.o)
                0x8000fe7e                __d2b
 .text.__ratio  0x8000ff5a       0x72 D:/SEGGER/toolchains/rv32imac_zicsr_zifencei_multilib_b_ext-win/bin/../lib/gcc/riscv32-unknown-elf/13.2.0/../../../../riscv32-unknown-elf/lib/rv32imac_zicsr_zifencei_zba_zbb_zbc_zbs/ilp32\libg_nano.a(lib_a-mprec.o)
                0x8000ff5a                __ratio
 .text.__copybits
                0x8000ffcc       0x4c D:/SEGGER/toolchains/rv32imac_zicsr_zifencei_multilib_b_ext-win/bin/../lib/gcc/riscv32-unknown-elf/13.2.0/../../../../riscv32-unknown-elf/lib/rv32imac_zicsr_zifencei_zba_zbb_zbc_zbs/ilp32\libg_nano.a(lib_a-mprec.o)
                0x8000ffcc                __copybits
 .text.__any_on
                0x80010018       0x44 D:/SEGGER/toolchains/rv32imac_zicsr_zifencei_multilib_b_ext-win/bin/../lib/gcc/riscv32-unknown-elf/13.2.0/../../../../riscv32-unknown-elf/lib/rv32imac_zicsr_zifencei_zba_zbb_zbc_zbs/ilp32\libg_nano.a(lib_a-mprec.o)
                0x80010018                __any_on
 .text._calloc_r
                0x8001005c       0x34 D:/SEGGER/toolchains/rv32imac_zicsr_zifencei_multilib_b_ext-win/bin/../lib/gcc/riscv32-unknown-elf/13.2.0/../../../../riscv32-unknown-elf/lib/rv32imac_zicsr_zifencei_zba_zbb_zbc_zbs/ilp32\libg_nano.a(lib_a-nano-callocr.o)
                0x8001005c                _calloc_r
 .text._free_r  0x80010090       0xa6 D:/SEGGER/toolchains/rv32imac_zicsr_zifencei_multilib_b_ext-win/bin/../lib/gcc/riscv32-unknown-elf/13.2.0/../../../../riscv32-unknown-elf/lib/rv32imac_zicsr_zifencei_zba_zbb_zbc_zbs/ilp32\libg_nano.a(lib_a-nano-freer.o)
                0x80010090                _free_r
 .text._malloc_r
                0x80010136       0xda D:/SEGGER/toolchains/rv32imac_zicsr_zifencei_multilib_b_ext-win/bin/../lib/gcc/riscv32-unknown-elf/13.2.0/../../../../riscv32-unknown-elf/lib/rv32imac_zicsr_zifencei_zba_zbb_zbc_zbs/ilp32\libg_nano.a(lib_a-nano-mallocr.o)
                0x80010136                _malloc_r
 .text._realloc_r
                0x80010210       0x78 D:/SEGGER/toolchains/rv32imac_zicsr_zifencei_multilib_b_ext-win/bin/../lib/gcc/riscv32-unknown-elf/13.2.0/../../../../riscv32-unknown-elf/lib/rv32imac_zicsr_zifencei_zba_zbb_zbc_zbs/ilp32\libg_nano.a(lib_a-nano-reallocr.o)
                0x80010210                _realloc_r
 .text.__ssputs_r
                0x80010288       0xe8 D:/SEGGER/toolchains/rv32imac_zicsr_zifencei_multilib_b_ext-win/bin/../lib/gcc/riscv32-unknown-elf/13.2.0/../../../../riscv32-unknown-elf/lib/rv32imac_zicsr_zifencei_zba_zbb_zbc_zbs/ilp32\libg_nano.a(lib_a-nano-svfprintf.o)
                0x80010288                __ssputs_r
 .text._svfprintf_r
                0x80010370      0x278 D:/SEGGER/toolchains/rv32imac_zicsr_zifencei_multilib_b_ext-win/bin/../lib/gcc/riscv32-unknown-elf/13.2.0/../../../../riscv32-unknown-elf/lib/rv32imac_zicsr_zifencei_zba_zbb_zbc_zbs/ilp32\libg_nano.a(lib_a-nano-svfprintf.o)
                0x80010370                _svfiprintf_r
                0x80010370                _svfprintf_r
 .text._sbrk_r  0x800105e8       0x30 D:/SEGGER/toolchains/rv32imac_zicsr_zifencei_multilib_b_ext-win/bin/../lib/gcc/riscv32-unknown-elf/13.2.0/../../../../riscv32-unknown-elf/lib/rv32imac_zicsr_zifencei_zba_zbb_zbc_zbs/ilp32\libg_nano.a(lib_a-sbrkr.o)
                0x800105e8                _sbrk_r
 .text._raise_r
                0x80010618       0x5e D:/SEGGER/toolchains/rv32imac_zicsr_zifencei_multilib_b_ext-win/bin/../lib/gcc/riscv32-unknown-elf/13.2.0/../../../../riscv32-unknown-elf/lib/rv32imac_zicsr_zifencei_zba_zbb_zbc_zbs/ilp32\libg_nano.a(lib_a-signal.o)
                0x80010618                _raise_r
 .text.raise    0x80010676        0xa D:/SEGGER/toolchains/rv32imac_zicsr_zifencei_multilib_b_ext-win/bin/../lib/gcc/riscv32-unknown-elf/13.2.0/../../../../riscv32-unknown-elf/lib/rv32imac_zicsr_zifencei_zba_zbb_zbc_zbs/ilp32\libg_nano.a(lib_a-signal.o)
                0x80010676                raise
 .text._kill_r  0x80010680       0x30 D:/SEGGER/toolchains/rv32imac_zicsr_zifencei_multilib_b_ext-win/bin/../lib/gcc/riscv32-unknown-elf/13.2.0/../../../../riscv32-unknown-elf/lib/rv32imac_zicsr_zifencei_zba_zbb_zbc_zbs/ilp32\libg_nano.a(lib_a-signalr.o)
                0x80010680                _kill_r
 .text._getpid_r
                0x800106b0        0x2 D:/SEGGER/toolchains/rv32imac_zicsr_zifencei_multilib_b_ext-win/bin/../lib/gcc/riscv32-unknown-elf/13.2.0/../../../../riscv32-unknown-elf/lib/rv32imac_zicsr_zifencei_zba_zbb_zbc_zbs/ilp32\libg_nano.a(lib_a-signalr.o)
                0x800106b0                _getpid_r
 .text.nan      0x800106b2        0xe D:/SEGGER/toolchains/rv32imac_zicsr_zifencei_multilib_b_ext-win/bin/../lib/gcc/riscv32-unknown-elf/13.2.0/../../../../riscv32-unknown-elf/lib/rv32imac_zicsr_zifencei_zba_zbb_zbc_zbs/ilp32\libg_nano.a(lib_a-s_nan.o)
                0x800106b2                nan
 .text.__sread  0x800106c0       0x2e D:/SEGGER/toolchains/rv32imac_zicsr_zifencei_multilib_b_ext-win/bin/../lib/gcc/riscv32-unknown-elf/13.2.0/../../../../riscv32-unknown-elf/lib/rv32imac_zicsr_zifencei_zba_zbb_zbc_zbs/ilp32\libg_nano.a(lib_a-stdio.o)
                0x800106c0                __sread
 .text.__swrite
                0x800106ee       0x4c D:/SEGGER/toolchains/rv32imac_zicsr_zifencei_multilib_b_ext-win/bin/../lib/gcc/riscv32-unknown-elf/13.2.0/../../../../riscv32-unknown-elf/lib/rv32imac_zicsr_zifencei_zba_zbb_zbc_zbs/ilp32\libg_nano.a(lib_a-stdio.o)
                0x800106ee                __swrite
 .text.__sseek  0x8001073a       0x34 D:/SEGGER/toolchains/rv32imac_zicsr_zifencei_multilib_b_ext-win/bin/../lib/gcc/riscv32-unknown-elf/13.2.0/../../../../riscv32-unknown-elf/lib/rv32imac_zicsr_zifencei_zba_zbb_zbc_zbs/ilp32\libg_nano.a(lib_a-stdio.o)
                0x8001073a                __sseek
 .text.__sclose
                0x8001076e        0x6 D:/SEGGER/toolchains/rv32imac_zicsr_zifencei_multilib_b_ext-win/bin/../lib/gcc/riscv32-unknown-elf/13.2.0/../../../../riscv32-unknown-elf/lib/rv32imac_zicsr_zifencei_zba_zbb_zbc_zbs/ilp32\libg_nano.a(lib_a-stdio.o)
                0x8001076e                __sclose
 .text.strncmp  0x80010774       0x2c D:/SEGGER/toolchains/rv32imac_zicsr_zifencei_multilib_b_ext-win/bin/../lib/gcc/riscv32-unknown-elf/13.2.0/../../../../riscv32-unknown-elf/lib/rv32imac_zicsr_zifencei_zba_zbb_zbc_zbs/ilp32\libg_nano.a(lib_a-strncmp.o)
                0x80010774                strncmp
 .text.__ascii_wctomb
                0x800107a0       0x20 D:/SEGGER/toolchains/rv32imac_zicsr_zifencei_multilib_b_ext-win/bin/../lib/gcc/riscv32-unknown-elf/13.2.0/../../../../riscv32-unknown-elf/lib/rv32imac_zicsr_zifencei_zba_zbb_zbc_zbs/ilp32\libg_nano.a(lib_a-wctomb_r.o)
                0x800107a0                __ascii_wctomb
 .text._write_r
                0x800107c0       0x34 D:/SEGGER/toolchains/rv32imac_zicsr_zifencei_multilib_b_ext-win/bin/../lib/gcc/riscv32-unknown-elf/13.2.0/../../../../riscv32-unknown-elf/lib/rv32imac_zicsr_zifencei_zba_zbb_zbc_zbs/ilp32\libg_nano.a(lib_a-writer.o)
                0x800107c0                _write_r
 .text._close_r
                0x800107f4       0x2e D:/SEGGER/toolchains/rv32imac_zicsr_zifencei_multilib_b_ext-win/bin/../lib/gcc/riscv32-unknown-elf/13.2.0/../../../../riscv32-unknown-elf/lib/rv32imac_zicsr_zifencei_zba_zbb_zbc_zbs/ilp32\libg_nano.a(lib_a-closer.o)
                0x800107f4                _close_r
 .text._fstat_r
                0x80010822       0x32 D:/SEGGER/toolchains/rv32imac_zicsr_zifencei_multilib_b_ext-win/bin/../lib/gcc/riscv32-unknown-elf/13.2.0/../../../../riscv32-unknown-elf/lib/rv32imac_zicsr_zifencei_zba_zbb_zbc_zbs/ilp32\libg_nano.a(lib_a-fstatr.o)
                0x80010822                _fstat_r
 .text._isatty_r
                0x80010854       0x2e D:/SEGGER/toolchains/rv32imac_zicsr_zifencei_multilib_b_ext-win/bin/../lib/gcc/riscv32-unknown-elf/13.2.0/../../../../riscv32-unknown-elf/lib/rv32imac_zicsr_zifencei_zba_zbb_zbc_zbs/ilp32\libg_nano.a(lib_a-isattyr.o)
                0x80010854                _isatty_r
 .text._lseek_r
                0x80010882       0x32 D:/SEGGER/toolchains/rv32imac_zicsr_zifencei_multilib_b_ext-win/bin/../lib/gcc/riscv32-unknown-elf/13.2.0/../../../../riscv32-unknown-elf/lib/rv32imac_zicsr_zifencei_zba_zbb_zbc_zbs/ilp32\libg_nano.a(lib_a-lseekr.o)
                0x80010882                _lseek_r
 .text.__malloc_lock
                0x800108b4        0x2 D:/SEGGER/toolchains/rv32imac_zicsr_zifencei_multilib_b_ext-win/bin/../lib/gcc/riscv32-unknown-elf/13.2.0/../../../../riscv32-unknown-elf/lib/rv32imac_zicsr_zifencei_zba_zbb_zbc_zbs/ilp32\libg_nano.a(lib_a-mlock.o)
                0x800108b4                __malloc_lock
 .text.__malloc_unlock
                0x800108b6        0x2 D:/SEGGER/toolchains/rv32imac_zicsr_zifencei_multilib_b_ext-win/bin/../lib/gcc/riscv32-unknown-elf/13.2.0/../../../../riscv32-unknown-elf/lib/rv32imac_zicsr_zifencei_zba_zbb_zbc_zbs/ilp32\libg_nano.a(lib_a-mlock.o)
                0x800108b6                __malloc_unlock
 .text._malloc_usable_size_r
                0x800108b8       0x14 D:/SEGGER/toolchains/rv32imac_zicsr_zifencei_multilib_b_ext-win/bin/../lib/gcc/riscv32-unknown-elf/13.2.0/../../../../riscv32-unknown-elf/lib/rv32imac_zicsr_zifencei_zba_zbb_zbc_zbs/ilp32\libg_nano.a(lib_a-nano-msizer.o)
                0x800108b8                _malloc_usable_size_r
 .text._read_r  0x800108cc       0x34 D:/SEGGER/toolchains/rv32imac_zicsr_zifencei_multilib_b_ext-win/bin/../lib/gcc/riscv32-unknown-elf/13.2.0/../../../../riscv32-unknown-elf/lib/rv32imac_zicsr_zifencei_zba_zbb_zbc_zbs/ilp32\libg_nano.a(lib_a-readr.o)
                0x800108cc                _read_r
 .text._close   0x80010900       0x2a D:/SEGGER/toolchains/rv32imac_zicsr_zifencei_multilib_b_ext-win/bin/../lib/gcc/riscv32-unknown-elf/13.2.0/../../../../riscv32-unknown-elf/lib/rv32imac_zicsr_zifencei_zba_zbb_zbc_zbs/ilp32\libgloss_nano.a(sys_close.o)
                0x80010900                _close
 .text._exit    0x8001092a       0x22 D:/SEGGER/toolchains/rv32imac_zicsr_zifencei_multilib_b_ext-win/bin/../lib/gcc/riscv32-unknown-elf/13.2.0/../../../../riscv32-unknown-elf/lib/rv32imac_zicsr_zifencei_zba_zbb_zbc_zbs/ilp32\libgloss_nano.a(sys_exit.o)
                0x8001092a                _exit
 .text._getpid  0x8001094c        0x4 D:/SEGGER/toolchains/rv32imac_zicsr_zifencei_multilib_b_ext-win/bin/../lib/gcc/riscv32-unknown-elf/13.2.0/../../../../riscv32-unknown-elf/lib/rv32imac_zicsr_zifencei_zba_zbb_zbc_zbs/ilp32\libgloss_nano.a(sys_getpid.o)
                0x8001094c                _getpid
 .text._isatty  0x80010950       0x20 D:/SEGGER/toolchains/rv32imac_zicsr_zifencei_multilib_b_ext-win/bin/../lib/gcc/riscv32-unknown-elf/13.2.0/../../../../riscv32-unknown-elf/lib/rv32imac_zicsr_zifencei_zba_zbb_zbc_zbs/ilp32\libgloss_nano.a(sys_isatty.o)
                0x80010950                _isatty
 .text._kill    0x80010970       0x14 D:/SEGGER/toolchains/rv32imac_zicsr_zifencei_multilib_b_ext-win/bin/../lib/gcc/riscv32-unknown-elf/13.2.0/../../../../riscv32-unknown-elf/lib/rv32imac_zicsr_zifencei_zba_zbb_zbc_zbs/ilp32\libgloss_nano.a(sys_kill.o)
                0x80010970                _kill
 .text._lseek   0x80010984       0x2a D:/SEGGER/toolchains/rv32imac_zicsr_zifencei_multilib_b_ext-win/bin/../lib/gcc/riscv32-unknown-elf/13.2.0/../../../../riscv32-unknown-elf/lib/rv32imac_zicsr_zifencei_zba_zbb_zbc_zbs/ilp32\libgloss_nano.a(sys_lseek.o)
                0x80010984                _lseek
 *(.rodata)
 *fill*         0x800109ae        0x2 
 .rodata        0x800109b0      0x32e CMakeFiles/app.dir/src/Bsp/tswLowLevel.c.obj
 *fill*         0x80010cde        0x2 
 .rodata        0x80010ce0       0x74 CMakeFiles/app.dir/src/main.c.obj
 .rodata        0x80010d54      0x36b lib/libhpm_sdk_lib.a(board.c.obj)
 *fill*         0x800110bf        0x1 
 .rodata        0x800110c0        0x4 lib/libhpm_sdk_lib.a(hpm_uart_drv.c.obj)
 *fill*         0x800110c4        0x4 
 .rodata        0x800110c8       0x18 lib/libhpm_sdk_lib.a(hpm_pllctlv2_drv.c.obj)
 .rodata        0x800110e0       0x3c D:/SEGGER/toolchains/rv32imac_zicsr_zifencei_multilib_b_ext-win/bin/../lib/gcc/riscv32-unknown-elf/13.2.0/rv32imac_zicsr_zifencei_zba_zbb_zbc_zbs/ilp32\libgcc.a(divdf3.o)
 .rodata        0x8001111c       0x3c D:/SEGGER/toolchains/rv32imac_zicsr_zifencei_multilib_b_ext-win/bin/../lib/gcc/riscv32-unknown-elf/13.2.0/rv32imac_zicsr_zifencei_zba_zbb_zbc_zbs/ilp32\libgcc.a(divsf3.o)
 .rodata        0x80011158      0x100 D:/SEGGER/toolchains/rv32imac_zicsr_zifencei_multilib_b_ext-win/bin/../lib/gcc/riscv32-unknown-elf/13.2.0/rv32imac_zicsr_zifencei_zba_zbb_zbc_zbs/ilp32\libgcc.a(_clz.o)
                0x80011158                __clz_tab
 *(.rodata*)
 .rodata.exception_handler
                0x80011258       0x40 lib/libhpm_sdk_gcc_lib.a(trap.c.obj)
 .rodata.__func__.0
                0x80011298        0xf lib/libhpm_sdk_lib.a(board.c.obj)
 *fill*         0x800112a7        0x1 
 .rodata.s_wdgs
                0x800112a8       0x10 lib/libhpm_sdk_lib.a(hpm_clock_drv.c.obj)
 .rodata.clock_get_frequency
                0x800112b8       0x38 lib/libhpm_sdk_lib.a(hpm_clock_drv.c.obj)
 .rodata.get_frequency_for_source
                0x800112f0       0x20 lib/libhpm_sdk_lib.a(hpm_clock_drv.c.obj)
 .rodata.clock_set_source_divider
                0x80011310       0x38 lib/libhpm_sdk_lib.a(hpm_clock_drv.c.obj)
 .rodata.uart_init
                0x80011348       0x14 lib/libhpm_sdk_lib.a(hpm_uart_drv.c.obj)
 .rodata.write_pmp_addr
                0x8001135c       0x40 lib/libhpm_sdk_lib.a(hpm_pmp_drv.c.obj)
 .rodata.write_pma_addr
                0x8001139c       0x40 lib/libhpm_sdk_lib.a(hpm_pmp_drv.c.obj)
 .rodata.__assert_func.str1.4
                0x800113dc      0x1de D:/SEGGER/toolchains/rv32imac_zicsr_zifencei_multilib_b_ext-win/bin/../lib/gcc/riscv32-unknown-elf/13.2.0/../../../../riscv32-unknown-elf/lib/rv32imac_zicsr_zifencei_zba_zbb_zbc_zbs/ilp32\libg_nano.a(lib_a-assert.o)
                                 0x43 (size before relaxing)
 .rodata._printf_float.str1.4
                0x800115ba       0x12 D:/SEGGER/toolchains/rv32imac_zicsr_zifencei_multilib_b_ext-win/bin/../lib/gcc/riscv32-unknown-elf/13.2.0/../../../../riscv32-unknown-elf/lib/rv32imac_zicsr_zifencei_zba_zbb_zbc_zbs/ilp32\libg_nano.a(lib_a-nano-vfprintf_float.o)
 .rodata._printf_i.str1.4
                0x800115ba       0x25 D:/SEGGER/toolchains/rv32imac_zicsr_zifencei_multilib_b_ext-win/bin/../lib/gcc/riscv32-unknown-elf/13.2.0/../../../../riscv32-unknown-elf/lib/rv32imac_zicsr_zifencei_zba_zbb_zbc_zbs/ilp32\libg_nano.a(lib_a-nano-vfprintf_i.o)
 *fill*         0x800115ba        0x2 
 .rodata._printf_i
                0x800115bc       0x58 D:/SEGGER/toolchains/rv32imac_zicsr_zifencei_multilib_b_ext-win/bin/../lib/gcc/riscv32-unknown-elf/13.2.0/../../../../riscv32-unknown-elf/lib/rv32imac_zicsr_zifencei_zba_zbb_zbc_zbs/ilp32\libg_nano.a(lib_a-nano-vfprintf_i.o)
 .rodata._vfprintf_r.str1.4
                0x80011614       0x13 D:/SEGGER/toolchains/rv32imac_zicsr_zifencei_multilib_b_ext-win/bin/../lib/gcc/riscv32-unknown-elf/13.2.0/../../../../riscv32-unknown-elf/lib/rv32imac_zicsr_zifencei_zba_zbb_zbc_zbs/ilp32\libg_nano.a(lib_a-nano-vfprintf.o)
 .rodata._scanf_float.str1.4
                0x80011614        0x9 D:/SEGGER/toolchains/rv32imac_zicsr_zifencei_multilib_b_ext-win/bin/../lib/gcc/riscv32-unknown-elf/13.2.0/../../../../riscv32-unknown-elf/lib/rv32imac_zicsr_zifencei_zba_zbb_zbc_zbs/ilp32\libg_nano.a(lib_a-nano-vfscanf_float.o)
 .rodata._scanf_float
                0x80011614       0x74 D:/SEGGER/toolchains/rv32imac_zicsr_zifencei_multilib_b_ext-win/bin/../lib/gcc/riscv32-unknown-elf/13.2.0/../../../../riscv32-unknown-elf/lib/rv32imac_zicsr_zifencei_zba_zbb_zbc_zbs/ilp32\libg_nano.a(lib_a-nano-vfscanf_float.o)
 .rodata._strtod_l.str1.4
                0x80011688       0x11 D:/SEGGER/toolchains/rv32imac_zicsr_zifencei_multilib_b_ext-win/bin/../lib/gcc/riscv32-unknown-elf/13.2.0/../../../../riscv32-unknown-elf/lib/rv32imac_zicsr_zifencei_zba_zbb_zbc_zbs/ilp32\libg_nano.a(lib_a-strtod.o)
 .rodata._strtod_l
                0x80011688       0x14 D:/SEGGER/toolchains/rv32imac_zicsr_zifencei_multilib_b_ext-win/bin/../lib/gcc/riscv32-unknown-elf/13.2.0/../../../../riscv32-unknown-elf/lib/rv32imac_zicsr_zifencei_zba_zbb_zbc_zbs/ilp32\libg_nano.a(lib_a-strtod.o)
 .rodata.fpinan.0
                0x8001169c       0x14 D:/SEGGER/toolchains/rv32imac_zicsr_zifencei_multilib_b_ext-win/bin/../lib/gcc/riscv32-unknown-elf/13.2.0/../../../../riscv32-unknown-elf/lib/rv32imac_zicsr_zifencei_zba_zbb_zbc_zbs/ilp32\libg_nano.a(lib_a-strtod.o)
 .rodata.fpi.1  0x800116b0       0x14 D:/SEGGER/toolchains/rv32imac_zicsr_zifencei_multilib_b_ext-win/bin/../lib/gcc/riscv32-unknown-elf/13.2.0/../../../../riscv32-unknown-elf/lib/rv32imac_zicsr_zifencei_zba_zbb_zbc_zbs/ilp32\libg_nano.a(lib_a-strtod.o)
 *fill*         0x800116c4        0x4 
 .rodata.tinytens
                0x800116c8       0x28 D:/SEGGER/toolchains/rv32imac_zicsr_zifencei_multilib_b_ext-win/bin/../lib/gcc/riscv32-unknown-elf/13.2.0/../../../../riscv32-unknown-elf/lib/rv32imac_zicsr_zifencei_zba_zbb_zbc_zbs/ilp32\libg_nano.a(lib_a-strtod.o)
 .rodata._ctype_
                0x800116f0      0x101 D:/SEGGER/toolchains/rv32imac_zicsr_zifencei_multilib_b_ext-win/bin/../lib/gcc/riscv32-unknown-elf/13.2.0/../../../../riscv32-unknown-elf/lib/rv32imac_zicsr_zifencei_zba_zbb_zbc_zbs/ilp32\libg_nano.a(lib_a-ctype_.o)
                0x800116f0                _ctype_
 .rodata._dtoa_r.str1.4
                0x800117f1       0x89 D:/SEGGER/toolchains/rv32imac_zicsr_zifencei_multilib_b_ext-win/bin/../lib/gcc/riscv32-unknown-elf/13.2.0/../../../../riscv32-unknown-elf/lib/rv32imac_zicsr_zifencei_zba_zbb_zbc_zbs/ilp32\libg_nano.a(lib_a-dtoa.o)
 *fill*         0x800117f1        0x3 
 .rodata.__sf_fake_stderr
                0x800117f4       0x20 D:/SEGGER/toolchains/rv32imac_zicsr_zifencei_multilib_b_ext-win/bin/../lib/gcc/riscv32-unknown-elf/13.2.0/../../../../riscv32-unknown-elf/lib/rv32imac_zicsr_zifencei_zba_zbb_zbc_zbs/ilp32\libg_nano.a(lib_a-findfp.o)
                0x800117f4                __sf_fake_stderr
 .rodata.__sf_fake_stdout
                0x80011814       0x20 D:/SEGGER/toolchains/rv32imac_zicsr_zifencei_multilib_b_ext-win/bin/../lib/gcc/riscv32-unknown-elf/13.2.0/../../../../riscv32-unknown-elf/lib/rv32imac_zicsr_zifencei_zba_zbb_zbc_zbs/ilp32\libg_nano.a(lib_a-findfp.o)
                0x80011814                __sf_fake_stdout
 .rodata.__sf_fake_stdin