Archive member included to satisfy reference by file (symbol)

lib/libhpm_sdk_gcc_startup_lib.a(start.S.obj)
                              (--whole-archive)
lib/libhpm_sdk_gcc_startup_lib.a(initfini.c.obj)
                              (--whole-archive)
lib/libhpm_sdk_gcc_lib.a(reset.c.obj)
                              (--whole-archive)
lib/libhpm_sdk_gcc_lib.a(trap.c.obj)
                              (--whole-archive)
lib/libhpm_sdk_lib.a(hpm_l1c_drv.c.obj)
                              (--whole-archive)
lib/libhpm_sdk_lib.a(pinmux.c.obj)
                              (--whole-archive)
lib/libhpm_sdk_lib.a(board.c.obj)
                              (--whole-archive)
lib/libhpm_sdk_lib.a(system.c.obj)
                              (--whole-archive)
lib/libhpm_sdk_lib.a(hpm_sysctl_drv.c.obj)
                              (--whole-archive)
lib/libhpm_sdk_lib.a(hpm_clock_drv.c.obj)
                              (--whole-archive)
lib/libhpm_sdk_lib.a(hpm_otp_drv.c.obj)
                              (--whole-archive)
lib/libhpm_sdk_lib.a(hpm_trgm_soc_drv.c.obj)
                              (--whole-archive)
lib/libhpm_sdk_lib.a(hpm_bootheader.c.obj)
                              (--whole-archive)
lib/libhpm_sdk_lib.a(hpm_uart_drv.c.obj)
                              (--whole-archive)
lib/libhpm_sdk_lib.a(hpm_femc_drv.c.obj)
                              (--whole-archive)
lib/libhpm_sdk_lib.a(hpm_sdp_drv.c.obj)
                              (--whole-archive)
lib/libhpm_sdk_lib.a(hpm_i2c_drv.c.obj)
                              (--whole-archive)
lib/libhpm_sdk_lib.a(hpm_pmp_drv.c.obj)
                              (--whole-archive)
lib/libhpm_sdk_lib.a(hpm_mtg_drv.c.obj)
                              (--whole-archive)
lib/libhpm_sdk_lib.a(hpm_rng_drv.c.obj)
                              (--whole-archive)
lib/libhpm_sdk_lib.a(hpm_gpio_drv.c.obj)
                              (--whole-archive)
lib/libhpm_sdk_lib.a(hpm_spi_drv.c.obj)
                              (--whole-archive)
lib/libhpm_sdk_lib.a(hpm_gptmr_drv.c.obj)
                              (--whole-archive)
lib/libhpm_sdk_lib.a(hpm_pwmv2_drv.c.obj)
                              (--whole-archive)
lib/libhpm_sdk_lib.a(hpm_pllctlv2_drv.c.obj)
                              (--whole-archive)
lib/libhpm_sdk_lib.a(hpm_usb_drv.c.obj)
                              (--whole-archive)
lib/libhpm_sdk_lib.a(hpm_rtc_drv.c.obj)
                              (--whole-archive)
lib/libhpm_sdk_lib.a(hpm_acmp_drv.c.obj)
                              (--whole-archive)
lib/libhpm_sdk_lib.a(hpm_i2s_drv.c.obj)
                              (--whole-archive)
lib/libhpm_sdk_lib.a(hpm_dao_drv.c.obj)
                              (--whole-archive)
lib/libhpm_sdk_lib.a(hpm_pdmlite_drv.c.obj)
                              (--whole-archive)
lib/libhpm_sdk_lib.a(hpm_enet_drv.c.obj)
                              (--whole-archive)
lib/libhpm_sdk_lib.a(hpm_adc16_drv.c.obj)
                              (--whole-archive)
lib/libhpm_sdk_lib.a(hpm_pcfg_drv.c.obj)
                              (--whole-archive)
lib/libhpm_sdk_lib.a(hpm_ptpc_drv.c.obj)
                              (--whole-archive)
lib/libhpm_sdk_lib.a(hpm_mchtmr_drv.c.obj)
                              (--whole-archive)
lib/libhpm_sdk_lib.a(hpm_ffa_drv.c.obj)
                              (--whole-archive)
lib/libhpm_sdk_lib.a(hpm_tsns_drv.c.obj)
                              (--whole-archive)
lib/libhpm_sdk_lib.a(hpm_crc_drv.c.obj)
                              (--whole-archive)
lib/libhpm_sdk_lib.a(hpm_sdm_drv.c.obj)
                              (--whole-archive)
lib/libhpm_sdk_lib.a(hpm_mcan_drv.c.obj)
                              (--whole-archive)
lib/libhpm_sdk_lib.a(hpm_qeiv2_drv.c.obj)
                              (--whole-archive)
lib/libhpm_sdk_lib.a(hpm_enc_pos_drv.c.obj)
                              (--whole-archive)
lib/libhpm_sdk_lib.a(hpm_sei_drv.c.obj)
                              (--whole-archive)
lib/libhpm_sdk_lib.a(hpm_qeov2_drv.c.obj)
                              (--whole-archive)
lib/libhpm_sdk_lib.a(hpm_rdc_drv.c.obj)
                              (--whole-archive)
lib/libhpm_sdk_lib.a(hpm_dmav2_drv.c.obj)
                              (--whole-archive)
lib/libhpm_sdk_lib.a(hpm_ewdg_drv.c.obj)
                              (--whole-archive)
lib/libhpm_sdk_lib.a(hpm_plb_drv.c.obj)
                              (--whole-archive)
lib/libhpm_sdk_lib.a(hpm_tamp_drv.c.obj)
                              (--whole-archive)
lib/libhpm_sdk_lib.a(hpm_vsc_drv.c.obj)
                              (--whole-archive)
lib/libhpm_sdk_lib.a(hpm_clc_drv.c.obj)
                              (--whole-archive)
lib/libhpm_sdk_lib.a(hpm_esc_drv.c.obj)
                              (--whole-archive)
lib/libhpm_sdk_lib.a(hpm_ppi_drv.c.obj)
                              (--whole-archive)
lib/libhpm_sdk_lib.a(hpm_lobs_drv.c.obj)
                              (--whole-archive)
lib/libhpm_sdk_lib.a(hpm_tsw_drv.c.obj)
[...]
Memory Configuration

Name             Origin             Length             Attributes
XPI0             0x80000000         0x00800000         xr
ILM              0x00000000         0x00040000         xw
DLM              0x00200000         0x00040000         w
AXI_SRAM         0x01200000         0x00080000         xw
AXI_SRAM_NONCACHEABLE 0x01280000         0x00040000         xw
SHARE_RAM        0x012fc000         0x00004000         w
AHB_SRAM         0xf0200000         0x00008000         w
*default*        0x00000000         0xffffffff

Linker script and memory map

LOAD CMakeFiles/app.dir/D_/Programs/HPMPrj/S_Lx_HPM_Porj/TSN_Frame/application/common/multicore_common.c.obj
LOAD CMakeFiles/app.dir/src/App/data_u.c.obj
LOAD CMakeFiles/app.dir/src/Bsp/RingBuffer.c.obj
LOAD CMakeFiles/app.dir/src/Bsp/bsp_gptmr.c.obj
LOAD CMakeFiles/app.dir/src/Bsp/bsp_mchtmr.c.obj
LOAD CMakeFiles/app.dir/src/Bsp/mac_table.c.obj
LOAD CMakeFiles/app.dir/src/Bsp/tswLowLevel.c.obj
LOAD CMakeFiles/app.dir/src/main.c.obj
LOAD lib/libhpm_sdk_gcc_startup_lib.a
LOAD lib/libhpm_sdk_gcc_lib.a
LOAD lib/libhpm_sdk_lib.a
                0x00004000                        _heap_size = 0x4000
                0x00004000                        _stack_size = 0x4000
                0x00800000                        _flash_size = 0x800000
                0x02000000                        _extram_size = 0x2000000
LOAD D:/Programs/HPMPrj/S_Lx_HPM_Porj/TSN_Frame/tools/rv32imac_zicsr_zifencei_multilib_b_ext-win/bin/../lib/gcc/riscv32-unknown-elf/13.2.0/rv32imac_zicsr_zifencei_zba_zbb_zbc_zbs/ilp32\libgcc.a
LOAD D:/Programs/HPMPrj/S_Lx_HPM_Porj/TSN_Frame/tools/rv32imac_zicsr_zifencei_multilib_b_ext-win/bin/../lib/gcc/riscv32-unknown-elf/13.2.0/../../../../riscv32-unknown-elf/lib/rv32imac_zicsr_zifencei_zba_zbb_zbc_zbs/ilp32\libg_nano.a
LOAD D:/Programs/HPMPrj/S_Lx_HPM_Porj/TSN_Frame/tools/rv32imac_zicsr_zifencei_multilib_b_ext-win/bin/../lib/gcc/riscv32-unknown-elf/13.2.0/../../../../riscv32-unknown-elf/lib/rv32imac_zicsr_zifencei_zba_zbb_zbc_zbs/ilp32\libc_nano.a
LOAD D:/Programs/HPMPrj/S_Lx_HPM_Porj/TSN_Frame/tools/rv32imac_zicsr_zifencei_multilib_b_ext-win/bin/../lib/gcc/riscv32-unknown-elf/13.2.0/rv32imac_zicsr_zifencei_zba_zbb_zbc_zbs/ilp32\libgcc.a
START GROUP
LOAD D:/Programs/HPMPrj/S_Lx_HPM_Porj/TSN_Frame/tools/rv32imac_zicsr_zifencei_multilib_b_ext-win/bin/../lib/gcc/riscv32-unknown-elf/13.2.0/rv32imac_zicsr_zifencei_zba_zbb_zbc_zbs/ilp32\libgcc.a
LOAD D:/Programs/HPMPrj/S_Lx_HPM_Porj/TSN_Frame/tools/rv32imac_zicsr_zifencei_multilib_b_ext-win/bin/../lib/gcc/riscv32-unknown-elf/13.2.0/../../../../riscv32-unknown-elf/lib/rv32imac_zicsr_zifencei_zba_zbb_zbc_zbs/ilp32\libc_nano.a
LOAD D:/Programs/HPMPrj/S_Lx_HPM_Porj/TSN_Frame/tools/rv32imac_zicsr_zifencei_multilib_b_ext-win/bin/../lib/gcc/riscv32-unknown-elf/13.2.0/../../../../riscv32-unknown-elf/lib/rv32imac_zicsr_zifencei_zba_zbb_zbc_zbs/ilp32\libgloss_nano.a
END GROUP
                0x00004000                        STACK_SIZE = _stack_size
                0x00004000                        HEAP_SIZE = _heap_size
                0x80000400                        __nor_cfg_option_load_addr__ = (ORIGIN (XPI0) + 0x400)
                0x80001000                        __boot_header_load_addr__ = (ORIGIN (XPI0) + 0x1000)
                0x80003000                        __app_load_addr__ = (ORIGIN (XPI0) + 0x3000)
                0x00000090                        __boot_header_length__ = (__boot_header_end__ - __boot_header_start__)
                0x00002000                        __app_offset__ = (__app_load_addr__ - __boot_header_load_addr__)

.nor_cfg_option
                0x80000400       0x10
 *(.nor_cfg_option)
 .nor_cfg_option
                0x80000400       0x10 lib/libhpm_sdk_lib.a(board.c.obj)
                0x80000400                option

.boot_header    0x80001000       0x90
                0x80001000                        __boot_header_start__ = .
 *(.boot_header)
 .boot_header   0x80001000       0x10 lib/libhpm_sdk_lib.a(hpm_bootheader.c.obj)
                0x80001000                header
 *(.fw_info_table)
 .fw_info_table
                0x80001010       0x80 lib/libhpm_sdk_lib.a(hpm_bootheader.c.obj)
                0x80001010                fw_info
 *(.dc_info)
                0x80001090                        __boot_header_end__ = .

.start          0x80003000       0x4a
                0x80003000                        . = ALIGN (0x8)
 *(.start)
 .start         0x80003000       0x4a lib/libhpm_sdk_gcc_startup_lib.a(start.S.obj)
                0x80003000                _start
                0x80003048                exit
                0x8000304a                        __vector_load_addr__ = (ADDR (.start) + SIZEOF (.start))

.vectors        0x00000000     0x13a0 load address 0x8000304a
                0x00000000                        . = ALIGN (0x8)
                0x00000000                        __vector_ram_start__ = .
 *(.vector_table)
 .vector_table  0x00000000      0x28a lib/libhpm_sdk_gcc_startup_lib.a(start.S.obj)
                0x00000000                __vector_table
                0x00000288                default_isr_s_120
                0x00000288                default_isr_s_133
                0x00000288                default_isr_s_138
                0x00000288                default_isr_s_126
                0x00000288                default_isr_s_88
                0x00000288                default_isr_s_43
                0x00000288                default_isr_s_59
                0x00000288                default_isr_s_136
                0x00000288                default_isr_s_54
                0x00000288                default_isr_s_28
                0x00000288                default_isr_s_22
                0x00000288                default_isr_s_21
                0x00000288                default_isr_s_111
                0x00000288                default_isr_s_127
                0x00000288                default_isr_s_86
                0x00000288                default_isr_s_41
                0x00000288                default_isr_s_149
                0x00000288                default_isr_s_19
                0x00000288                default_isr_s_18
                0x00000288                default_isr_s_13
                0x00000288                default_isr_s_12
                0x00000288                default_isr_s_56
                0x00000288                default_isr_s_64
                0x00000288                default_isr_s_99
                0x00000288                default_isr_s_137
                0x00000288                default_isr_s_4
                0x00000288                default_isr_s_124
                0x00000288                default_isr_s_102
                0x00000288                default_isr_s_71
                0x00000288                default_isr_s_155
                0x00000288                default_isr_s_48
                0x00000288                default_isr_s_143
                0x00000288                default_isr_s_161
                0x00000288                default_isr_s_26
                0x00000288                default_isr_s_25
                0x00000288                default_isr_s_61
                0x00000288                default_isr_s_129
                0x00000288                default_isr_s_8
                0x00000288                default_isr_s_3
                0x00000288                default_isr_s_85
                0x00000288                default_isr_s_40
                0x00000288                default_isr_s_93
                0x00000288                default_isr_s_109
                0x00000288                default_isr_s_158
                0x00000288                default_isr_s_114
                0x00000288                default_isr_s_45
                0x00000288                default_isr_s_151
                0x00000288                default_isr_s_73
                0x00000288                default_isr_s_30
                0x00000288                default_isr_s_78
                0x00000288                default_isr_s_35
                0x00000288                default_isr_s_135
                0x00000288                default_isr_s_90
                0x00000288                default_isr_s_103
                0x00000288                default_isr_s_101
                0x00000288                default_isr_s_104
                0x00000288                default_isr_s_70
                0x00000288                default_isr_s_148
                0x00000288                default_isr_s_60
                0x00000288                default_isr_s_123
                0x00000288                default_isr_s_50
                0x00000288                default_isr_s_128
                0x00000288                default_isr_s_80
                0x00000288                default_isr_s_96
                0x00000288                default_isr_s_58
                0x00000288                default_isr_s_92
                0x00000288                default_isr_s_66
                0x00000288                default_isr_s_20
                0x00000288                default_isr_s_131
                0x00000288                default_isr_s_6
                0x00000288                default_isr_s_147
                0x00000288                default_isr_s_141
                0x00000288                default_isr_s_115
                0x00000288                default_isr_s_156
                0x00000288                default_isr_s_17
                0x00000288                default_isr_s_16
                0x00000288                default_isr_s_145
                0x00000288                default_isr_s_63
                0x00000288                default_isr_s_11
                0x00000288                default_isr_s_10
                0x00000288                default_isr_s_157
                0x00000288                default_isr_s_53
                0x00000288                default_isr_s_122
                0x00000288                default_isr_s_121
                0x00000288                default_isr_s_116
                0x00000288                default_isr_s_87
                0x00000288                default_isr_s_42
                0x00000288                default_isr_s_7
                0x00000288                default_isr_s_105
                0x00000288                default_isr_s_75
                0x00000288                default_isr_s_32
                0x00000288                default_isr_s_37
                0x00000288                default_isr_s_91
                0x00000288                default_isr_s_47
                0x00000288                default_isr_s_24
                0x00000288                default_isr_s_72
                0x00000288                default_isr_s_146
                0x00000288                default_isr_s_82
                0x00000288                default_isr_s_153
                0x00000288                default_isr_s_142
                0x00000288                default_isr_s_39
                0x00000288                default_isr_s_77
                0x00000288                default_isr_s_34
                0x00000288                default_isr_s_134
                0x00000288                default_isr_s_118
                0x00000288                default_isr_s_94
                0x00000288                default_isr_s_68
                0x00000288                default_isr_s_74
                0x00000288                default_isr_s_31
                0x00000288                default_isr_s_160
                0x00000288                default_isr_s_154
                0x00000288                default_isr_s_125
                0x00000288                default_isr_s_89
                0x00000288                default_isr_s_44
                0x00000288                default_isr_s_95
                0x00000288                default_isr_s_55
                0x00000288                default_isr_s_29
                0x00000288                default_isr_s_23
                0x00000288                default_isr_s_98
                0x00000288                default_isr_s_51
                0x00000288                default_isr_s_65
                0x00000288                default_isr_s_81
                0x00000288                default_isr_s_117
                0x00000288                default_isr_s_113
                0x00000288                default_isr_s_49
                0x00000288                default_isr_s_15
                0x00000288                default_isr_s_14
                0x00000288                default_isr_s_57
                0x00000288                default_isr_s_152
                0x00000288                default_isr_s_52
                0x00000288                default_irq_s_handler
                0x00000288                default_isr_s_9
                0x00000288                default_isr_s_140
                0x00000288                default_isr_s_108
                0x00000288                default_isr_s_2
                0x00000288                default_isr_s_107
                0x00000288                default_isr_s_132
                0x00000288                default_isr_s_100
                0x00000288                default_isr_s_79
                0x00000288                default_isr_s_36
                0x00000288                default_isr_s_84
                0x00000288                default_isr_s_144
                0x00000288                default_isr_s_27
                0x00000288                default_isr_s_69
                0x00000288                default_isr_s_110
                0x00000288                default_isr_s_62
                0x00000288                default_isr_s_76
                0x00000288                default_isr_s_33
                0x00000288                default_isr_s_139
                0x00000288                default_isr_s_1
                0x00000288                default_isr_s_112
                0x00000288                default_isr_s_46
                0x00000288                default_isr_s_38
                0x00000288                default_isr_s_97
                0x00000288                default_isr_s_130
                0x00000288                default_isr_s_5
                0x00000288                default_isr_s_67
                0x00000288                default_isr_s_150
                0x00000288                default_isr_s_119
                0x00000288                default_isr_s_106
                0x00000288                default_isr_s_159
                0x00000288                default_isr_s_83
 *(.isr_vector)
 *fill*         0x0000028a        0x2 
 .isr_vector    0x0000028c      0x2ce CMakeFiles/app.dir/src/Bsp/bsp_gptmr.c.obj
                0x0000028c                Isr_rttmr
                0x000002dc                default_isr_27
                0x0000037a                Isr_commtmr
                0x000003cc                default_isr_28
                0x000004bc                default_isr_29
 .isr_vector    0x0000055a       0x3a CMakeFiles/app.dir/src/Bsp/bsp_mchtmr.c.obj
                0x0000055a                Isr_Mchtmr
                0x00000588                mchtmr_isr
 *fill*         0x00000594        0x0 
 .isr_vector    0x00000594      0x436 CMakeFiles/app.dir/src/Bsp/tswLowLevel.c.obj
                0x00000594                isr_tsw_port_cpu
                0x00000928                default_isr_128
 *fill*         0x000009ca        0x2 
 .isr_vector    0x000009cc        0x8 lib/libhpm_sdk_gcc_startup_lib.a(start.S.obj)
                0x000009cc                nmi_handler
                0x000009d0                default_isr_73
                0x000009d0                default_isr_109
                0x000009d0                default_isr_17
                0x000009d0                default_isr_9
                0x000009d0                default_isr_155
                0x000009d0                default_isr_112
                0x000009d0                default_isr_61
                0x000009d0                default_isr_93
                0x000009d0                default_isr_131
                0x000009d0                default_isr_159
                0x000009d0                default_isr_127
                0x000009d0                default_isr_35
                0x000009d0                default_isr_41
                0x000009d0                default_isr_139
                0x000009d0                default_isr_136
                0x000009d0                default_isr_97
                0x000009d0                default_isr_66
                0x000009d0                default_isr_23
                0x000009d0                default_isr_90
                0x000009d0                default_isr_161
                0x000009d0                default_isr_124
                0x000009d0                default_isr_135
                0x000009d0                default_isr_5
                0x000009d0                default_isr_68
                0x000009d0                default_isr_25
                0x000009d0                default_isr_76
                0x000009d0                default_isr_31
                0x000009d0                default_isr_96
                0x000009d0                default_isr_53
                0x000009d0                default_isr_152
                0x000009d0                default_isr_117
                0x000009d0                default_isr_149
                0x000009d0                default_isr_101
                0x000009d0                default_isr_71
                0x000009d0                default_isr_3
                0x000009d0                default_isr_160
                0x000009d0                default_isr_120
                0x000009d0                default_isr_123
                0x000009d0                default_isr_38
                0x000009d0                default_isr_83
                0x000009d0                default_isr_1
                0x000009d0                default_isr_134
                0x000009d0                default_isr_63
                0x000009d0                default_isr_20
                0x000009d0                default_isr_13
                0x000009d0                default_isr_125
                0x000009d0                default_isr_130
                0x000009d0                default_isr_40
                0x000009d0                default_isr_58
                0x000009d0                default_isr_113
                0x000009d0                default_isr_85
                0x000009d0                default_isr_10
                0x000009d0                default_isr_55
                0x000009d0                default_isr_46
                0x000009d0                default_isr_75
                0x000009d0                default_isr_30
                0x000009d0                default_isr_4
                0x000009d0                default_isr_86
                0x000009d0                default_isr_48
                0x000009d0                default_isr_78
                0x000009d0                default_isr_33
                0x000009d0                default_isr_147
                0x000009d0                default_isr_132
                0x000009d0                default_isr_100
                0x000009d0                default_isr_157
                0x000009d0                default_isr_16
                0x000009d0                default_isr_153
                0x000009d0                default_isr_145
                0x000009d0                default_isr_142
                0x000009d0                default_isr_105
                0x000009d0                default_isr_99
                0x000009d0                default_isr_62
                0x000009d0                default_isr_91
                0x000009d0                default_isr_121
                0x000009d0                default_isr_98
                0x000009d0                default_isr_52
                0x000009d0                default_isr_50
                0x000009d0                default_isr_69
                0x000009d0                default_isr_154
                0x000009d0                default_isr_108
                0x000009d0                default_isr_88
                0x000009d0                default_isr_118
                0x000009d0                default_isr_81
                0x000009d0                default_isr_144
                0x000009d0                default_isr_77
                0x000009d0                default_isr_32
                0x000009d0                default_isr_70
                0x000009d0                default_isr_43
                0x000009d0                default_isr_11
                0x000009d0                default_isr_158
                0x000009d0                default_isr_110
                0x000009d0                default_isr_56
                0x000009d0                default_isr_8
                0x000009d0                default_isr_129
                0x000009d0                default_isr_148
                0x000009d0                default_irq_handler
                0x000009d0                default_isr_151
                0x000009d0                default_isr_116
                0x000009d0                default_isr_119
                0x000009d0                default_isr_60
                0x000009d0                default_isr_107
                0x000009d0                default_isr_49
                0x000009d0                default_isr_137
                0x000009d0                default_isr_111
                0x000009d0                default_isr_84
                0x000009d0                default_isr_143
                0x000009d0                default_isr_140
                0x000009d0                default_isr_106
                0x000009d0                default_isr_72
                0x000009d0                default_isr_103
                0x000009d0                default_isr_2
                0x000009d0                default_isr_74
                0x000009d0                default_isr_47
                0x000009d0                default_isr_6
                0x000009d0                default_isr_122
                0x000009d0                default_isr_150
                0x000009d0                default_isr_115
                0x000009d0                default_isr_18
                0x000009d0                default_isr_156
                0x000009d0                default_isr_87
                0x000009d0                default_isr_65
                0x000009d0                default_isr_22
                0x000009d0                default_isr_42
                0x000009d0                default_isr_94
                0x000009d0                default_isr_79
                0x000009d0                default_isr_34
                0x000009d0                default_isr_36
                0x000009d0                default_isr_67
                0x000009d0                default_isr_24
                0x000009d0                default_isr_95
                0x000009d0                default_isr_19
                0x000009d0                default_isr_114
                0x000009d0                default_isr_15
                0x000009d0                default_isr_133
                0x000009d0                default_isr_51
                0x000009d0                default_isr_92
                0x000009d0                default_isr_126
                0x000009d0                default_isr_80
                0x000009d0                default_isr_37
                0x000009d0                default_isr_102
                0x000009d0                default_isr_39
                0x000009d0                default_isr_82
                0x000009d0                default_isr_138
                0x000009d0                default_isr_89
                0x000009d0                default_isr_7
                0x000009d0                default_isr_12
                0x000009d0                default_isr_44
                0x000009d0                default_isr_57
                0x000009d0                default_isr_64
                0x000009d0                default_isr_21
                0x000009d0                default_isr_14
                0x000009d0                default_isr_59
                0x000009d0                default_isr_146
                0x000009d0                default_isr_54
                0x000009d0                default_isr_45
                0x000009d0                default_isr_141
                0x000009d0                default_isr_104
 .isr_vector    0x000009d4      0x156 lib/libhpm_sdk_gcc_lib.a(trap.c.obj)
                0x000009d4                irq_handler_trap
 *fill*         0x00000b2a        0x2 
 .isr_vector    0x00000b2c       0xd8 lib/libhpm_sdk_lib.a(board.c.obj)
                0x00000b2c                board_timer_isr
                0x00000b64                default_isr_26
 *(.isr_vector.*)
 *(.vector_s_table)
 *fill*         0x00000c04      0x3fc 
 .vector_s_table
                0x00001000      0x288 lib/libhpm_sdk_gcc_startup_lib.a(start.S.obj)
                0x00001000                __vector_s_table
 *(.isr_s_vector)
 .isr_s_vector  0x00001288      0x112 lib/libhpm_sdk_gcc_lib.a(trap.c.obj)
                0x00001288                irq_handler_s_trap
 *(.isr_s_vector.*)
                0x000013a0                        . = ALIGN (0x8)
 *fill*         0x0000139a        0x6 
                0x000013a0                        __vector_ram_end__ = .

.text           0x800043ea     0xdf26
                0x800043f0                        . = ALIGN (0x8)
 *fill*         0x800043ea        0x6 
 *(.text)
 .text          0x800043f0      0x350 D:/Programs/HPMPrj/S_Lx_HPM_Porj/TSN_Frame/tools/rv32imac_zicsr_zifencei_multilib_b_ext-win/bin/../lib/gcc/riscv32-unknown-elf/13.2.0/rv32imac_zicsr_zifencei_zba_zbb_zbc_zbs/ilp32\libgcc.a(_udivdi3.o)
                0x800043f0                __udivdi3
 .text          0x80004740      0x31c D:/Programs/HPMPrj/S_Lx_HPM_Porj/TSN_Frame/tools/rv32imac_zicsr_zifencei_multilib_b_ext-win/bin/../lib/gcc/riscv32-unknown-elf/13.2.0/rv32imac_zicsr_zifencei_zba_zbb_zbc_zbs/ilp32\libgcc.a(_umoddi3.o)
                0x80004740                __umoddi3
 .text          0x80004a5c      0x5dc D:/Programs/HPMPrj/S_Lx_HPM_Porj/TSN_Frame/tools/rv32imac_zicsr_zifencei_multilib_b_ext-win/bin/../lib/gcc/riscv32-unknown-elf/13.2.0/rv32imac_zicsr_zifencei_zba_zbb_zbc_zbs/ilp32\libgcc.a(adddf3.o)
                0x80004a5c                __adddf3
 .text          0x80005038      0x50a D:/Programs/HPMPrj/S_Lx_HPM_Porj/TSN_Frame/tools/rv32imac_zicsr_zifencei_multilib_b_ext-win/bin/../lib/gcc/riscv32-unknown-elf/13.2.0/rv32imac_zicsr_zifencei_zba_zbb_zbc_zbs/ilp32\libgcc.a(divdf3.o)
                0x80005038                __divdf3
 .text          0x80005542       0x9a D:/Programs/HPMPrj/S_Lx_HPM_Porj/TSN_Frame/tools/rv32imac_zicsr_zifencei_multilib_b_ext-win/bin/../lib/gcc/riscv32-unknown-elf/13.2.0/rv32imac_zicsr_zifencei_zba_zbb_zbc_zbs/ilp32\libgcc.a(gedf2.o)
                0x80005542                __gedf2
                0x80005542                __gtdf2
 .text          0x800055dc       0x9a D:/Programs/HPMPrj/S_Lx_HPM_Porj/TSN_Frame/tools/rv32imac_zicsr_zifencei_multilib_b_ext-win/bin/../lib/gcc/riscv32-unknown-elf/13.2.0/rv32imac_zicsr_zifencei_zba_zbb_zbc_zbs/ilp32\libgcc.a(ledf2.o)
                0x800055dc                __ledf2
                0x800055dc                __ltdf2
 .text          0x80005676      0x446 D:/Programs/HPMPrj/S_Lx_HPM_Porj/TSN_Frame/tools/rv32imac_zicsr_zifencei_multilib_b_ext-win/bin/../lib/gcc/riscv32-unknown-elf/13.2.0/rv32imac_zicsr_zifencei_zba_zbb_zbc_zbs/ilp32\libgcc.a(muldf3.o)
                0x80005676                __muldf3
 .text          0x80005abc      0x5f0 D:/Programs/HPMPrj/S_Lx_HPM_Porj/TSN_Frame/tools/rv32imac_zicsr_zifencei_multilib_b_ext-win/bin/../lib/gcc/riscv32-unknown-elf/13.2.0/rv32imac_zicsr_zifencei_zba_zbb_zbc_zbs/ilp32\libgcc.a(subdf3.o)
                0x80005abc                __subdf3
 .text          0x800060ac       0x62 D:/Programs/HPMPrj/S_Lx_HPM_Porj/TSN_Frame/tools/rv32imac_zicsr_zifencei_multilib_b_ext-win/bin/../lib/gcc/riscv32-unknown-elf/13.2.0/rv32imac_zicsr_zifencei_zba_zbb_zbc_zbs/ilp32\libgcc.a(fixdfsi.o)
                0x800060ac                __fixdfsi
 .text          0x8000610e       0x60 D:/Programs/HPMPrj/S_Lx_HPM_Porj/TSN_Frame/tools/rv32imac_zicsr_zifencei_multilib_b_ext-win/bin/../lib/gcc/riscv32-unknown-elf/13.2.0/rv32imac_zicsr_zifencei_zba_zbb_zbc_zbs/ilp32\libgcc.a(fixunsdfsi.o)
                0x8000610e                __fixunsdfsi
 .text          0x8000616e       0x42 D:/Programs/HPMPrj/S_Lx_HPM_Porj/TSN_Frame/tools/rv32imac_zicsr_zifencei_multilib_b_ext-win/bin/../lib/gcc/riscv32-unknown-elf/13.2.0/rv32imac_zicsr_zifencei_zba_zbb_zbc_zbs/ilp32\libgcc.a(floatunsidf.o)
                0x8000616e                __floatunsidf
 .text          0x800061b0      0x218 D:/Programs/HPMPrj/S_Lx_HPM_Porj/TSN_Frame/tools/rv32imac_zicsr_zifencei_multilib_b_ext-win/bin/../lib/gcc/riscv32-unknown-elf/13.2.0/rv32imac_zicsr_zifencei_zba_zbb_zbc_zbs/ilp32\libgcc.a(divsf3.o)
                0x800061b0                __divsf3
 .text          0x800063c8       0x76 D:/Programs/HPMPrj/S_Lx_HPM_Porj/TSN_Frame/tools/rv32imac_zicsr_zifencei_multilib_b_ext-win/bin/../lib/gcc/riscv32-unknown-elf/13.2.0/rv32imac_zicsr_zifencei_zba_zbb_zbc_zbs/ilp32\libgcc.a(gesf2.o)
                0x800063c8                __gesf2
                0x800063c8                __gtsf2
 .text          0x8000643e       0x76 D:/Programs/HPMPrj/S_Lx_HPM_Porj/TSN_Frame/tools/rv32imac_zicsr_zifencei_multilib_b_ext-win/bin/../lib/gcc/riscv32-unknown-elf/13.2.0/rv32imac_zicsr_zifencei_zba_zbb_zbc_zbs/ilp32\libgcc.a(lesf2.o)
                0x8000643e                __ltsf2
                0x8000643e                __lesf2
 .text          0x800064b4      0x2fa D:/Programs/HPMPrj/S_Lx_HPM_Porj/TSN_Frame/tools/rv32imac_zicsr_zifencei_multilib_b_ext-win/bin/../lib/gcc/riscv32-unknown-elf/13.2.0/rv32imac_zicsr_zifencei_zba_zbb_zbc_zbs/ilp32\libgcc.a(subsf3.o)
                0x800064b4                __subsf3
 .text          0x800067ae       0x5a D:/Programs/HPMPrj/S_Lx_HPM_Porj/TSN_Frame/tools/rv32imac_zicsr_zifencei_multilib_b_ext-win/bin/../lib/gcc/riscv32-unknown-elf/13.2.0/rv32imac_zicsr_zifencei_zba_zbb_zbc_zbs/ilp32\libgcc.a(fixunssfsi.o)
                0x800067ae                __fixunssfsi
 .text          0x80006808       0x9c D:/Programs/HPMPrj/S_Lx_HPM_Porj/TSN_Frame/tools/rv32imac_zicsr_zifencei_multilib_b_ext-win/bin/../lib/gcc/riscv32-unknown-elf/13.2.0/rv32imac_zicsr_zifencei_zba_zbb_zbc_zbs/ilp32\libgcc.a(floatsisf.o)
                0x80006808                __floatsisf
 .text          0x800068a4       0x88 D:/Programs/HPMPrj/S_Lx_HPM_Porj/TSN_Frame/tools/rv32imac_zicsr_zifencei_multilib_b_ext-win/bin/../lib/gcc/riscv32-unknown-elf/13.2.0/rv32imac_zicsr_zifencei_zba_zbb_zbc_zbs/ilp32\libgcc.a(floatunsisf.o)
                0x800068a4                __floatunsisf
 .text          0x8000692c      0x112 D:/Programs/HPMPrj/S_Lx_HPM_Porj/TSN_Frame/tools/rv32imac_zicsr_zifencei_multilib_b_ext-win/bin/../lib/gcc/riscv32-unknown-elf/13.2.0/rv32imac_zicsr_zifencei_zba_zbb_zbc_zbs/ilp32\libgcc.a(truncdfsf2.o)
                0x8000692c                __truncdfsf2
 .text          0x80006a3e       0x28 D:/Programs/HPMPrj/S_Lx_HPM_Porj/TSN_Frame/tools/rv32imac_zicsr_zifencei_multilib_b_ext-win/bin/../lib/gcc/riscv32-unknown-elf/13.2.0/rv32imac_zicsr_zifencei_zba_zbb_zbc_zbs/ilp32\libgcc.a(_lshrdi3.o)
                0x80006a3e                __lshrdi3
 .text          0x80006a66       0x28 D:/Programs/HPMPrj/S_Lx_HPM_Porj/TSN_Frame/tools/rv32imac_zicsr_zifencei_multilib_b_ext-win/bin/../lib/gcc/riscv32-unknown-elf/13.2.0/rv32imac_zicsr_zifencei_zba_zbb_zbc_zbs/ilp32\libgcc.a(_ashldi3.o)
                0x80006a66                __ashldi3
 .text          0x80006a8e       0x16 D:/Programs/HPMPrj/S_Lx_HPM_Porj/TSN_Frame/tools/rv32imac_zicsr_zifencei_multilib_b_ext-win/bin/../lib/gcc/riscv32-unknown-elf/13.2.0/../../../../riscv32-unknown-elf/lib/rv32imac_zicsr_zifencei_zba_zbb_zbc_zbs/ilp32\libg_nano.a(lib_a-memcpy-asm.o)
                0x80006a8e                memcpy
 .text          0x80006aa4       0x10 D:/Programs/HPMPrj/S_Lx_HPM_Porj/TSN_Frame/tools/rv32imac_zicsr_zifencei_multilib_b_ext-win/bin/../lib/gcc/riscv32-unknown-elf/13.2.0/../../../../riscv32-unknown-elf/lib/rv32imac_zicsr_zifencei_zba_zbb_zbc_zbs/ilp32\libg_nano.a(lib_a-memset.o)
                0x80006aa4                memset
 .text          0x80006ab4       0x26 D:/Programs/HPMPrj/S_Lx_HPM_Porj/TSN_Frame/tools/rv32imac_zicsr_zifencei_multilib_b_ext-win/bin/../lib/gcc/riscv32-unknown-elf/13.2.0/../../../../riscv32-unknown-elf/lib/rv32imac_zicsr_zifencei_zba_zbb_zbc_zbs/ilp32\libg_nano.a(lib_a-memmove.o)
                0x80006ab4                memmove
 .text          0x80006ada       0x6a D:/Programs/HPMPrj/S_Lx_HPM_Porj/TSN_Frame/tools/rv32imac_zicsr_zifencei_multilib_b_ext-win/bin/../lib/gcc/riscv32-unknown-elf/13.2.0/rv32imac_zicsr_zifencei_zba_zbb_zbc_zbs/ilp32\libgcc.a(eqdf2.o)
                0x80006ada                __nedf2
                0x80006ada                __eqdf2
 .text          0x80006b44       0x38 D:/Programs/HPMPrj/S_Lx_HPM_Porj/TSN_Frame/tools/rv32imac_zicsr_zifencei_multilib_b_ext-win/bin/../lib/gcc/riscv32-unknown-elf/13.2.0/rv32imac_zicsr_zifencei_zba_zbb_zbc_zbs/ilp32\libgcc.a(unorddf2.o)
                0x80006b44                __unorddf2
 .text          0x80006b7c       0x54 D:/Programs/HPMPrj/S_Lx_HPM_Porj/TSN_Frame/tools/rv32imac_zicsr_zifencei_multilib_b_ext-win/bin/../lib/gcc/riscv32-unknown-elf/13.2.0/rv32imac_zicsr_zifencei_zba_zbb_zbc_zbs/ilp32\libgcc.a(floatsidf.o)
                0x80006b7c                __floatsidf
 .text          0x80006bd0       0x98 D:/Programs/HPMPrj/S_Lx_HPM_Porj/TSN_Frame/tools/rv32imac_zicsr_zifencei_multilib_b_ext-win/bin/../lib/gcc/riscv32-unknown-elf/13.2.0/rv32imac_zicsr_zifencei_zba_zbb_zbc_zbs/ilp32\libgcc.a(fixdfdi.o)
                0x80006bd0                __fixdfdi
 .text          0x80006c68      0x154 D:/Programs/HPMPrj/S_Lx_HPM_Porj/TSN_Frame/tools/rv32imac_zicsr_zifencei_multilib_b_ext-win/bin/../lib/gcc/riscv32-unknown-elf/13.2.0/rv32imac_zicsr_zifencei_zba_zbb_zbc_zbs/ilp32\libgcc.a(floatdidf.o)
                0x80006c68                __floatdidf
 .text          0x80006dbc      0x152 D:/Programs/HPMPrj/S_Lx_HPM_Porj/TSN_Frame/tools/rv32imac_zicsr_zifencei_multilib_b_ext-win/bin/../lib/gcc/riscv32-unknown-elf/13.2.0/rv32imac_zicsr_zifencei_zba_zbb_zbc_zbs/ilp32\libgcc.a(extenddftf2.o)
                0x80006dbc                __extenddftf2
 .text          0x80006f0e      0x240 D:/Programs/HPMPrj/S_Lx_HPM_Porj/TSN_Frame/tools/rv32imac_zicsr_zifencei_multilib_b_ext-win/bin/../lib/gcc/riscv32-unknown-elf/13.2.0/rv32imac_zicsr_zifencei_zba_zbb_zbc_zbs/ilp32\libgcc.a(trunctfdf2.o)
                0x80006f0e                __trunctfdf2
 *(.text*)
 .text.htonl    0x8000714e       0x34 CMakeFiles/app.dir/src/Bsp/RingBuffer.c.obj
 .text.ntohl    0x80007182       0x14 CMakeFiles/app.dir/src/Bsp/RingBuffer.c.obj
 .text.ByteRingBuf_IsEmpty
                0x80007196       0x26 CMakeFiles/app.dir/src/Bsp/RingBuffer.c.obj
                0x80007196                ByteRingBuf_IsEmpty
 .text.ByteRingBuf_ActualSize
                0x800071bc       0x34 CMakeFiles/app.dir/src/Bsp/RingBuffer.c.obj
                0x800071bc                ByteRingBuf_ActualSize
 .text.ByteRingBuf_FreeSize
                0x800071f0       0x30 CMakeFiles/app.dir/src/Bsp/RingBuffer.c.obj
                0x800071f0                ByteRingBuf_FreeSize
 .text.ByteRingBuf_TryWrite
                0x80007220       0xc8 CMakeFiles/app.dir/src/Bsp/RingBuffer.c.obj
                0x80007220                ByteRingBuf_TryWrite
 .text.ByteRingBuf_FlashTryWrite
                0x800072e8       0x18 CMakeFiles/app.dir/src/Bsp/RingBuffer.c.obj
                0x800072e8                ByteRingBuf_FlashTryWrite
 .text.ByteRingBuf_RestoreTryRead
                0x80007300       0x18 CMakeFiles/app.dir/src/Bsp/RingBuffer.c.obj
                0x80007300                ByteRingBuf_RestoreTryRead
 .text.ByteRingBuf_Write
                0x80007318       0x22 CMakeFiles/app.dir/src/Bsp/RingBuffer.c.obj
                0x80007318                ByteRingBuf_Write
 .text.ByteRingBuf_TryRead
                0x8000733a       0xc8 CMakeFiles/app.dir/src/Bsp/RingBuffer.c.obj
                0x8000733a                ByteRingBuf_TryRead
 .text.ByteRingBuf_FlashTryRead
                0x80007402       0x18 CMakeFiles/app.dir/src/Bsp/RingBuffer.c.obj
                0x80007402                ByteRingBuf_FlashTryRead
 .text.ByteRingBuf_Read
                0x8000741a       0x22 CMakeFiles/app.dir/src/Bsp/RingBuffer.c.obj
                0x8000741a                ByteRingBuf_Read
 .text.ByteRingBuf_WriteFrame
                0x8000743c       0x76 CMakeFiles/app.dir/src/Bsp/RingBuffer.c.obj
                0x8000743c                ByteRingBuf_WriteFrame
 .text.ByteRingBuf_ReadFrame
                0x800074b2       0x94 CMakeFiles/app.dir/src/Bsp/RingBuffer.c.obj
                0x800074b2                ByteRingBuf_ReadFrame
 .text.gptmr_enable_irq
                0x80007546       0x1c CMakeFiles/app.dir/src/Bsp/bsp_gptmr.c.obj
 .text.gptmr_check_status
                0x80007562       0x24 CMakeFiles/app.dir/src/Bsp/bsp_gptmr.c.obj
 .text.gptmr_clear_status
                0x80007586       0x14 CMakeFiles/app.dir/src/Bsp/bsp_gptmr.c.obj
 .text.gptmr_channel_is_opmode
                0x8000759a       0x2e CMakeFiles/app.dir/src/Bsp/bsp_gptmr.c.obj
 .text.gptmr_start_counter
                0x800075c8       0x5a CMakeFiles/app.dir/src/Bsp/bsp_gptmr.c.obj
 .text.Bsp_InitTswSendTmr
                0x80007622      0x146 CMakeFiles/app.dir/src/Bsp/bsp_gptmr.c.obj
                0x80007622                Bsp_InitTswSendTmr
 .text.mchtmr_get_count
                0x80007768       0x12 CMakeFiles/app.dir/src/Bsp/bsp_mchtmr.c.obj
 .text.mchtmr_set_compare_value
                0x8000777a       0x18 CMakeFiles/app.dir/src/Bsp/bsp_mchtmr.c.obj
 .text.mchtmr_delay
                0x80007792       0x3a CMakeFiles/app.dir/src/Bsp/bsp_mchtmr.c.obj
 .text.GetMchtmrTimestamp
                0x800077cc       0x18 CMakeFiles/app.dir/src/Bsp/bsp_mchtmr.c.obj
 .text.Bsp_GetMchtmrTimestampMs
                0x800077e4       0x2c CMakeFiles/app.dir/src/Bsp/bsp_mchtmr.c.obj
                0x800077e4                Bsp_GetMchtmrTimestampMs
 .text.Bsp_InitPerformanceMonitoring
                0x80007810       0x1e CMakeFiles/app.dir/src/Bsp/bsp_mchtmr.c.obj
                0x80007810                Bsp_InitPerformanceMonitoring
 .text.mchtmr_get_count
                0x8000782e       0x12 CMakeFiles/app.dir/src/Bsp/mac_table.c.obj
 .text.tsw_config_send_port
                0x80007840       0x4e CMakeFiles/app.dir/src/Bsp/tswLowLevel.c.obj
                0x80007840                tsw_config_send_port
 .text.tsw_self_adaptive_port_speed
                0x8000788e      0x3a0 CMakeFiles/app.dir/src/Bsp/tswLowLevel.c.obj
                0x8000788e                tsw_self_adaptive_port_speed
 .text.reset_tsw_phy_port
                0x80007c2e       0x7a CMakeFiles/app.dir/src/Bsp/tswLowLevel.c.obj
                0x80007c2e                reset_tsw_phy_port
 .text.sys_timer_callback
                0x80007ca8       0x34 CMakeFiles/app.dir/src/Bsp/tswLowLevel.c.obj
                0x80007ca8                sys_timer_callback
 .text.tsw_init
                0x80007cdc      0x2e8 CMakeFiles/app.dir/src/Bsp/tswLowLevel.c.obj
                0x80007cdc                tsw_init
 .text.tsw_get_link_status
                0x80007fc4       0x6e CMakeFiles/app.dir/src/Bsp/tswLowLevel.c.obj
                0x80007fc4                tsw_get_link_status
 .text.Bsp_InitTsw
                0x80008032      0x17a CMakeFiles/app.dir/src/Bsp/tswLowLevel.c.obj
                0x80008032                Bsp_InitTsw
 .text.Bsp_GetTswMacAddr
                0x800081ac       0x1a CMakeFiles/app.dir/src/Bsp/tswLowLevel.c.obj
                0x800081ac                Bsp_GetTswMacAddr
 .text.DATA_MAKE
                0x800081c6      0x102 CMakeFiles/app.dir/src/main.c.obj
                0x800081c6                DATA_MAKE
 .text.TswSendCallback_500ms
                0x800082c8      0x10a CMakeFiles/app.dir/src/main.c.obj
 .text.main     0x800083d2       0x80 CMakeFiles/app.dir/src/main.c.obj
                0x800083d2                main
 .text.__libc_init_array
                0x80008452       0x6e lib/libhpm_sdk_gcc_startup_lib.a(initfini.c.obj)
                0x80008452                __libc_init_array
 .text._clean_up
                0x800084c0       0xaa lib/libhpm_sdk_gcc_lib.a(reset.c.obj)
                0x800084c0                _clean_up
 .text.c_startup
                0x8000856a      0x23a lib/libhpm_sdk_gcc_lib.a(reset.c.obj)
                0x8000856a                c_startup
 .text.reset_handler
                0x800087a4       0x16 lib/libhpm_sdk_gcc_lib.a(reset.c.obj)
                0x800087a4                reset_handler
 .text._init    0x800087ba        0x4 lib/libhpm_sdk_gcc_lib.a(reset.c.obj)
                0x800087ba                _init
 .text.swi_isr  0x800087be        0x4 lib/libhpm_sdk_gcc_lib.a(trap.c.obj)
                0x800087be                swi_isr
 .text.syscall_handler
                0x800087c2       0x12 lib/libhpm_sdk_gcc_lib.a(trap.c.obj)
                0x800087c2                syscall_handler
 .text.exception_handler
                0x800087d4       0x2c lib/libhpm_sdk_gcc_lib.a(trap.c.obj)
                0x800087d4                exception_handler
 .text.exception_s_handler
                0x80008800        0xe lib/libhpm_sdk_gcc_lib.a(trap.c.obj)
                0x80008800                exception_s_handler
 .text.swi_s_isr
                0x8000880e        0x4 lib/libhpm_sdk_gcc_lib.a(trap.c.obj)
                0x8000880e                swi_s_isr
 .text.mchtmr_s_isr
                0x80008812        0x4 lib/libhpm_sdk_gcc_lib.a(trap.c.obj)
                0x80008812                mchtmr_s_isr
 .text.l1c_dc_enable
                0x80008816       0x34 lib/libhpm_sdk_lib.a(hpm_l1c_drv.c.obj)
                0x80008816                l1c_dc_enable
 .text.l1c_ic_enable
                0x8000884a       0x2e lib/libhpm_sdk_lib.a(hpm_l1c_drv.c.obj)
                0x8000884a                l1c_ic_enable
 .text.l1c_dc_invalidate_all
                0x80008878       0x18 lib/libhpm_sdk_lib.a(hpm_l1c_drv.c.obj)
                0x80008878                l1c_dc_invalidate_all
 .text.l1c_dc_enable_writearound
                0x80008890        0xa lib/libhpm_sdk_lib.a(hpm_l1c_drv.c.obj)
                0x80008890                l1c_dc_enable_writearound
 .text.init_uart_pins
                0x8000889a       0xcc lib/libhpm_sdk_lib.a(pinmux.c.obj)
                0x8000889a                init_uart_pins
 .text.init_tsw_pins
                0x80008966      0x220 lib/libhpm_sdk_lib.a(pinmux.c.obj)
                0x80008966                init_tsw_pins
 .text.sysctl_clock_set_preset
                0x80008b86       0x28 lib/libhpm_sdk_lib.a(board.c.obj)
 .text.gptmr_enable_irq
                0x80008bae       0x1c lib/libhpm_sdk_lib.a(board.c.obj)
 .text.gptmr_check_status
                0x80008bca       0x24 lib/libhpm_sdk_lib.a(board.c.obj)
 .text.gptmr_clear_status
                0x80008bee       0x14 lib/libhpm_sdk_lib.a(board.c.obj)
 .text.gptmr_channel_is_opmode
                0x80008c02       0x2e lib/libhpm_sdk_lib.a(board.c.obj)
 .text.gptmr_start_counter
                0x80008c30       0x5a lib/libhpm_sdk_lib.a(board.c.obj)
 .text.gpio_write_pin
                0x80008c8a       0x52 lib/libhpm_sdk_lib.a(board.c.obj)
 .text.gpio_set_pin_input
                0x80008cdc       0x2c lib/libhpm_sdk_lib.a(board.c.obj)
 .text.pllctlv2_xtal_set_rampup_time
                0x80008d08       0x26 lib/libhpm_sdk_lib.a(board.c.obj)
 .text.board_init_console
                0x80008d2e       0x62 lib/libhpm_sdk_lib.a(board.c.obj)
                0x80008d2e                board_init_console
 .text.board_init
                0x80008d90       0x12 lib/libhpm_sdk_lib.a(board.c.obj)
                0x80008d90                board_init
 .text.board_delay_ms
                0x80008da2       0x14 lib/libhpm_sdk_lib.a(board.c.obj)
                0x80008da2                board_delay_ms
 .text.board_timer_create
                0x80008db6       0xf2 lib/libhpm_sdk_lib.a(board.c.obj)
                0x80008db6                board_timer_create
 .text.board_init_pmp
                0x80008ea8      0x22a lib/libhpm_sdk_lib.a(board.c.obj)
                0x80008ea8                board_init_pmp
 .text.board_init_clock
                0x800090d2      0x57a lib/libhpm_sdk_lib.a(board.c.obj)
                0x800090d2                board_init_clock
 .text.board_init_tsw
                0x8000964c       0x5e lib/libhpm_sdk_lib.a(board.c.obj)
                0x8000964c                board_init_tsw
 .text.board_tsw_phy_set
                0x800096aa       0x72 lib/libhpm_sdk_lib.a(board.c.obj)
                0x800096aa                board_tsw_phy_set
 .text.enable_plic_feature
                0x8000971c       0x2c lib/libhpm_sdk_lib.a(system.c.obj)
                0x8000971c                enable_plic_feature
 .text.system_init
                0x80009748       0x54 lib/libhpm_sdk_lib.a(system.c.obj)
                0x80009748                system_init
 .text.sysctl_resource_target_is_busy
                0x8000979c       0x24 lib/libhpm_sdk_lib.a(hpm_sysctl_drv.c.obj)
 .text.sysctl_clock_target_is_busy
                0x800097c0       0x28 lib/libhpm_sdk_lib.a(hpm_sysctl_drv.c.obj)
 .text.sysctl_enable_group_resource
                0x800097e8       0xfa lib/libhpm_sdk_lib.a(hpm_sysctl_drv.c.obj)
                0x800097e8                sysctl_enable_group_resource
 .text.sysctl_config_clock
                0x800098e2       0x82 lib/libhpm_sdk_lib.a(hpm_sysctl_drv.c.obj)
                0x800098e2                sysctl_config_clock
 .text.hpm_csr_get_core_cycle
                0x80009964       0x7a lib/libhpm_sdk_lib.a(hpm_clock_drv.c.obj)
 .text.clock_get_frequency
                0x800099de       0xb6 lib/libhpm_sdk_lib.a(hpm_clock_drv.c.obj)
                0x800099de                clock_get_frequency
 .text.get_frequency_for_source
                0x80009a94       0xae lib/libhpm_sdk_lib.a(hpm_clock_drv.c.obj)
                0x80009a94                get_frequency_for_source
 .text.get_frequency_for_ip_in_common_group
                0x80009b42       0x64 lib/libhpm_sdk_lib.a(hpm_clock_drv.c.obj)
 .text.get_frequency_for_adc
                0x80009ba6       0x7e lib/libhpm_sdk_lib.a(hpm_clock_drv.c.obj)
 .text.get_frequency_for_i2s
                0x80009c24       0x56 lib/libhpm_sdk_lib.a(hpm_clock_drv.c.obj)
 .text.get_frequency_for_ewdg
                0x80009c7a       0x36 lib/libhpm_sdk_lib.a(hpm_clock_drv.c.obj)
 .text.get_frequency_for_pewdg
                0x80009cb0       0x28 lib/libhpm_sdk_lib.a(hpm_clock_drv.c.obj)
 .text.clock_set_source_divider
                0x80009cd8       0xd6 lib/libhpm_sdk_lib.a(hpm_clock_drv.c.obj)
                0x80009cd8                clock_set_source_divider
 .text.clock_add_to_group
                0x80009dae       0x34 lib/libhpm_sdk_lib.a(hpm_clock_drv.c.obj)
                0x80009dae                clock_add_to_group
 .text.clock_connect_group_to_cpu
                0x80009de2       0x2c lib/libhpm_sdk_lib.a(hpm_clock_drv.c.obj)
                0x80009de2                clock_connect_group_to_cpu
 .text.clock_get_core_clock_ticks_per_ms
                0x80009e0e       0x32 lib/libhpm_sdk_lib.a(hpm_clock_drv.c.obj)
                0x80009e0e                clock_get_core_clock_ticks_per_ms
 .text.clock_cpu_delay_ms
                0x80009e40       0x94 lib/libhpm_sdk_lib.a(hpm_clock_drv.c.obj)
                0x80009e40                clock_cpu_delay_ms
 .text.clock_update_core_clock
                0x80009ed4       0x3a lib/libhpm_sdk_lib.a(hpm_clock_drv.c.obj)
                0x80009ed4                clock_update_core_clock
 .text.uart_modem_config
                0x80009f0e       0x3c lib/libhpm_sdk_lib.a(hpm_uart_drv.c.obj)
 .text.uart_disable_irq
                0x80009f4a       0x1c lib/libhpm_sdk_lib.a(hpm_uart_drv.c.obj)
 .text.uart_enable_irq
                0x80009f66       0x18 lib/libhpm_sdk_lib.a(hpm_uart_drv.c.obj)
 .text.uart_default_config
                0x80009f7e       0x94 lib/libhpm_sdk_lib.a(hpm_uart_drv.c.obj)
                0x80009f7e                uart_default_config
 .text.uart_calculate_baudrate
                0x8000a012      0x1c4 lib/libhpm_sdk_lib.a(hpm_uart_drv.c.obj)
 .text.uart_init
                0x8000a1d6      0x1b8 lib/libhpm_sdk_lib.a(hpm_uart_drv.c.obj)
                0x8000a1d6                uart_init
 .text.uart_send_byte
                0x8000a38e       0x4e lib/libhpm_sdk_lib.a(hpm_uart_drv.c.obj)
                0x8000a38e                uart_send_byte
 .text.uart_flush
                0x8000a3dc       0x40 lib/libhpm_sdk_lib.a(hpm_uart_drv.c.obj)
                0x8000a3dc                uart_flush
 .text.uart_receive_byte
                0x8000a41c       0x4e lib/libhpm_sdk_lib.a(hpm_uart_drv.c.obj)
                0x8000a41c                uart_receive_byte
 .text.uart_init_rxline_idle_detection
                0x8000a46a       0x60 lib/libhpm_sdk_lib.a(hpm_uart_drv.c.obj)
                0x8000a46a                uart_init_rxline_idle_detection
 .text.read_pmp_cfg
                0x8000a4ca       0x6e lib/libhpm_sdk_lib.a(hpm_pmp_drv.c.obj)
                0x8000a4ca                read_pmp_cfg
 .text.write_pmp_cfg
                0x8000a538       0x5c lib/libhpm_sdk_lib.a(hpm_pmp_drv.c.obj)
                0x8000a538                write_pmp_cfg
 .text.write_pmp_addr
                0x8000a594       0xaa lib/libhpm_sdk_lib.a(hpm_pmp_drv.c.obj)
                0x8000a594                write_pmp_addr
 .text.read_pma_cfg
                0x8000a63e       0x6e lib/libhpm_sdk_lib.a(hpm_pmp_drv.c.obj)
                0x8000a63e                read_pma_cfg
 .text.write_pma_cfg
                0x8000a6ac       0x5c lib/libhpm_sdk_lib.a(hpm_pmp_drv.c.obj)
                0x8000a6ac                write_pma_cfg
 .text.write_pma_addr
                0x8000a708       0xaa lib/libhpm_sdk_lib.a(hpm_pmp_drv.c.obj)
                0x8000a708                write_pma_addr
 .text.pmp_config
                0x8000a7b2       0xda lib/libhpm_sdk_lib.a(hpm_pmp_drv.c.obj)
                0x8000a7b2                pmp_config
 .text.gpio_set_pin_output_with_initial
                0x8000a88c       0x6e lib/libhpm_sdk_lib.a(hpm_gpio_drv.c.obj)
                0x8000a88c                gpio_set_pin_output_with_initial
 .text.gptmr_channel_reset_count
                0x8000a8fa       0x4a lib/libhpm_sdk_lib.a(hpm_gptmr_drv.c.obj)
 .text.gptmr_channel_set_capmode
                0x8000a944       0x36 lib/libhpm_sdk_lib.a(hpm_gptmr_drv.c.obj)
 .text.gptmr_update_cmp
                0x8000a97a       0x42 lib/libhpm_sdk_lib.a(hpm_gptmr_drv.c.obj)
 .text.gptmr_channel_config_update_reload
                0x8000a9bc       0x32 lib/libhpm_sdk_lib.a(hpm_gptmr_drv.c.obj)
 .text.gptmr_channel_enable_monitor
                0x8000a9ee       0x2c lib/libhpm_sdk_lib.a(hpm_gptmr_drv.c.obj)
 .text.gptmr_channel_disable_monitor
                0x8000aa1a       0x2e lib/libhpm_sdk_lib.a(hpm_gptmr_drv.c.obj)
 .text.gptmr_channel_set_monitor_type
                0x8000aa48       0x3e lib/libhpm_sdk_lib.a(hpm_gptmr_drv.c.obj)
 .text.gptmr_channel_get_default_config
                0x8000aa86       0x94 lib/libhpm_sdk_lib.a(hpm_gptmr_drv.c.obj)
                0x8000aa86                gptmr_channel_get_default_config
 .text.gptmr_channel_config
                0x8000ab1a      0x180 lib/libhpm_sdk_lib.a(hpm_gptmr_drv.c.obj)
                0x8000ab1a                gptmr_channel_config
 .text.gptmr_channel_get_default_monitor_config
                0x8000ac9a       0x1e lib/libhpm_sdk_lib.a(hpm_gptmr_drv.c.obj)
                0x8000ac9a                gptmr_channel_get_default_monitor_config
 .text.gptmr_channel_monitor_config
                0x8000acb8       0xb6 lib/libhpm_sdk_lib.a(hpm_gptmr_drv.c.obj)
                0x8000acb8                gptmr_channel_monitor_config
 .text.pllctlv2_get_pll_freq_in_hz
                0x8000ad6e       0xd0 lib/libhpm_sdk_lib.a(hpm_pllctlv2_drv.c.obj)
                0x8000ad6e                pllctlv2_get_pll_freq_in_hz
 .text.pllctlv2_get_pll_postdiv_freq_in_hz
                0x8000ae3e       0xb0 lib/libhpm_sdk_lib.a(hpm_pllctlv2_drv.c.obj)
                0x8000ae3e                pllctlv2_get_pll_postdiv_freq_in_hz
 .text.pcfg_dcdc_set_voltage
                0x8000aeee       0x48 lib/libhpm_sdk_lib.a(hpm_pcfg_drv.c.obj)
                0x8000aeee                pcfg_dcdc_set_voltage
 .text.tsw_send_frame_setup
                0x8000af36       0x6e lib/libhpm_sdk_lib.a(hpm_tsw_drv.c.obj)
 .text.tsw_get_default_dma_config
                0x8000afa4       0x20 lib/libhpm_sdk_lib.a(hpm_tsw_drv.c.obj)
                0x8000afa4                tsw_get_default_dma_config
 .text.tsw_ep_set_mdio_config
                0x8000afc4       0x34 lib/libhpm_sdk_lib.a(hpm_tsw_drv.c.obj)
                0x8000afc4                tsw_ep_set_mdio_config
 .text.tsw_ep_mdio_read
                0x8000aff8       0x8a lib/libhpm_sdk_lib.a(hpm_tsw_drv.c.obj)
                0x8000aff8                tsw_ep_mdio_read
 .text.tsw_ep_mdio_write
                0x8000b082       0x80 lib/libhpm_sdk_lib.a(hpm_tsw_drv.c.obj)
                0x8000b082                tsw_ep_mdio_write
 .text.tsw_ep_enable_mac_ctrl
                0x8000b102       0x50 lib/libhpm_sdk_lib.a(hpm_tsw_drv.c.obj)
                0x8000b102                tsw_ep_enable_mac_ctrl
 .text.tsw_ep_disable_mac_ctrl
                0x8000b152       0x76 lib/libhpm_sdk_lib.a(hpm_tsw_drv.c.obj)
                0x8000b152                tsw_ep_disable_mac_ctrl
 .text.tsw_ep_enable_all_mac_ctrl
                0x8000b1c8       0x3a lib/libhpm_sdk_lib.a(hpm_tsw_drv.c.obj)
                0x8000b1c8                tsw_ep_enable_all_mac_ctrl
 .text.tsw_ep_disable_all_mac_ctrl
                0x8000b202       0x3a lib/libhpm_sdk_lib.a(hpm_tsw_drv.c.obj)
                0x8000b202                tsw_ep_disable_all_mac_ctrl
 .text.tsw_ep_set_mac_addr
                0x8000b23c       0xb4 lib/libhpm_sdk_lib.a(hpm_tsw_drv.c.obj)
                0x8000b23c                tsw_ep_set_mac_addr
 .text.tsw_ep_set_mac_mode
                0x8000b2f0       0x6c lib/libhpm_sdk_lib.a(hpm_tsw_drv.c.obj)
                0x8000b2f0                tsw_ep_set_mac_mode
 .text.tsw_ep_set_xmac_mode
                0x8000b35c       0x82 lib/libhpm_sdk_lib.a(hpm_tsw_drv.c.obj)
                0x8000b35c                tsw_ep_set_xmac_mode
 .text.tsw_init_send
                0x8000b3de       0xd0 lib/libhpm_sdk_lib.a(hpm_tsw_drv.c.obj)
                0x8000b3de                tsw_init_send
 .text.tsw_send_frame
                0x8000b4ae       0x3c lib/libhpm_sdk_lib.a(hpm_tsw_drv.c.obj)
                0x8000b4ae                tsw_send_frame
 .text.tsw_init_recv
                0x8000b4ea       0xf4 lib/libhpm_sdk_lib.a(hpm_tsw_drv.c.obj)
                0x8000b4ea                tsw_init_recv
 .text.tsw_recv_frame
                0x8000b5de       0x76 lib/libhpm_sdk_lib.a(hpm_tsw_drv.c.obj)
                0x8000b5de                tsw_recv_frame
 .text.tsw_commit_recv_desc
                0x8000b654       0x70 lib/libhpm_sdk_lib.a(hpm_tsw_drv.c.obj)
                0x8000b654                tsw_commit_recv_desc
 .text.tsw_set_cam_vlan_port
                0x8000b6c4       0x1e lib/libhpm_sdk_lib.a(hpm_tsw_drv.c.obj)
                0x8000b6c4                tsw_set_cam_vlan_port
 .text.tsw_port_gpr
                0x8000b6e2       0x92 lib/libhpm_sdk_lib.a(hpm_tsw_drv.c.obj)
                0x8000b6e2                tsw_port_gpr
 .text.tsw_set_port_clock_delay
                0x8000b774       0x8a lib/libhpm_sdk_lib.a(hpm_tsw_drv.c.obj)
                0x8000b774                tsw_set_port_clock_delay
 .text.tsw_set_port_speed
                0x8000b7fe      0x144 lib/libhpm_sdk_lib.a(hpm_tsw_drv.c.obj)
                0x8000b7fe                tsw_set_port_speed
 .text.tsw_set_broadcast_frame_action
                0x8000b942       0x2a lib/libhpm_sdk_lib.a(hpm_tsw_drv.c.obj)
                0x8000b942                tsw_set_broadcast_frame_action
 .text.tsw_set_unknown_frame_action
                0x8000b96c       0x2a lib/libhpm_sdk_lib.a(hpm_tsw_drv.c.obj)
                0x8000b96c                tsw_set_unknown_frame_action
 .text.tsw_clear_cam
                0x8000b996       0x22 lib/libhpm_sdk_lib.a(hpm_tsw_drv.c.obj)
                0x8000b996                tsw_clear_cam
 .text.tsw_set_rtc_time_increment
                0x8000b9b8       0x1c lib/libhpm_sdk_lib.a(hpm_tsw_drv.c.obj)
                0x8000b9b8                tsw_set_rtc_time_increment
 .text.tsw_fpe_enable_mms
                0x8000b9d4       0x3a lib/libhpm_sdk_lib.a(hpm_tsw_drv.c.obj)
                0x8000b9d4                tsw_fpe_enable_mms
 .text.tsw_fpe_get_default_mms_ctrl_config
                0x8000ba0e       0x3c lib/libhpm_sdk_lib.a(hpm_tsw_drv.c.obj)
                0x8000ba0e                tsw_fpe_get_default_mms_ctrl_config
 .text.tsw_fpe_set_mms_ctrl
                0x8000ba4a      0x142 lib/libhpm_sdk_lib.a(hpm_tsw_drv.c.obj)
                0x8000ba4a                tsw_fpe_set_mms_ctrl
 .text.tsw_fpe_get_mms_statistics_counter
                0x8000bb8c       0x6a lib/libhpm_sdk_lib.a(hpm_tsw_drv.c.obj)
                0x8000bb8c                tsw_fpe_get_mms_statistics_counter
 .text._sbrk    0x8000bbf6       0x78 lib/libhpm_sdk_lib.a(hpm_sbrk.c.obj)
                0x8000bbf6                _sbrk
 .text.yt8531_check_id
                0x8000bc6e       0x6c lib/libhpm_sdk_lib.a(hpm_yt8531.c.obj)
 .text.yt8531_reset
                0x8000bcda       0x54 lib/libhpm_sdk_lib.a(hpm_yt8531.c.obj)
                0x8000bcda                yt8531_reset
 .text.yt8531_basic_mode_default_config
                0x8000bd2e       0x1a lib/libhpm_sdk_lib.a(hpm_yt8531.c.obj)
                0x8000bd2e                yt8531_basic_mode_default_config
 .text.yt8531_basic_mode_init
                0x8000bd48      0x100 lib/libhpm_sdk_lib.a(hpm_yt8531.c.obj)
                0x8000bd48                yt8531_basic_mode_init
 .text.yt8531_get_phy_status
                0x8000be48       0x8c lib/libhpm_sdk_lib.a(hpm_yt8531.c.obj)
                0x8000be48                yt8531_get_phy_status
 .text.console_init
                0x8000bed4       0x72 lib/libhpm_sdk_lib.a(hpm_debug_console.c.obj)
                0x8000bed4                console_init
 .text._write   0x8000bf46       0x80 lib/libhpm_sdk_lib.a(hpm_debug_console.c.obj)
                0x8000bf46                _write
 .text._read    0x8000bfc6       0x2a lib/libhpm_sdk_lib.a(hpm_debug_console.c.obj)
                0x8000bfc6                _read
 .text._fstat   0x8000bff0       0x14 lib/libhpm_sdk_lib.a(hpm_debug_console.c.obj)
                0x8000bff0                _fstat
 .text.abs      0x8000c004        0xa D:/Programs/HPMPrj/S_Lx_HPM_Porj/TSN_Frame/tools/rv32imac_zicsr_zifencei_multilib_b_ext-win/bin/../lib/gcc/riscv32-unknown-elf/13.2.0/../../../../riscv32-unknown-elf/lib/rv32imac_zicsr_zifencei_zba_zbb_zbc_zbs/ilp32\libg_nano.a(lib_a-abs.o)
                0x8000c004                abs
 .text.__assert_func
                0x8000c00e       0x3c D:/Programs/HPMPrj/S_Lx_HPM_Porj/TSN_Frame/tools/rv32imac_zicsr_zifencei_multilib_b_ext-win/bin/../lib/gcc/riscv32-unknown-elf/13.2.0/../../../../riscv32-unknown-elf/lib/rv32imac_zicsr_zifencei_zba_zbb_zbc_zbs/ilp32\libg_nano.a(lib_a-assert.o)
                0x8000c00e                __assert_func
 .text.__errno  0x8000c04a        0x6 D:/Programs/HPMPrj/S_Lx_HPM_Porj/TSN_Frame/tools/rv32imac_zicsr_zifencei_multilib_b_ext-win/bin/../lib/gcc/riscv32-unknown-elf/13.2.0/../../../../riscv32-unknown-elf/lib/rv32imac_zicsr_zifencei_zba_zbb_zbc_zbs/ilp32\libg_nano.a(lib_a-errno.o)
                0x8000c04a                __errno
 .text.fprintf  0x8000c050       0x26 D:/Programs/HPMPrj/S_Lx_HPM_Porj/TSN_Frame/tools/rv32imac_zicsr_zifencei_multilib_b_ext-win/bin/../lib/gcc/riscv32-unknown-elf/13.2.0/../../../../riscv32-unknown-elf/lib/rv32imac_zicsr_zifencei_zba_zbb_zbc_zbs/ilp32\libg_nano.a(lib_a-fprintf.o)
                0x8000c050                fiprintf
                0x8000c050                fprintf
 .text.memcmp   0x8000c076       0x26 D:/Programs/HPMPrj/S_Lx_HPM_Porj/TSN_Frame/tools/rv32imac_zicsr_zifencei_multilib_b_ext-win/bin/../lib/gcc/riscv32-unknown-elf/13.2.0/../../../../riscv32-unknown-elf/lib/rv32imac_zicsr_zifencei_zba_zbb_zbc_zbs/ilp32\libg_nano.a(lib_a-memcmp.o)
                0x8000c076                memcmp
 .text.__cvt    0x8000c09c       0xee D:/Programs/HPMPrj/S_Lx_HPM_Porj/TSN_Frame/tools/rv32imac_zicsr_zifencei_multilib_b_ext-win/bin/../lib/gcc/riscv32-unknown-elf/13.2.0/../../../../riscv32-unknown-elf/lib/rv32imac_zicsr_zifencei_zba_zbb_zbc_zbs/ilp32\libg_nano.a(lib_a-nano-vfprintf_float.o)
                0x8000c09c                __cvt
 .text.__exponent
                0x8000c18a       0x9c D:/Programs/HPMPrj/S_Lx_HPM_Porj/TSN_Frame/tools/rv32imac_zicsr_zifencei_multilib_b_ext-win/bin/../lib/gcc/riscv32-unknown-elf/13.2.0/../../../../riscv32-unknown-elf/lib/rv32imac_zicsr_zifencei_zba_zbb_zbc_zbs/ilp32\libg_nano.a(lib_a-nano-vfprintf_float.o)
                0x8000c18a                __exponent
 .text._printf_float
                0x8000c226      0x4ae D:/Programs/HPMPrj/S_Lx_HPM_Porj/TSN_Frame/tools/rv32imac_zicsr_zifencei_multilib_b_ext-win/bin/../lib/gcc/riscv32-unknown-elf/13.2.0/../../../../riscv32-unknown-elf/lib/rv32imac_zicsr_zifencei_zba_zbb_zbc_zbs/ilp32\libg_nano.a(lib_a-nano-vfprintf_float.o)
                0x8000c226                _printf_float
 .text._printf_common
                0x8000c6d4      0x108 D:/Programs/HPMPrj/S_Lx_HPM_Porj/TSN_Frame/tools/rv32imac_zicsr_zifencei_multilib_b_ext-win/bin/../lib/gcc/riscv32-unknown-elf/13.2.0/../../../../riscv32-unknown-elf/lib/rv32imac_zicsr_zifencei_zba_zbb_zbc_zbs/ilp32\libg_nano.a(lib_a-nano-vfprintf_i.o)
                0x8000c6d4                _printf_common
 .text._printf_i
                0x8000c7dc      0x25c D:/Programs/HPMPrj/S_Lx_HPM_Porj/TSN_Frame/tools/rv32imac_zicsr_zifencei_multilib_b_ext-win/bin/../lib/gcc/riscv32-unknown-elf/13.2.0/../../../../riscv32-unknown-elf/lib/rv32imac_zicsr_zifencei_zba_zbb_zbc_zbs/ilp32\libg_nano.a(lib_a-nano-vfprintf_i.o)
                0x8000c7dc                _printf_i
 .text.__sfputc_r
                0x8000ca38       0x2a D:/Programs/HPMPrj/S_Lx_HPM_Porj/TSN_Frame/tools/rv32imac_zicsr_zifencei_multilib_b_ext-win/bin/../lib/gcc/riscv32-unknown-elf/13.2.0/../../../../riscv32-unknown-elf/lib/rv32imac_zicsr_zifencei_zba_zbb_zbc_zbs/ilp32\libg_nano.a(lib_a-nano-vfprintf.o)
 .text.__sfputs_r
                0x8000ca62       0x44 D:/Programs/HPMPrj/S_Lx_HPM_Porj/TSN_Frame/tools/rv32imac_zicsr_zifencei_multilib_b_ext-win/bin/../lib/gcc/riscv32-unknown-elf/13.2.0/../../../../riscv32-unknown-elf/lib/rv32imac_zicsr_zifencei_zba_zbb_zbc_zbs/ilp32\libg_nano.a(lib_a-nano-vfprintf.o)
                0x8000ca62                __sfputs_r
 .text._vfprintf_r
                0x8000caa6      0x2a4 D:/Programs/HPMPrj/S_Lx_HPM_Porj/TSN_Frame/tools/rv32imac_zicsr_zifencei_multilib_b_ext-win/bin/../lib/gcc/riscv32-unknown-elf/13.2.0/../../../../riscv32-unknown-elf/lib/rv32imac_zicsr_zifencei_zba_zbb_zbc_zbs/ilp32\libg_nano.a(lib_a-nano-vfprintf.o)
                0x8000caa6                _vfprintf_r
                0x8000caa6                _vfiprintf_r
 .text._scanf_float
                0x8000cd4a      0x480 D:/Programs/HPMPrj/S_Lx_HPM_Porj/TSN_Frame/tools/rv32imac_zicsr_zifencei_multilib_b_ext-win/bin/../lib/gcc/riscv32-unknown-elf/13.2.0/../../../../riscv32-unknown-elf/lib/rv32imac_zicsr_zifencei_zba_zbb_zbc_zbs/ilp32\libg_nano.a(lib_a-nano-vfscanf_float.o)
                0x8000cd4a                _scanf_float
 .text.printf   0x8000d1ca       0x3c D:/Programs/HPMPrj/S_Lx_HPM_Porj/TSN_Frame/tools/rv32imac_zicsr_zifencei_multilib_b_ext-win/bin/../lib/gcc/riscv32-unknown-elf/13.2.0/../../../../riscv32-unknown-elf/lib/rv32imac_zicsr_zifencei_zba_zbb_zbc_zbs/ilp32\libg_nano.a(lib_a-printf.o)
                0x8000d1ca                iprintf
                0x8000d1ca                printf
 .text.nanf     0x8000d206        0xa D:/Programs/HPMPrj/S_Lx_HPM_Porj/TSN_Frame/tools/rv32imac_zicsr_zifencei_multilib_b_ext-win/bin/../lib/gcc/riscv32-unknown-elf/13.2.0/../../../../riscv32-unknown-elf/lib/rv32imac_zicsr_zifencei_zba_zbb_zbc_zbs/ilp32\libg_nano.a(lib_a-sf_nan.o)
                0x8000d206                nanf
 .text.sprintf  0x8000d210       0x42 D:/Programs/HPMPrj/S_Lx_HPM_Porj/TSN_Frame/tools/rv32imac_zicsr_zifencei_multilib_b_ext-win/bin/../lib/gcc/riscv32-unknown-elf/13.2.0/../../../../riscv32-unknown-elf/lib/rv32imac_zicsr_zifencei_zba_zbb_zbc_zbs/ilp32\libg_nano.a(lib_a-sprintf.o)
                0x8000d210                siprintf
                0x8000d210                sprintf
 .text.strlen   0x8000d252       0x12 D:/Programs/HPMPrj/S_Lx_HPM_Porj/TSN_Frame/tools/rv32imac_zicsr_zifencei_multilib_b_ext-win/bin/../lib/gcc/riscv32-unknown-elf/13.2.0/../../../../riscv32-unknown-elf/lib/rv32imac_zicsr_zifencei_zba_zbb_zbc_zbs/ilp32\libg_nano.a(lib_a-strlen.o)
                0x8000d252                strlen
 .text.sulp     0x8000d264       0x50 D:/Programs/HPMPrj/S_Lx_HPM_Porj/TSN_Frame/tools/rv32imac_zicsr_zifencei_multilib_b_ext-win/bin/../lib/gcc/riscv32-unknown-elf/13.2.0/../../../../riscv32-unknown-elf/lib/rv32imac_zicsr_zifencei_zba_zbb_zbc_zbs/ilp32\libg_nano.a(lib_a-strtod.o)
 .text._strtod_l
                0x8000d2b4      0xc5c D:/Programs/HPMPrj/S_Lx_HPM_Porj/TSN_Frame/tools/rv32imac_zicsr_zifencei_multilib_b_ext-win/bin/../lib/gcc/riscv32-unknown-elf/13.2.0/../../../../riscv32-unknown-elf/lib/rv32imac_zicsr_zifencei_zba_zbb_zbc_zbs/ilp32\libg_nano.a(lib_a-strtod.o)
                0x8000d2b4                _strtod_l
 .text._strtod_r
                0x8000df10        0xc D:/Programs/HPMPrj/S_Lx_HPM_Porj/TSN_Frame/tools/rv32imac_zicsr_zifencei_multilib_b_ext-win/bin/../lib/gcc/riscv32-unknown-elf/13.2.0/../../../../riscv32-unknown-elf/lib/rv32imac_zicsr_zifencei_zba_zbb_zbc_zbs/ilp32\libg_nano.a(lib_a-strtod.o)
                0x8000df10                _strtod_r
 .text._strtol_l.isra.0
                0x8000df1c      0x136 D:/Programs/HPMPrj/S_Lx_HPM_Porj/TSN_Frame/tools/rv32imac_zicsr_zifencei_multilib_b_ext-win/bin/../lib/gcc/riscv32-unknown-elf/13.2.0/../../../../riscv32-unknown-elf/lib/rv32imac_zicsr_zifencei_zba_zbb_zbc_zbs/ilp32\libg_nano.a(lib_a-strtol.o)
 .text._strtol_r
                0x8000e052        0x4 D:/Programs/HPMPrj/S_Lx_HPM_Porj/TSN_Frame/tools/rv32imac_zicsr_zifencei_multilib_b_ext-win/bin/../lib/gcc/riscv32-unknown-elf/13.2.0/../../../../riscv32-unknown-elf/lib/rv32imac_zicsr_zifencei_zba_zbb_zbc_zbs/ilp32\libg_nano.a(lib_a-strtol.o)
                0x8000e052                _strtol_r
 .text.__swbuf_r
                0x8000e056       0xc6 D:/Programs/HPMPrj/S_Lx_HPM_Porj/TSN_Frame/tools/rv32imac_zicsr_zifencei_multilib_b_ext-win/bin/../lib/gcc/riscv32-unknown-elf/13.2.0/../../../../riscv32-unknown-elf/lib/rv32imac_zicsr_zifencei_zba_zbb_zbc_zbs/ilp32\libg_nano.a(lib_a-wbuf.o)
                0x8000e056                __swbuf_r
 .text.__swsetup_r
                0x8000e11c      0x102 D:/Programs/HPMPrj/S_Lx_HPM_Porj/TSN_Frame/tools/rv32imac_zicsr_zifencei_multilib_b_ext-win/bin/../lib/gcc/riscv32-unknown-elf/13.2.0/../../../../riscv32-unknown-elf/lib/rv32imac_zicsr_zifencei_zba_zbb_zbc_zbs/ilp32\libg_nano.a(lib_a-wsetup.o)
                0x8000e11c                __swsetup_r
 .text.abort    0x8000e21e       0x10 D:/Programs/HPMPrj/S_Lx_HPM_Porj/TSN_Frame/tools/rv32imac_zicsr_zifencei_multilib_b_ext-win/bin/../lib/gcc/riscv32-unknown-elf/13.2.0/../../../../riscv32-unknown-elf/lib/rv32imac_zicsr_zifencei_zba_zbb_zbc_zbs/ilp32\libg_nano.a(lib_a-abort.o)
                0x8000e21e                abort
 .text.quorem   0x8000e22e      0x12c D:/Programs/HPMPrj/S_Lx_HPM_Porj/TSN_Frame/tools/rv32imac_zicsr_zifencei_multilib_b_ext-win/bin/../lib/gcc/riscv32-unknown-elf/13.2.0/../../../../riscv32-unknown-elf/lib/rv32imac_zicsr_zifencei_zba_zbb_zbc_zbs/ilp32\libg_nano.a(lib_a-dtoa.o)
 .text._dtoa_r  0x8000e35a      0xc1a D:/Programs/HPMPrj/S_Lx_HPM_Porj/TSN_Frame/tools/rv32imac_zicsr_zifencei_multilib_b_ext-win/bin/../lib/gcc/riscv32-unknown-elf/13.2.0/../../../../riscv32-unknown-elf/lib/rv32imac_zicsr_zifencei_zba_zbb_zbc_zbs/ilp32\libg_nano.a(lib_a-dtoa.o)
                0x8000e35a                _dtoa_r
 .text.__sflush_r
                0x8000ef74      0x13a D:/Programs/HPMPrj/S_Lx_HPM_Porj/TSN_Frame/tools/rv32imac_zicsr_zifencei_multilib_b_ext-win/bin/../lib/gcc/riscv32-unknown-elf/13.2.0/../../../../riscv32-unknown-elf/lib/rv32imac_zicsr_zifencei_zba_zbb_zbc_zbs/ilp32\libg_nano.a(lib_a-fflush.o)
                0x8000ef74                __sflush_r
 .text._fflush_r
                0x8000f0ae       0x66 D:/Programs/HPMPrj/S_Lx_HPM_Porj/TSN_Frame/tools/rv32imac_zicsr_zifencei_multilib_b_ext-win/bin/../lib/gcc/riscv32-unknown-elf/13.2.0/../../../../riscv32-unknown-elf/lib/rv32imac_zicsr_zifencei_zba_zbb_zbc_zbs/ilp32\libg_nano.a(lib_a-fflush.o)
                0x8000f0ae                _fflush_r
 .text.std      0x8000f114       0x6a D:/Programs/HPMPrj/S_Lx_HPM_Porj/TSN_Frame/tools/rv32imac_zicsr_zifencei_multilib_b_ext-win/bin/../lib/gcc/riscv32-unknown-elf/13.2.0/../../../../riscv32-unknown-elf/lib/rv32imac_zicsr_zifencei_zba_zbb_zbc_zbs/ilp32\libg_nano.a(lib_a-findfp.o)
 .text._cleanup_r
                0x8000f17e        0xa D:/Programs/HPMPrj/S_Lx_HPM_Porj/TSN_Frame/tools/rv32imac_zicsr_zifencei_multilib_b_ext-win/bin/../lib/gcc/riscv32-unknown-elf/13.2.0/../../../../riscv32-unknown-elf/lib/rv32imac_zicsr_zifencei_zba_zbb_zbc_zbs/ilp32\libg_nano.a(lib_a-findfp.o)
                0x8000f17e                _cleanup_r
 .text.__sfmoreglue
                0x8000f188       0x48 D:/Programs/HPMPrj/S_Lx_HPM_Porj/TSN_Frame/tools/rv32imac_zicsr_zifencei_multilib_b_ext-win/bin/../lib/gcc/riscv32-unknown-elf/13.2.0/../../../../riscv32-unknown-elf/lib/rv32imac_zicsr_zifencei_zba_zbb_zbc_zbs/ilp32\libg_nano.a(lib_a-findfp.o)
                0x8000f188                __sfmoreglue
 .text.__sinit  0x8000f1d0       0x70 D:/Programs/HPMPrj/S_Lx_HPM_Porj/TSN_Frame/tools/rv32imac_zicsr_zifencei_multilib_b_ext-win/bin/../lib/gcc/riscv32-unknown-elf/13.2.0/../../../../riscv32-unknown-elf/lib/rv32imac_zicsr_zifencei_zba_zbb_zbc_zbs/ilp32\libg_nano.a(lib_a-findfp.o)
                0x8000f1d0                __sinit
 .text.__sfp    0x8000f240       0xa2 D:/Programs/HPMPrj/S_Lx_HPM_Porj/TSN_Frame/tools/rv32imac_zicsr_zifencei_multilib_b_ext-win/bin/../lib/gcc/riscv32-unknown-elf/13.2.0/../../../../riscv32-unknown-elf/lib/rv32imac_zicsr_zifencei_zba_zbb_zbc_zbs/ilp32\libg_nano.a(lib_a-findfp.o)
                0x8000f240                __sfp
 .text._fwalk_reent
                0x8000f2e2       0x6a D:/Programs/HPMPrj/S_Lx_HPM_Porj/TSN_Frame/tools/rv32imac_zicsr_zifencei_multilib_b_ext-win/bin/../lib/gcc/riscv32-unknown-elf/13.2.0/../../../../riscv32-unknown-elf/lib/rv32imac_zicsr_zifencei_zba_zbb_zbc_zbs/ilp32\libg_nano.a(lib_a-fwalk.o)
                0x8000f2e2                _fwalk_reent
 .text.rshift   0x8000f34c       0xb2 D:/Programs/HPMPrj/S_Lx_HPM_Porj/TSN_Frame/tools/rv32imac_zicsr_zifencei_multilib_b_ext-win/bin/../lib/gcc/riscv32-unknown-elf/13.2.0/../../../../riscv32-unknown-elf/lib/rv32imac_zicsr_zifencei_zba_zbb_zbc_zbs/ilp32\libg_nano.a(lib_a-gdtoa-gethex.o)
 .text.__hexdig_fun
                0x8000f3fe       0x42 D:/Programs/HPMPrj/S_Lx_HPM_Porj/TSN_Frame/tools/rv32imac_zicsr_zifencei_multilib_b_ext-win/bin/../lib/gcc/riscv32-unknown-elf/13.2.0/../../../../riscv32-unknown-elf/lib/rv32imac_zicsr_zifencei_zba_zbb_zbc_zbs/ilp32\libg_nano.a(lib_a-gdtoa-gethex.o)
                0x8000f3fe                __hexdig_fun
 .text.__gethex
                0x8000f440      0x4d4 D:/Programs/HPMPrj/S_Lx_HPM_Porj/TSN_Frame/tools/rv32imac_zicsr_zifencei_multilib_b_ext-win/bin/../lib/gcc/riscv32-unknown-elf/13.2.0/../../../../riscv32-unknown-elf/lib/rv32imac_zicsr_zifencei_zba_zbb_zbc_zbs/ilp32\libg_nano.a(lib_a-gdtoa-gethex.o)
                0x8000f440                __gethex
 .text.L_shift  0x8000f914       0x2a D:/Programs/HPMPrj/S_Lx_HPM_Porj/TSN_Frame/tools/rv32imac_zicsr_zifencei_multilib_b_ext-win/bin/../lib/gcc/riscv32-unknown-elf/13.2.0/../../../../riscv32-unknown-elf/lib/rv32imac_zicsr_zifencei_zba_zbb_zbc_zbs/ilp32\libg_nano.a(lib_a-gdtoa-hexnan.o)
 .text.__match  0x8000f93e       0x30 D:/Programs/HPMPrj/S_Lx_HPM_Porj/TSN_Frame/tools/rv32imac_zicsr_zifencei_multilib_b_ext-win/bin/../lib/gcc/riscv32-unknown-elf/13.2.0/../../../../riscv32-unknown-elf/lib/rv32imac_zicsr_zifencei_zba_zbb_zbc_zbs/ilp32\libg_nano.a(lib_a-gdtoa-hexnan.o)
                0x8000f93e                __match
 .text.__hexnan
                0x8000f96e      0x176 D:/Programs/HPMPrj/S_Lx_HPM_Porj/TSN_Frame/tools/rv32imac_zicsr_zifencei_multilib_b_ext-win/bin/../lib/gcc/riscv32-unknown-elf/13.2.0/../../../../riscv32-unknown-elf/lib/rv32imac_zicsr_zifencei_zba_zbb_zbc_zbs/ilp32\libg_nano.a(lib_a-gdtoa-hexnan.o)
                0x8000f96e                __hexnan
 .text._localeconv_r
                0x8000fae4        0x6 D:/Programs/HPMPrj/S_Lx_HPM_Porj/TSN_Frame/tools/rv32imac_zicsr_zifencei_multilib_b_ext-win/bin/../lib/gcc/riscv32-unknown-elf/13.2.0/../../../../riscv32-unknown-elf/lib/rv32imac_zicsr_zifencei_zba_zbb_zbc_zbs/ilp32\libg_nano.a(lib_a-localeconv.o)
                0x8000fae4                _localeconv_r
 .text.__swhatbuf_r
                0x8000faea       0x5c D:/Programs/HPMPrj/S_Lx_HPM_Porj/TSN_Frame/tools/rv32imac_zicsr_zifencei_multilib_b_ext-win/bin/../lib/gcc/riscv32-unknown-elf/13.2.0/../../../../riscv32-unknown-elf/lib/rv32imac_zicsr_zifencei_zba_zbb_zbc_zbs/ilp32\libg_nano.a(lib_a-makebuf.o)
                0x8000faea                __swhatbuf_r
 .text.__smakebuf_r
                0x8000fb46       0xac D:/Programs/HPMPrj/S_Lx_HPM_Porj/TSN_Frame/tools/rv32imac_zicsr_zifencei_multilib_b_ext-win/bin/../lib/gcc/riscv32-unknown-elf/13.2.0/../../../../riscv32-unknown-elf/lib/rv32imac_zicsr_zifencei_zba_zbb_zbc_zbs/ilp32\libg_nano.a(lib_a-makebuf.o)
                0x8000fb46                __smakebuf_r
 .text.malloc   0x8000fbf2        0xa D:/Programs/HPMPrj/S_Lx_HPM_Porj/TSN_Frame/tools/rv32imac_zicsr_zifencei_multilib_b_ext-win/bin/../lib/gcc/riscv32-unknown-elf/13.2.0/../../../../riscv32-unknown-elf/lib/rv32imac_zicsr_zifencei_zba_zbb_zbc_zbs/ilp32\libg_nano.a(lib_a-malloc.o)
                0x8000fbf2                malloc
 .text.__ascii_mbtowc
                0x8000fbfc       0x3a D:/Programs/HPMPrj/S_Lx_HPM_Porj/TSN_Frame/tools/rv32imac_zicsr_zifencei_multilib_b_ext-win/bin/../lib/gcc/riscv32-unknown-elf/13.2.0/../../../../riscv32-unknown-elf/lib/rv32imac_zicsr_zifencei_zba_zbb_zbc_zbs/ilp32\libg_nano.a(lib_a-mbtowc_r.o)
                0x8000fbfc                __ascii_mbtowc
 .text.memchr   0x8000fc36       0x1a D:/Programs/HPMPrj/S_Lx_HPM_Porj/TSN_Frame/tools/rv32imac_zicsr_zifencei_multilib_b_ext-win/bin/../lib/gcc/riscv32-unknown-elf/13.2.0/../../../../riscv32-unknown-elf/lib/rv32imac_zicsr_zifencei_zba_zbb_zbc_zbs/ilp32\libg_nano.a(lib_a-memchr.o)
                0x8000fc36                memchr
 .text._Balloc  0x8000fc50       0xaa D:/Programs/HPMPrj/S_Lx_HPM_Porj/TSN_Frame/tools/rv32imac_zicsr_zifencei_multilib_b_ext-win/bin/../lib/gcc/riscv32-unknown-elf/13.2.0/../../../../riscv32-unknown-elf/lib/rv32imac_zicsr_zifencei_zba_zbb_zbc_zbs/ilp32\libg_nano.a(lib_a-mprec.o)
                0x8000fc50                _Balloc
 .text._Bfree   0x8000fcfa       0x60 D:/Programs/HPMPrj/S_Lx_HPM_Porj/TSN_Frame/tools/rv32imac_zicsr_zifencei_multilib_b_ext-win/bin/../lib/gcc/riscv32-unknown-elf/13.2.0/../../../../riscv32-unknown-elf/lib/rv32imac_zicsr_zifencei_zba_zbb_zbc_zbs/ilp32\libg_nano.a(lib_a-mprec.o)
                0x8000fcfa                _Bfree
 .text.__multadd
                0x8000fd5a       0xba D:/Programs/HPMPrj/S_Lx_HPM_Porj/TSN_Frame/tools/rv32imac_zicsr_zifencei_multilib_b_ext-win/bin/../lib/gcc/riscv32-unknown-elf/13.2.0/../../../../riscv32-unknown-elf/lib/rv32imac_zicsr_zifencei_zba_zbb_zbc_zbs/ilp32\libg_nano.a(lib_a-mprec.o)
                0x8000fd5a                __multadd
 .text.__s2b    0x8000fe14       0xc2 D:/Programs/HPMPrj/S_Lx_HPM_Porj/TSN_Frame/tools/rv32imac_zicsr_zifencei_multilib_b_ext-win/bin/../lib/gcc/riscv32-unknown-elf/13.2.0/../../../../riscv32-unknown-elf/lib/rv32imac_zicsr_zifencei_zba_zbb_zbc_zbs/ilp32\libg_nano.a(lib_a-mprec.o)
                0x8000fe14                __s2b
 .text.__hi0bits
                0x8000fed6       0x46 D:/Programs/HPMPrj/S_Lx_HPM_Porj/TSN_Frame/tools/rv32imac_zicsr_zifencei_multilib_b_ext-win/bin/../lib/gcc/riscv32-unknown-elf/13.2.0/../../../../riscv32-unknown-elf/lib/rv32imac_zicsr_zifencei_zba_zbb_zbc_zbs/ilp32\libg_nano.a(lib_a-mprec.o)
                0x8000fed6                __hi0bits
 .text.__lo0bits
                0x8000ff1c       0x68 D:/Programs/HPMPrj/S_Lx_HPM_Porj/TSN_Frame/tools/rv32imac_zicsr_zifencei_multilib_b_ext-win/bin/../lib/gcc/riscv32-unknown-elf/13.2.0/../../../../riscv32-unknown-elf/lib/rv32imac_zicsr_zifencei_zba_zbb_zbc_zbs/ilp32\libg_nano.a(lib_a-mprec.o)
                0x8000ff1c                __lo0bits
 .text.__i2b    0x8000ff84       0x38 D:/Programs/HPMPrj/S_Lx_HPM_Porj/TSN_Frame/tools/rv32imac_zicsr_zifencei_multilib_b_ext-win/bin/../lib/gcc/riscv32-unknown-elf/13.2.0/../../../../riscv32-unknown-elf/lib/rv32imac_zicsr_zifencei_zba_zbb_zbc_zbs/ilp32\libg_nano.a(lib_a-mprec.o)
                0x8000ff84                __i2b
 .text.__multiply
                0x8000ffbc      0x178 D:/Programs/HPMPrj/S_Lx_HPM_Porj/TSN_Frame/tools/rv32imac_zicsr_zifencei_multilib_b_ext-win/bin/../lib/gcc/riscv32-unknown-elf/13.2.0/../../../../riscv32-unknown-elf/lib/rv32imac_zicsr_zifencei_zba_zbb_zbc_zbs/ilp32\libg_nano.a(lib_a-mprec.o)
                0x8000ffbc                __multiply
 .text.__pow5mult
                0x80010134       0xda D:/Programs/HPMPrj/S_Lx_HPM_Porj/TSN_Frame/tools/rv32imac_zicsr_zifencei_multilib_b_ext-win/bin/../lib/gcc/riscv32-unknown-elf/13.2.0/../../../../riscv32-unknown-elf/lib/rv32imac_zicsr_zifencei_zba_zbb_zbc_zbs/ilp32\libg_nano.a(lib_a-mprec.o)
                0x80010134                __pow5mult
 .text.__lshift
                0x8001020e      0x102 D:/Programs/HPMPrj/S_Lx_HPM_Porj/TSN_Frame/tools/rv32imac_zicsr_zifencei_multilib_b_ext-win/bin/../lib/gcc/riscv32-unknown-elf/13.2.0/../../../../riscv32-unknown-elf/lib/rv32imac_zicsr_zifencei_zba_zbb_zbc_zbs/ilp32\libg_nano.a(lib_a-mprec.o)
                0x8001020e                __lshift
 .text.__mcmp   0x80010310       0x36 D:/Programs/HPMPrj/S_Lx_HPM_Porj/TSN_Frame/tools/rv32imac_zicsr_zifencei_multilib_b_ext-win/bin/../lib/gcc/riscv32-unknown-elf/13.2.0/../../../../riscv32-unknown-elf/lib/rv32imac_zicsr_zifencei_zba_zbb_zbc_zbs/ilp32\libg_nano.a(lib_a-mprec.o)
                0x80010310                __mcmp
 .text.__mdiff  0x80010346      0x16a D:/Programs/HPMPrj/S_Lx_HPM_Porj/TSN_Frame/tools/rv32imac_zicsr_zifencei_multilib_b_ext-win/bin/../lib/gcc/riscv32-unknown-elf/13.2.0/../../../../riscv32-unknown-elf/lib/rv32imac_zicsr_zifencei_zba_zbb_zbc_zbs/ilp32\libg_nano.a(lib_a-mprec.o)
                0x80010346                __mdiff
 .text.__ulp    0x800104b0       0x44 D:/Programs/HPMPrj/S_Lx_HPM_Porj/TSN_Frame/tools/rv32imac_zicsr_zifencei_multilib_b_ext-win/bin/../lib/gcc/riscv32-unknown-elf/13.2.0/../../../../riscv32-unknown-elf/lib/rv32imac_zicsr_zifencei_zba_zbb_zbc_zbs/ilp32\libg_nano.a(lib_a-mprec.o)
                0x800104b0                __ulp
 .text.__b2d    0x800104f4       0xb6 D:/Programs/HPMPrj/S_Lx_HPM_Porj/TSN_Frame/tools/rv32imac_zicsr_zifencei_multilib_b_ext-win/bin/../lib/gcc/riscv32-unknown-elf/13.2.0/../../../../riscv32-unknown-elf/lib/rv32imac_zicsr_zifencei_zba_zbb_zbc_zbs/ilp32\libg_nano.a(lib_a-mprec.o)
                0x800104f4                __b2d
 .text.__d2b    0x800105aa       0xdc D:/Programs/HPMPrj/S_Lx_HPM_Porj/TSN_Frame/tools/rv32imac_zicsr_zifencei_multilib_b_ext-win/bin/../lib/gcc/riscv32-unknown-elf/13.2.0/../../../../riscv32-unknown-elf/lib/rv32imac_zicsr_zifencei_zba_zbb_zbc_zbs/ilp32\libg_nano.a(lib_a-mprec.o)
                0x800105aa                __d2b
 .text.__ratio  0x80010686       0x72 D:/Programs/HPMPrj/S_Lx_HPM_Porj/TSN_Frame/tools/rv32imac_zicsr_zifencei_multilib_b_ext-win/bin/../lib/gcc/riscv32-unknown-elf/13.2.0/../../../../riscv32-unknown-elf/lib/rv32imac_zicsr_zifencei_zba_zbb_zbc_zbs/ilp32\libg_nano.a(lib_a-mprec.o)
                0x80010686                __ratio
 .text.__copybits
                0x800106f8       0x4c D:/Programs/HPMPrj/S_Lx_HPM_Porj/TSN_Frame/tools/rv32imac_zicsr_zifencei_multilib_b_ext-win/bin/../lib/gcc/riscv32-unknown-elf/13.2.0/../../../../riscv32-unknown-elf/lib/rv32imac_zicsr_zifencei_zba_zbb_zbc_zbs/ilp32\libg_nano.a(lib_a-mprec.o)
                0x800106f8                __copybits
 .text.__any_on
                0x80010744       0x44 D:/Programs/HPMPrj/S_Lx_HPM_Porj/TSN_Frame/tools/rv32imac_zicsr_zifencei_multilib_b_ext-win/bin/../lib/gcc/riscv32-unknown-elf/13.2.0/../../../../riscv32-unknown-elf/lib/rv32imac_zicsr_zifencei_zba_zbb_zbc_zbs/ilp32\libg_nano.a(lib_a-mprec.o)
                0x80010744                __any_on
 .text._calloc_r
                0x80010788       0x34 D:/Programs/HPMPrj/S_Lx_HPM_Porj/TSN_Frame/tools/rv32imac_zicsr_zifencei_multilib_b_ext-win/bin/../lib/gcc/riscv32-unknown-elf/13.2.0/../../../../riscv32-unknown-elf/lib/rv32imac_zicsr_zifencei_zba_zbb_zbc_zbs/ilp32\libg_nano.a(lib_a-nano-callocr.o)
                0x80010788                _calloc_r
 .text._free_r  0x800107bc       0xa6 D:/Programs/HPMPrj/S_Lx_HPM_Porj/TSN_Frame/tools/rv32imac_zicsr_zifencei_multilib_b_ext-win/bin/../lib/gcc/riscv32-unknown-elf/13.2.0/../../../../riscv32-unknown-elf/lib/rv32imac_zicsr_zifencei_zba_zbb_zbc_zbs/ilp32\libg_nano.a(lib_a-nano-freer.o)
                0x800107bc                _free_r
 .text._malloc_r
                0x80010862       0xda D:/Programs/HPMPrj/S_Lx_HPM_Porj/TSN_Frame/tools/rv32imac_zicsr_zifencei_multilib_b_ext-win/bin/../lib/gcc/riscv32-unknown-elf/13.2.0/../../../../riscv32-unknown-elf/lib/rv32imac_zicsr_zifencei_zba_zbb_zbc_zbs/ilp32\libg_nano.a(lib_a-nano-mallocr.o)
                0x80010862                _malloc_r
 .text._realloc_r
                0x8001093c       0x78 D:/Programs/HPMPrj/S_Lx_HPM_Porj/TSN_Frame/tools/rv32imac_zicsr_zifencei_multilib_b_ext-win/bin/../lib/gcc/riscv32-unknown-elf/13.2.0/../../../../riscv32-unknown-elf/lib/rv32imac_zicsr_zifencei_zba_zbb_zbc_zbs/ilp32\libg_nano.a(lib_a-nano-reallocr.o)
                0x8001093c                _realloc_r
 .text.__ssputs_r
                0x800109b4       0xe8 D:/Programs/HPMPrj/S_Lx_HPM_Porj/TSN_Frame/tools/rv32imac_zicsr_zifencei_multilib_b_ext-win/bin/../lib/gcc/riscv32-unknown-elf/13.2.0/../../../../riscv32-unknown-elf/lib/rv32imac_zicsr_zifencei_zba_zbb_zbc_zbs/ilp32\libg_nano.a(lib_a-nano-svfprintf.o)
                0x800109b4                __ssputs_r
 .text._svfprintf_r
                0x80010a9c      0x278 D:/Programs/HPMPrj/S_Lx_HPM_Porj/TSN_Frame/tools/rv32imac_zicsr_zifencei_multilib_b_ext-win/bin/../lib/gcc/riscv32-unknown-elf/13.2.0/../../../../riscv32-unknown-elf/lib/rv32imac_zicsr_zifencei_zba_zbb_zbc_zbs/ilp32\libg_nano.a(lib_a-nano-svfprintf.o)
                0x80010a9c                _svfiprintf_r
                0x80010a9c                _svfprintf_r
 .text._sbrk_r  0x80010d14       0x30 D:/Programs/HPMPrj/S_Lx_HPM_Porj/TSN_Frame/tools/rv32imac_zicsr_zifencei_multilib_b_ext-win/bin/../lib/gcc/riscv32-unknown-elf/13.2.0/../../../../riscv32-unknown-elf/lib/rv32imac_zicsr_zifencei_zba_zbb_zbc_zbs/ilp32\libg_nano.a(lib_a-sbrkr.o)
                0x80010d14                _sbrk_r
 .text._raise_r
                0x80010d44       0x5e D:/Programs/HPMPrj/S_Lx_HPM_Porj/TSN_Frame/tools/rv32imac_zicsr_zifencei_multilib_b_ext-win/bin/../lib/gcc/riscv32-unknown-elf/13.2.0/../../../../riscv32-unknown-elf/lib/rv32imac_zicsr_zifencei_zba_zbb_zbc_zbs/ilp32\libg_nano.a(lib_a-signal.o)
                0x80010d44                _raise_r
 .text.raise    0x80010da2        0xa D:/Programs/HPMPrj/S_Lx_HPM_Porj/TSN_Frame/tools/rv32imac_zicsr_zifencei_multilib_b_ext-win/bin/../lib/gcc/riscv32-unknown-elf/13.2.0/../../../../riscv32-unknown-elf/lib/rv32imac_zicsr_zifencei_zba_zbb_zbc_zbs/ilp32\libg_nano.a(lib_a-signal.o)
                0x80010da2                raise
 .text._kill_r  0x80010dac       0x30 D:/Programs/HPMPrj/S_Lx_HPM_Porj/TSN_Frame/tools/rv32imac_zicsr_zifencei_multilib_b_ext-win/bin/../lib/gcc/riscv32-unknown-elf/13.2.0/../../../../riscv32-unknown-elf/lib/rv32imac_zicsr_zifencei_zba_zbb_zbc_zbs/ilp32\libg_nano.a(lib_a-signalr.o)
                0x80010dac                _kill_r
 .text._getpid_r
                0x80010ddc        0x2 D:/Programs/HPMPrj/S_Lx_HPM_Porj/TSN_Frame/tools/rv32imac_zicsr_zifencei_multilib_b_ext-win/bin/../lib/gcc/riscv32-unknown-elf/13.2.0/../../../../riscv32-unknown-elf/lib/rv32imac_zicsr_zifencei_zba_zbb_zbc_zbs/ilp32\libg_nano.a(lib_a-signalr.o)
                0x80010ddc                _getpid_r
 .text.nan      0x80010dde        0xe D:/Programs/HPMPrj/S_Lx_HPM_Porj/TSN_Frame/tools/rv32imac_zicsr_zifencei_multilib_b_ext-win/bin/../lib/gcc/riscv32-unknown-elf/13.2.0/../../../../riscv32-unknown-elf/lib/rv32imac_zicsr_zifencei_zba_zbb_zbc_zbs/ilp32\libg_nano.a(lib_a-s_nan.o)
                0x80010dde                nan
 .text.__sread  0x80010dec       0x2e D:/Programs/HPMPrj/S_Lx_HPM_Porj/TSN_Frame/tools/rv32imac_zicsr_zifencei_multilib_b_ext-win/bin/../lib/gcc/riscv32-unknown-elf/13.2.0/../../../../riscv32-unknown-elf/lib/rv32imac_zicsr_zifencei_zba_zbb_zbc_zbs/ilp32\libg_nano.a(lib_a-stdio.o)
                0x80010dec                __sread
 .text.__swrite
                0x80010e1a       0x4c D:/Programs/HPMPrj/S_Lx_HPM_Porj/TSN_Frame/tools/rv32imac_zicsr_zifencei_multilib_b_ext-win/bin/../lib/gcc/riscv32-unknown-elf/13.2.0/../../../../riscv32-unknown-elf/lib/rv32imac_zicsr_zifencei_zba_zbb_zbc_zbs/ilp32\libg_nano.a(lib_a-stdio.o)
                0x80010e1a                __swrite
 .text.__sseek  0x80010e66       0x34 D:/Programs/HPMPrj/S_Lx_HPM_Porj/TSN_Frame/tools/rv32imac_zicsr_zifencei_multilib_b_ext-win/bin/../lib/gcc/riscv32-unknown-elf/13.2.0/../../../../riscv32-unknown-elf/lib/rv32imac_zicsr_zifencei_zba_zbb_zbc_zbs/ilp32\libg_nano.a(lib_a-stdio.o)
                0x80010e66                __sseek
 .text.__sclose
                0x80010e9a        0x6 D:/Programs/HPMPrj/S_Lx_HPM_Porj/TSN_Frame/tools/rv32imac_zicsr_zifencei_multilib_b_ext-win/bin/../lib/gcc/riscv32-unknown-elf/13.2.0/../../../../riscv32-unknown-elf/lib/rv32imac_zicsr_zifencei_zba_zbb_zbc_zbs/ilp32\libg_nano.a(lib_a-stdio.o)
                0x80010e9a                __sclose
 .text.strncmp  0x80010ea0       0x2c D:/Programs/HPMPrj/S_Lx_HPM_Porj/TSN_Frame/tools/rv32imac_zicsr_zifencei_multilib_b_ext-win/bin/../lib/gcc/riscv32-unknown-elf/13.2.0/../../../../riscv32-unknown-elf/lib/rv32imac_zicsr_zifencei_zba_zbb_zbc_zbs/ilp32\libg_nano.a(lib_a-strncmp.o)
                0x80010ea0                strncmp
 .text.__ascii_wctomb
                0x80010ecc       0x20 D:/Programs/HPMPrj/S_Lx_HPM_Porj/TSN_Frame/tools/rv32imac_zicsr_zifencei_multilib_b_ext-win/bin/../lib/gcc/riscv32-unknown-elf/13.2.0/../../../../riscv32-unknown-elf/lib/rv32imac_zicsr_zifencei_zba_zbb_zbc_zbs/ilp32\libg_nano.a(lib_a-wctomb_r.o)
                0x80010ecc                __ascii_wctomb
 .text._write_r
                0x80010eec       0x34 D:/Programs/HPMPrj/S_Lx_HPM_Porj/TSN_Frame/tools/rv32imac_zicsr_zifencei_multilib_b_ext-win/bin/../lib/gcc/riscv32-unknown-elf/13.2.0/../../../../riscv32-unknown-elf/lib/rv32imac_zicsr_zifencei_zba_zbb_zbc_zbs/ilp32\libg_nano.a(lib_a-writer.o)
                0x80010eec                _write_r
 .text._close_r
                0x80010f20       0x2e D:/Programs/HPMPrj/S_Lx_HPM_Porj/TSN_Frame/tools/rv32imac_zicsr_zifencei_multilib_b_ext-win/bin/../lib/gcc/riscv32-unknown-elf/13.2.0/../../../../riscv32-unknown-elf/lib/rv32imac_zicsr_zifencei_zba_zbb_zbc_zbs/ilp32\libg_nano.a(lib_a-closer.o)
                0x80010f20                _close_r
 .text._fstat_r
                0x80010f4e       0x32 D:/Programs/HPMPrj/S_Lx_HPM_Porj/TSN_Frame/tools/rv32imac_zicsr_zifencei_multilib_b_ext-win/bin/../lib/gcc/riscv32-unknown-elf/13.2.0/../../../../riscv32-unknown-elf/lib/rv32imac_zicsr_zifencei_zba_zbb_zbc_zbs/ilp32\libg_nano.a(lib_a-fstatr.o)
                0x80010f4e                _fstat_r
 .text._isatty_r
                0x80010f80       0x2e D:/Programs/HPMPrj/S_Lx_HPM_Porj/TSN_Frame/tools/rv32imac_zicsr_zifencei_multilib_b_ext-win/bin/../lib/gcc/riscv32-unknown-elf/13.2.0/../../../../riscv32-unknown-elf/lib/rv32imac_zicsr_zifencei_zba_zbb_zbc_zbs/ilp32\libg_nano.a(lib_a-isattyr.o)
                0x80010f80                _isatty_r
 .text._lseek_r
                0x80010fae       0x32 D:/Programs/HPMPrj/S_Lx_HPM_Porj/TSN_Frame/tools/rv32imac_zicsr_zifencei_multilib_b_ext-win/bin/../lib/gcc/riscv32-unknown-elf/13.2.0/../../../../riscv32-unknown-elf/lib/rv32imac_zicsr_zifencei_zba_zbb_zbc_zbs/ilp32\libg_nano.a(lib_a-lseekr.o)
                0x80010fae                _lseek_r
 .text.__malloc_lock
                0x80010fe0        0x2 D:/Programs/HPMPrj/S_Lx_HPM_Porj/TSN_Frame/tools/rv32imac_zicsr_zifencei_multilib_b_ext-win/bin/../lib/gcc/riscv32-unknown-elf/13.2.0/../../../../riscv32-unknown-elf/lib/rv32imac_zicsr_zifencei_zba_zbb_zbc_zbs/ilp32\libg_nano.a(lib_a-mlock.o)
                0x80010fe0                __malloc_lock
 .text.__malloc_unlock
                0x80010fe2        0x2 D:/Programs/HPMPrj/S_Lx_HPM_Porj/TSN_Frame/tools/rv32imac_zicsr_zifencei_multilib_b_ext-win/bin/../lib/gcc/riscv32-unknown-elf/13.2.0/../../../../riscv32-unknown-elf/lib/rv32imac_zicsr_zifencei_zba_zbb_zbc_zbs/ilp32\libg_nano.a(lib_a-mlock.o)
                0x80010fe2                __malloc_unlock
 .text._malloc_usable_size_r
                0x80010fe4       0x14 D:/Programs/HPMPrj/S_Lx_HPM_Porj/TSN_Frame/tools/rv32imac_zicsr_zifencei_multilib_b_ext-win/bin/../lib/gcc/riscv32-unknown-elf/13.2.0/../../../../riscv32-unknown-elf/lib/rv32imac_zicsr_zifencei_zba_zbb_zbc_zbs/ilp32\libg_nano.a(lib_a-nano-msizer.o)
                0x80010fe4                _malloc_usable_size_r
 .text._read_r  0x80010ff8       0x34 D:/Programs/HPMPrj/S_Lx_HPM_Porj/TSN_Frame/tools/rv32imac_zicsr_zifencei_multilib_b_ext-win/bin/../lib/gcc/riscv32-unknown-elf/13.2.0/../../../../riscv32-unknown-elf/lib/rv32imac_zicsr_zifencei_zba_zbb_zbc_zbs/ilp32\libg_nano.a(lib_a-readr.o)
                0x80010ff8                _read_r
 .text._close   0x8001102c       0x2a D:/Programs/HPMPrj/S_Lx_HPM_Porj/TSN_Frame/tools/rv32imac_zicsr_zifencei_multilib_b_ext-win/bin/../lib/gcc/riscv32-unknown-elf/13.2.0/../../../../riscv32-unknown-elf/lib/rv32imac_zicsr_zifencei_zba_zbb_zbc_zbs/ilp32\libgloss_nano.a(sys_close.o)
                0x8001102c                _close
 .text._exit    0x80011056       0x22 D:/Programs/HPMPrj/S_Lx_HPM_Porj/TSN_Frame/tools/rv32imac_zicsr_zifencei_multilib_b_ext-win/bin/../lib/gcc/riscv32-unknown-elf/13.2.0/../../../../riscv32-unknown-elf/lib/rv32imac_zicsr_zifencei_zba_zbb_zbc_zbs/ilp32\libgloss_nano.a(sys_exit.o)
                0x80011056                _exit
 .text._getpid  0x80011078        0x4 D:/Programs/HPMPrj/S_Lx_HPM_Porj/TSN_Frame/tools/rv32imac_zicsr_zifencei_multilib_b_ext-win/bin/../lib/gcc/riscv32-unknown-elf/13.2.0/../../../../riscv32-unknown-elf/lib/rv32imac_zicsr_zifencei_zba_zbb_zbc_zbs/ilp32\libgloss_nano.a(sys_getpid.o)
                0x80011078                _getpid
 .text._isatty  0x8001107c       0x20 D:/Programs/HPMPrj/S_Lx_HPM_Porj/TSN_Frame/tools/rv32imac_zicsr_zifencei_multilib_b_ext-win/bin/../lib/gcc/riscv32-unknown-elf/13.2.0/../../../../riscv32-unknown-elf/lib/rv32imac_zicsr_zifencei_zba_zbb_zbc_zbs/ilp32\libgloss_nano.a(sys_isatty.o)
                0x8001107c                _isatty
 .text._kill    0x8001109c       0x14 D:/Programs/HPMPrj/S_Lx_HPM_Porj/TSN_Frame/tools/rv32imac_zicsr_zifencei_multilib_b_ext-win/bin/../lib/gcc/riscv32-unknown-elf/13.2.0/../../../../riscv32-unknown-elf/lib/rv32imac_zicsr_zifencei_zba_zbb_zbc_zbs/ilp32\libgloss_nano.a(sys_kill.o)
                0x8001109c                _kill
 .text._lseek   0x800110b0       0x2a D:/Programs/HPMPrj/S_Lx_HPM_Porj/TSN_Frame/tools/rv32imac_zicsr_zifencei_multilib_b_ext-win/bin/../lib/gcc/riscv32-unknown-elf/13.2.0/../../../../riscv32-unknown-elf/lib/rv32imac_zicsr_zifencei_zba_zbb_zbc_zbs/ilp32\libgloss_nano.a(sys_lseek.o)
                0x800110b0                _lseek
 *(.rodata)
 *fill*         0x800110da        0x2 
 .rodata        0x800110dc      0x106 CMakeFiles/app.dir/src/Bsp/bsp_gptmr.c.obj
 *fill*         0x800111e2        0x2 
 .rodata        0x800111e4      0x37f CMakeFiles/app.dir/src/Bsp/tswLowLevel.c.obj
 *fill*         0x80011563        0x1 
 .rodata        0x80011564       0xfd CMakeFiles/app.dir/src/main.c.obj
 *fill*         0x80011661        0x3 
 .rodata        0x80011664      0x36b lib/libhpm_sdk_lib.a(board.c.obj)
 *fill*         0x800119cf        0x1 
 .rodata        0x800119d0        0x4 lib/libhpm_sdk_lib.a(hpm_uart_drv.c.obj)
 *fill*         0x800119d4        0x4 
 .rodata        0x800119d8       0x18 lib/libhpm_sdk_lib.a(hpm_pllctlv2_drv.c.obj)
 .rodata        0x800119f0       0x3c D:/Programs/HPMPrj/S_Lx_HPM_Porj/TSN_Frame/tools/rv32imac_zicsr_zifencei_multilib_b_ext-win/bin/../lib/gcc/riscv32-unknown-elf/13.2.0/rv32imac_zicsr_zifencei_zba_zbb_zbc_zbs/ilp32\libgcc.a(divdf3.o)
 .rodata        0x80011a2c       0x3c D:/Programs/HPMPrj/S_Lx_HPM_Porj/TSN_Frame/tools/rv32imac_zicsr_zifencei_multilib_b_ext-win/bin/../lib/gcc/riscv32-unknown-elf/13.2.0/rv32imac_zicsr_zifencei_zba_zbb_zbc_zbs/ilp32\libgcc.a(divsf3.o)